11:58:19 **** Incremental Build of configuration Debug for project rsa_design_example ****
make pre-build main-build 
make[1]: Entering directory `/users/start2016/r0594518/Desktop/Merger/package/rsa-project/src/sdk/rsa_design_example/Debug'
a9-linaro-pre-build-step
 
make[1]: Nothing to be done for `main-build'.
make[1]: Leaving directory `/users/start2016/r0594518/Desktop/Merger/package/rsa-project/src/sdk/rsa_design_example/Debug'
11:58:21 **** Incremental Build of configuration Debug for project rsa_design_example ****
make pre-build main-build 
make[1]: Entering directory `/users/start2016/r0594518/Desktop/Merger/package/rsa-project/src/sdk/rsa_design_example/Debug'
a9-linaro-pre-build-step
 
make[1]: Nothing to be done for `main-build'.
make[1]: Leaving directory `/users/start2016/r0594518/Desktop/Merger/package/rsa-project/src/sdk/rsa_design_example/Debug'
11:58:33 **** Incremental Build of configuration Debug for project rsa_design_example ****
make pre-build main-build 
make[1]: Entering directory `/users/start2016/r0594518/Desktop/Merger/package/rsa-project/src/sdk/rsa_design_example/Debug'
a9-linaro-pre-build-step
 
make[1]: Nothing to be done for `main-build'.
make[1]: Leaving directory `/users/start2016/r0594518/Desktop/Merger/package/rsa-project/src/sdk/rsa_design_example/Debug'
11:58:55 **** Auto Build of configuration Debug for project rsa_design_example ****
make pre-build main-build 
make[1]: Entering directory `/users/start2016/r0594518/Desktop/Merger/package/rsa-project/src/sdk/rsa_design_example/Debug'
a9-linaro-pre-build-step
 
Building file: ../src/main.c
Invoking: ARM v7 gcc compiler
arm-none-eabi-gcc -Wall -O0 -g3 -c -fmessage-length=0 -MT"src/main.o" -mcpu=cortex-a9 -mfpu=vfpv3 -mfloat-abi=hard -I../../rsa_design_example_bsp/ps7_cortexa9_0/include -MMD -MP -MF"src/main.d" -MT"src/main.o" -o "src/main.o" "../src/main.c"
../src/main.c: In function 'main':
../src/main.c:108:5: warning: format '%u' expects argument of type 'unsigned int', but argument 2 has type 'uint32_t' [-Wformat=]
     STOP_TIMING
     ^
../src/main.c:108:5: warning: format '%u' expects argument of type 'unsigned int', but argument 2 has type 'uint32_t' [-Wformat=]
../src/main.c:120:15: warning: unused variable 'src' [-Wunused-variable]
  unsigned int src[DMA_TRANSFER_NUMBER_OF_WORDS]={
               ^
Finished building: ../src/main.c
 
Building target: rsa_design_example.elf
Invoking: ARM v7 gcc linker
arm-none-eabi-gcc -mcpu=cortex-a9 -mfpu=vfpv3 -mfloat-abi=hard -Wl,-build-id=none -specs=Xilinx.spec -Wl,-T -Wl,../src/lscript.ld -L../../rsa_design_example_bsp/ps7_cortexa9_0/lib -o "rsa_design_example.elf"  ./src/platform/platform.o  ./src/asm_add.o ./src/asm_func.o ./src/hw.o ./src/inner_loop.o ./src/inner_loop2.o ./src/inner_loop3.o ./src/interface.o ./src/main.o ./src/montgomery2.o ./src/montgomeryASM.o ./src/sw.o ./src/testvector.o   -Wl,--start-group,-lxil,-lgcc,-lc,--end-group
Finished building target: rsa_design_example.elf
 
Invoking: ARM v7 Print Size
arm-none-eabi-size rsa_design_example.elf  |tee "rsa_design_example.elf.size"
   text	   data	    bss	    dec	    hex	filename
  94912	   4904	  23484	 123300	  1e1a4	rsa_design_example.elf
Finished building: rsa_design_example.elf.size
 
make[1]: Leaving directory `/users/start2016/r0594518/Desktop/Merger/package/rsa-project/src/sdk/rsa_design_example/Debug'
11:59:04 **** Incremental Build of configuration Debug for project rsa_design_example ****
make pre-build main-build 
make[1]: Entering directory `/users/start2016/r0594518/Desktop/Merger/package/rsa-project/src/sdk/rsa_design_example/Debug'
a9-linaro-pre-build-step
 
make[1]: Nothing to be done for `main-build'.
make[1]: Leaving directory `/users/start2016/r0594518/Desktop/Merger/package/rsa-project/src/sdk/rsa_design_example/Debug'
11:59:15 **** Auto Build of configuration Debug for project rsa_design_example ****
make pre-build main-build 
make[1]: Entering directory `/users/start2016/r0594518/Desktop/Merger/package/rsa-project/src/sdk/rsa_design_example/Debug'
a9-linaro-pre-build-step
 
Building file: ../src/main.c
Invoking: ARM v7 gcc compiler
arm-none-eabi-gcc -Wall -O0 -g3 -c -fmessage-length=0 -MT"src/main.o" -mcpu=cortex-a9 -mfpu=vfpv3 -mfloat-abi=hard -I../../rsa_design_example_bsp/ps7_cortexa9_0/include -MMD -MP -MF"src/main.d" -MT"src/main.o" -o "src/main.o" "../src/main.c"
../src/main.c: In function 'main':
../src/main.c:108:5: warning: format '%u' expects argument of type 'unsigned int', but argument 2 has type 'uint32_t' [-Wformat=]
     STOP_TIMING
     ^
../src/main.c:108:5: warning: format '%u' expects argument of type 'unsigned int', but argument 2 has type 'uint32_t' [-Wformat=]
../src/main.c:120:15: warning: unused variable 'src' [-Wunused-variable]
  unsigned int src[DMA_TRANSFER_NUMBER_OF_WORDS]={
               ^
Finished building: ../src/main.c
 
Building target: rsa_design_example.elf
Invoking: ARM v7 gcc linker
arm-none-eabi-gcc -mcpu=cortex-a9 -mfpu=vfpv3 -mfloat-abi=hard -Wl,-build-id=none -specs=Xilinx.spec -Wl,-T -Wl,../src/lscript.ld -L../../rsa_design_example_bsp/ps7_cortexa9_0/lib -o "rsa_design_example.elf"  ./src/platform/platform.o  ./src/asm_add.o ./src/asm_func.o ./src/hw.o ./src/inner_loop.o ./src/inner_loop2.o ./src/inner_loop3.o ./src/interface.o ./src/main.o ./src/montgomery2.o ./src/montgomeryASM.o ./src/sw.o ./src/testvector.o   -Wl,--start-group,-lxil,-lgcc,-lc,--end-group
Finished building target: rsa_design_example.elf
 
Invoking: ARM v7 Print Size
arm-none-eabi-size rsa_design_example.elf  |tee "rsa_design_example.elf.size"
   text	   data	    bss	    dec	    hex	filename
  94912	   4904	  23484	 123300	  1e1a4	rsa_design_example.elf
Finished building: rsa_design_example.elf.size
 
make[1]: Leaving directory `/users/start2016/r0594518/Desktop/Merger/package/rsa-project/src/sdk/rsa_design_example/Debug'
11:59:17 **** Incremental Build of configuration Debug for project rsa_design_example ****
make pre-build main-build 
make[1]: Entering directory `/users/start2016/r0594518/Desktop/Merger/package/rsa-project/src/sdk/rsa_design_example/Debug'
a9-linaro-pre-build-step
 
make[1]: Nothing to be done for `main-build'.
make[1]: Leaving directory `/users/start2016/r0594518/Desktop/Merger/package/rsa-project/src/sdk/rsa_design_example/Debug'
11:59:55 **** Auto Build of configuration Debug for project rsa_design_example ****
make pre-build main-build 
make[1]: Entering directory `/users/start2016/r0594518/Desktop/Merger/package/rsa-project/src/sdk/rsa_design_example/Debug'
a9-linaro-pre-build-step
 
Building file: ../src/main.c
Invoking: ARM v7 gcc compiler
arm-none-eabi-gcc -Wall -O0 -g3 -c -fmessage-length=0 -MT"src/main.o" -mcpu=cortex-a9 -mfpu=vfpv3 -mfloat-abi=hard -I../../rsa_design_example_bsp/ps7_cortexa9_0/include -MMD -MP -MF"src/main.d" -MT"src/main.o" -o "src/main.o" "../src/main.c"
../src/main.c: In function 'main':
../src/main.c:108:5: warning: format '%u' expects argument of type 'unsigned int', but argument 2 has type 'uint32_t' [-Wformat=]
     STOP_TIMING
     ^
../src/main.c:108:5: warning: format '%u' expects argument of type 'unsigned int', but argument 2 has type 'uint32_t' [-Wformat=]
../src/main.c:120:15: warning: unused variable 'src' [-Wunused-variable]
  unsigned int src[DMA_TRANSFER_NUMBER_OF_WORDS]={
               ^
Finished building: ../src/main.c
 
Building target: rsa_design_example.elf
Invoking: ARM v7 gcc linker
arm-none-eabi-gcc -mcpu=cortex-a9 -mfpu=vfpv3 -mfloat-abi=hard -Wl,-build-id=none -specs=Xilinx.spec -Wl,-T -Wl,../src/lscript.ld -L../../rsa_design_example_bsp/ps7_cortexa9_0/lib -o "rsa_design_example.elf"  ./src/platform/platform.o  ./src/asm_add.o ./src/asm_func.o ./src/hw.o ./src/inner_loop.o ./src/inner_loop2.o ./src/inner_loop3.o ./src/interface.o ./src/main.o ./src/montgomery2.o ./src/montgomeryASM.o ./src/sw.o ./src/testvector.o   -Wl,--start-group,-lxil,-lgcc,-lc,--end-group
Finished building target: rsa_design_example.elf
 
Invoking: ARM v7 Print Size
arm-none-eabi-size rsa_design_example.elf  |tee "rsa_design_example.elf.size"
   text	   data	    bss	    dec	    hex	filename
  94912	   4904	  23484	 123300	  1e1a4	rsa_design_example.elf
Finished building: rsa_design_example.elf.size
 
make[1]: Leaving directory `/users/start2016/r0594518/Desktop/Merger/package/rsa-project/src/sdk/rsa_design_example/Debug'
11:59:56 **** Incremental Build of configuration Debug for project rsa_design_example ****
make pre-build main-build 
make[1]: Entering directory `/users/start2016/r0594518/Desktop/Merger/package/rsa-project/src/sdk/rsa_design_example/Debug'
a9-linaro-pre-build-step
 
make[1]: Nothing to be done for `main-build'.
make[1]: Leaving directory `/users/start2016/r0594518/Desktop/Merger/package/rsa-project/src/sdk/rsa_design_example/Debug'
12:00:06 **** Auto Build of configuration Debug for project rsa_design_example ****
make pre-build main-build 
make[1]: Entering directory `/users/start2016/r0594518/Desktop/Merger/package/rsa-project/src/sdk/rsa_design_example/Debug'
a9-linaro-pre-build-step
 
Building file: ../src/main.c
Invoking: ARM v7 gcc compiler
arm-none-eabi-gcc -Wall -O0 -g3 -c -fmessage-length=0 -MT"src/main.o" -mcpu=cortex-a9 -mfpu=vfpv3 -mfloat-abi=hard -I../../rsa_design_example_bsp/ps7_cortexa9_0/include -MMD -MP -MF"src/main.d" -MT"src/main.o" -o "src/main.o" "../src/main.c"
../src/main.c: In function 'main':
../src/main.c:108:5: warning: format '%u' expects argument of type 'unsigned int', but argument 2 has type 'uint32_t' [-Wformat=]
     STOP_TIMING
     ^
../src/main.c:108:5: warning: format '%u' expects argument of type 'unsigned int', but argument 2 has type 'uint32_t' [-Wformat=]
../src/main.c:120:15: warning: unused variable 'src' [-Wunused-variable]
  unsigned int src[DMA_TRANSFER_NUMBER_OF_WORDS]={
               ^
Finished building: ../src/main.c
 
Building target: rsa_design_example.elf
Invoking: ARM v7 gcc linker
arm-none-eabi-gcc -mcpu=cortex-a9 -mfpu=vfpv3 -mfloat-abi=hard -Wl,-build-id=none -specs=Xilinx.spec -Wl,-T -Wl,../src/lscript.ld -L../../rsa_design_example_bsp/ps7_cortexa9_0/lib -o "rsa_design_example.elf"  ./src/platform/platform.o  ./src/asm_add.o ./src/asm_func.o ./src/hw.o ./src/inner_loop.o ./src/inner_loop2.o ./src/inner_loop3.o ./src/interface.o ./src/main.o ./src/montgomery2.o ./src/montgomeryASM.o ./src/sw.o ./src/testvector.o   -Wl,--start-group,-lxil,-lgcc,-lc,--end-group
Finished building target: rsa_design_example.elf
 
Invoking: ARM v7 Print Size
arm-none-eabi-size rsa_design_example.elf  |tee "rsa_design_example.elf.size"
   text	   data	    bss	    dec	    hex	filename
  94912	   4904	  23484	 123300	  1e1a4	rsa_design_example.elf
Finished building: rsa_design_example.elf.size
 
make[1]: Leaving directory `/users/start2016/r0594518/Desktop/Merger/package/rsa-project/src/sdk/rsa_design_example/Debug'
12:00:08 **** Incremental Build of configuration Debug for project rsa_design_example ****
make pre-build main-build 
make[1]: Entering directory `/users/start2016/r0594518/Desktop/Merger/package/rsa-project/src/sdk/rsa_design_example/Debug'
a9-linaro-pre-build-step
 
make[1]: Nothing to be done for `main-build'.
make[1]: Leaving directory `/users/start2016/r0594518/Desktop/Merger/package/rsa-project/src/sdk/rsa_design_example/Debug'
12:16:39 **** Incremental Build of configuration Debug for project rsa_design_example ****
make pre-build main-build 
make[1]: Entering directory `/users/start2016/r0594518/Desktop/Merger/package/rsa-project/src/sdk/rsa_design_example/Debug'
a9-linaro-pre-build-step
 
make[1]: Nothing to be done for `main-build'.
make[1]: Leaving directory `/users/start2016/r0594518/Desktop/Merger/package/rsa-project/src/sdk/rsa_design_example/Debug'
12:16:55 **** Incremental Build of configuration Debug for project rsa_design_example ****
make pre-build main-build 
make[1]: Entering directory `/users/start2016/r0594518/Desktop/Merger/package/rsa-project/src/sdk/rsa_design_example/Debug'
a9-linaro-pre-build-step
 
make[1]: Nothing to be done for `main-build'.
make[1]: Leaving directory `/users/start2016/r0594518/Desktop/Merger/package/rsa-project/src/sdk/rsa_design_example/Debug'
12:17:00 **** Incremental Build of configuration Debug for project rsa_design_example ****
make pre-build main-build 
make[1]: Entering directory `/users/start2016/r0594518/Desktop/Merger/package/rsa-project/src/sdk/rsa_design_example/Debug'
a9-linaro-pre-build-step
 
make[1]: Nothing to be done for `main-build'.
make[1]: Leaving directory `/users/start2016/r0594518/Desktop/Merger/package/rsa-project/src/sdk/rsa_design_example/Debug'
12:17:07 **** Incremental Build of configuration Debug for project rsa_design_example ****
make pre-build main-build 
make[1]: Entering directory `/users/start2016/r0594518/Desktop/Merger/package/rsa-project/src/sdk/rsa_design_example/Debug'
a9-linaro-pre-build-step
 
make[1]: Nothing to be done for `main-build'.
make[1]: Leaving directory `/users/start2016/r0594518/Desktop/Merger/package/rsa-project/src/sdk/rsa_design_example/Debug'
12:43:38 **** Auto Build of configuration Debug for project rsa_design_example ****
make pre-build main-build 
make[1]: Entering directory `/users/start2016/r0594518/Desktop/Merger/package/rsa-project/src/sdk/rsa_design_example/Debug'
a9-linaro-pre-build-step
 
Building file: ../src/testvector.c
Invoking: ARM v7 gcc compiler
arm-none-eabi-gcc -Wall -O0 -g3 -c -fmessage-length=0 -MT"src/testvector.o" -mcpu=cortex-a9 -mfpu=vfpv3 -mfloat-abi=hard -I../../rsa_design_example_bsp/ps7_cortexa9_0/include -MMD -MP -MF"src/testvector.d" -MT"src/testvector.o" -o "src/testvector.o" "../src/testvector.c"
Finished building: ../src/testvector.c
 
Building target: rsa_design_example.elf
Invoking: ARM v7 gcc linker
arm-none-eabi-gcc -mcpu=cortex-a9 -mfpu=vfpv3 -mfloat-abi=hard -Wl,-build-id=none -specs=Xilinx.spec -Wl,-T -Wl,../src/lscript.ld -L../../rsa_design_example_bsp/ps7_cortexa9_0/lib -o "rsa_design_example.elf"  ./src/platform/platform.o  ./src/asm_add.o ./src/asm_func.o ./src/hw.o ./src/inner_loop.o ./src/inner_loop2.o ./src/inner_loop3.o ./src/interface.o ./src/main.o ./src/montgomery2.o ./src/montgomeryASM.o ./src/sw.o ./src/testvector.o   -Wl,--start-group,-lxil,-lgcc,-lc,--end-group
Finished building target: rsa_design_example.elf
 
Invoking: ARM v7 Print Size
arm-none-eabi-size rsa_design_example.elf  |tee "rsa_design_example.elf.size"
   text	   data	    bss	    dec	    hex	filename
  94912	   4904	  23484	 123300	  1e1a4	rsa_design_example.elf
Finished building: rsa_design_example.elf.size
 
make[1]: Leaving directory `/users/start2016/r0594518/Desktop/Merger/package/rsa-project/src/sdk/rsa_design_example/Debug'
12:44:02 **** Auto Build of configuration Debug for project rsa_design_example ****
make pre-build main-build 
make[1]: Entering directory `/users/start2016/r0594518/Desktop/Merger/package/rsa-project/src/sdk/rsa_design_example/Debug'
a9-linaro-pre-build-step
 
Building file: ../src/main.c
Invoking: ARM v7 gcc compiler
arm-none-eabi-gcc -Wall -O0 -g3 -c -fmessage-length=0 -MT"src/main.o" -mcpu=cortex-a9 -mfpu=vfpv3 -mfloat-abi=hard -I../../rsa_design_example_bsp/ps7_cortexa9_0/include -MMD -MP -MF"src/main.d" -MT"src/main.o" -o "src/main.o" "../src/main.c"
../src/main.c: In function 'main':
../src/main.c:108:5: warning: format '%u' expects argument of type 'unsigned int', but argument 2 has type 'uint32_t' [-Wformat=]
     STOP_TIMING
     ^
../src/main.c:108:5: warning: format '%u' expects argument of type 'unsigned int', but argument 2 has type 'uint32_t' [-Wformat=]
../src/main.c:120:15: warning: unused variable 'src' [-Wunused-variable]
  unsigned int src[DMA_TRANSFER_NUMBER_OF_WORDS]={
               ^
Finished building: ../src/main.c
 
Building target: rsa_design_example.elf
Invoking: ARM v7 gcc linker
arm-none-eabi-gcc -mcpu=cortex-a9 -mfpu=vfpv3 -mfloat-abi=hard -Wl,-build-id=none -specs=Xilinx.spec -Wl,-T -Wl,../src/lscript.ld -L../../rsa_design_example_bsp/ps7_cortexa9_0/lib -o "rsa_design_example.elf"  ./src/platform/platform.o  ./src/asm_add.o ./src/asm_func.o ./src/hw.o ./src/inner_loop.o ./src/inner_loop2.o ./src/inner_loop3.o ./src/interface.o ./src/main.o ./src/montgomery2.o ./src/montgomeryASM.o ./src/sw.o ./src/testvector.o   -Wl,--start-group,-lxil,-lgcc,-lc,--end-group
Finished building target: rsa_design_example.elf
 
Invoking: ARM v7 Print Size
arm-none-eabi-size rsa_design_example.elf  |tee "rsa_design_example.elf.size"
   text	   data	    bss	    dec	    hex	filename
  94912	   4904	  23484	 123300	  1e1a4	rsa_design_example.elf
Finished building: rsa_design_example.elf.size
 
make[1]: Leaving directory `/users/start2016/r0594518/Desktop/Merger/package/rsa-project/src/sdk/rsa_design_example/Debug'
12:44:03 **** Incremental Build of configuration Debug for project rsa_design_example ****
make pre-build main-build 
make[1]: Entering directory `/users/start2016/r0594518/Desktop/Merger/package/rsa-project/src/sdk/rsa_design_example/Debug'
a9-linaro-pre-build-step
 
make[1]: Nothing to be done for `main-build'.
make[1]: Leaving directory `/users/start2016/r0594518/Desktop/Merger/package/rsa-project/src/sdk/rsa_design_example/Debug'
12:44:50 **** Auto Build of configuration Debug for project rsa_design_example ****
make pre-build main-build 
make[1]: Entering directory `/users/start2016/r0594518/Desktop/Merger/package/rsa-project/src/sdk/rsa_design_example/Debug'
a9-linaro-pre-build-step
 
Building file: ../src/testvector.c
Invoking: ARM v7 gcc compiler
arm-none-eabi-gcc -Wall -O0 -g3 -c -fmessage-length=0 -MT"src/testvector.o" -mcpu=cortex-a9 -mfpu=vfpv3 -mfloat-abi=hard -I../../rsa_design_example_bsp/ps7_cortexa9_0/include -MMD -MP -MF"src/testvector.d" -MT"src/testvector.o" -o "src/testvector.o" "../src/testvector.c"
Finished building: ../src/testvector.c
 
Building target: rsa_design_example.elf
Invoking: ARM v7 gcc linker
arm-none-eabi-gcc -mcpu=cortex-a9 -mfpu=vfpv3 -mfloat-abi=hard -Wl,-build-id=none -specs=Xilinx.spec -Wl,-T -Wl,../src/lscript.ld -L../../rsa_design_example_bsp/ps7_cortexa9_0/lib -o "rsa_design_example.elf"  ./src/platform/platform.o  ./src/asm_add.o ./src/asm_func.o ./src/hw.o ./src/inner_loop.o ./src/inner_loop2.o ./src/inner_loop3.o ./src/interface.o ./src/main.o ./src/montgomery2.o ./src/montgomeryASM.o ./src/sw.o ./src/testvector.o   -Wl,--start-group,-lxil,-lgcc,-lc,--end-group
Finished building target: rsa_design_example.elf
 
Invoking: ARM v7 Print Size
arm-none-eabi-size rsa_design_example.elf  |tee "rsa_design_example.elf.size"
   text	   data	    bss	    dec	    hex	filename
  94912	   4904	  23484	 123300	  1e1a4	rsa_design_example.elf
Finished building: rsa_design_example.elf.size
 
make[1]: Leaving directory `/users/start2016/r0594518/Desktop/Merger/package/rsa-project/src/sdk/rsa_design_example/Debug'
12:44:54 **** Incremental Build of configuration Debug for project rsa_design_example ****
make pre-build main-build 
make[1]: Entering directory `/users/start2016/r0594518/Desktop/Merger/package/rsa-project/src/sdk/rsa_design_example/Debug'
a9-linaro-pre-build-step
 
make[1]: Nothing to be done for `main-build'.
make[1]: Leaving directory `/users/start2016/r0594518/Desktop/Merger/package/rsa-project/src/sdk/rsa_design_example/Debug'
12:45:22 **** Auto Build of configuration Debug for project rsa_design_example ****
make pre-build main-build 
make[1]: Entering directory `/users/start2016/r0594518/Desktop/Merger/package/rsa-project/src/sdk/rsa_design_example/Debug'
a9-linaro-pre-build-step
 
Building file: ../src/testvector.c
Invoking: ARM v7 gcc compiler
arm-none-eabi-gcc -Wall -O0 -g3 -c -fmessage-length=0 -MT"src/testvector.o" -mcpu=cortex-a9 -mfpu=vfpv3 -mfloat-abi=hard -I../../rsa_design_example_bsp/ps7_cortexa9_0/include -MMD -MP -MF"src/testvector.d" -MT"src/testvector.o" -o "src/testvector.o" "../src/testvector.c"
Finished building: ../src/testvector.c
 
Building target: rsa_design_example.elf
Invoking: ARM v7 gcc linker
arm-none-eabi-gcc -mcpu=cortex-a9 -mfpu=vfpv3 -mfloat-abi=hard -Wl,-build-id=none -specs=Xilinx.spec -Wl,-T -Wl,../src/lscript.ld -L../../rsa_design_example_bsp/ps7_cortexa9_0/lib -o "rsa_design_example.elf"  ./src/platform/platform.o  ./src/asm_add.o ./src/asm_func.o ./src/hw.o ./src/inner_loop.o ./src/inner_loop2.o ./src/inner_loop3.o ./src/interface.o ./src/main.o ./src/montgomery2.o ./src/montgomeryASM.o ./src/sw.o ./src/testvector.o   -Wl,--start-group,-lxil,-lgcc,-lc,--end-group
Finished building target: rsa_design_example.elf
 
Invoking: ARM v7 Print Size
arm-none-eabi-size rsa_design_example.elf  |tee "rsa_design_example.elf.size"
   text	   data	    bss	    dec	    hex	filename
  94912	   4904	  23484	 123300	  1e1a4	rsa_design_example.elf
Finished building: rsa_design_example.elf.size
 
make[1]: Leaving directory `/users/start2016/r0594518/Desktop/Merger/package/rsa-project/src/sdk/rsa_design_example/Debug'
12:45:25 **** Incremental Build of configuration Debug for project rsa_design_example ****
make pre-build main-build 
make[1]: Entering directory `/users/start2016/r0594518/Desktop/Merger/package/rsa-project/src/sdk/rsa_design_example/Debug'
a9-linaro-pre-build-step
 
make[1]: Nothing to be done for `main-build'.
make[1]: Leaving directory `/users/start2016/r0594518/Desktop/Merger/package/rsa-project/src/sdk/rsa_design_example/Debug'
12:46:01 **** Auto Build of configuration Debug for project rsa_design_example ****
make pre-build main-build 
make[1]: Entering directory `/users/start2016/r0594518/Desktop/Merger/package/rsa-project/src/sdk/rsa_design_example/Debug'
a9-linaro-pre-build-step
 
Building file: ../src/testvector.c
Invoking: ARM v7 gcc compiler
arm-none-eabi-gcc -Wall -O0 -g3 -c -fmessage-length=0 -MT"src/testvector.o" -mcpu=cortex-a9 -mfpu=vfpv3 -mfloat-abi=hard -I../../rsa_design_example_bsp/ps7_cortexa9_0/include -MMD -MP -MF"src/testvector.d" -MT"src/testvector.o" -o "src/testvector.o" "../src/testvector.c"
Finished building: ../src/testvector.c
 
Building target: rsa_design_example.elf
Invoking: ARM v7 gcc linker
arm-none-eabi-gcc -mcpu=cortex-a9 -mfpu=vfpv3 -mfloat-abi=hard -Wl,-build-id=none -specs=Xilinx.spec -Wl,-T -Wl,../src/lscript.ld -L../../rsa_design_example_bsp/ps7_cortexa9_0/lib -o "rsa_design_example.elf"  ./src/platform/platform.o  ./src/asm_add.o ./src/asm_func.o ./src/hw.o ./src/inner_loop.o ./src/inner_loop2.o ./src/inner_loop3.o ./src/interface.o ./src/main.o ./src/montgomery2.o ./src/montgomeryASM.o ./src/sw.o ./src/testvector.o   -Wl,--start-group,-lxil,-lgcc,-lc,--end-group
Finished building target: rsa_design_example.elf
 
Invoking: ARM v7 Print Size
arm-none-eabi-size rsa_design_example.elf  |tee "rsa_design_example.elf.size"
   text	   data	    bss	    dec	    hex	filename
  94912	   4904	  23484	 123300	  1e1a4	rsa_design_example.elf
Finished building: rsa_design_example.elf.size
 
make[1]: Leaving directory `/users/start2016/r0594518/Desktop/Merger/package/rsa-project/src/sdk/rsa_design_example/Debug'
12:46:03 **** Incremental Build of configuration Debug for project rsa_design_example ****
make pre-build main-build 
make[1]: Entering directory `/users/start2016/r0594518/Desktop/Merger/package/rsa-project/src/sdk/rsa_design_example/Debug'
a9-linaro-pre-build-step
 
make[1]: Nothing to be done for `main-build'.
make[1]: Leaving directory `/users/start2016/r0594518/Desktop/Merger/package/rsa-project/src/sdk/rsa_design_example/Debug'
13:29:46 **** Clean-only build of configuration Debug for project rsa_design_example ****
make clean 
make[1]: Entering directory `/users/start2016/r0594518/Desktop/Merger/package/rsa-project/src/sdk/rsa_design_example/Debug'
rm -rf  ./src/platform/platform.o  ./src/asm_add.o ./src/asm_func.o ./src/hw.o ./src/inner_loop.o ./src/inner_loop2.o ./src/inner_loop3.o ./src/interface.o ./src/main.o ./src/montgomery2.o ./src/montgomeryASM.o ./src/sw.o ./src/testvector.o  ./src/asm_add.d ./src/asm_func.d ./src/inner_loop.d ./src/inner_loop2.d ./src/inner_loop3.d  ./src/platform/platform.d  ./src/hw.d ./src/interface.d ./src/main.d ./src/montgomery2.d ./src/montgomeryASM.d ./src/sw.d ./src/testvector.d  rsa_design_example.elf.size  rsa_design_example.elf
 
make[1]: Leaving directory `/users/start2016/r0594518/Desktop/Merger/package/rsa-project/src/sdk/rsa_design_example/Debug'
13:29:46 **** Clean-only build of project rsa_design_example_bsp ****
make -k clean 
make[1]: Entering directory `/users/start2016/r0594518/Desktop/Merger/package/rsa-project/src/sdk/rsa_design_example_bsp'
rm -f ps7_cortexa9_0/lib/libxil.a
make[1]: Leaving directory `/users/start2016/r0594518/Desktop/Merger/package/rsa-project/src/sdk/rsa_design_example_bsp'
13:29:47 **** Build of project rsa_design_example_bsp ****
make -k all 
make[1]: Entering directory `/users/start2016/r0594518/Desktop/Merger/package/rsa-project/src/sdk/rsa_design_example_bsp'
Running Make include in ps7_cortexa9_0/libsrc/qspips_v3_3/src
make -C ps7_cortexa9_0/libsrc/qspips_v3_3/src -s include  "SHELL=/bin/sh" "COMPILER=arm-none-eabi-gcc" "ARCHIVER=arm-none-eabi-ar" "COMPILER_FLAGS=  -O2 -c" "EXTRA_COMPILER_FLAGS=-mcpu=cortex-a9 -mfpu=vfpv3 -mfloat-abi=hard -nostartfiles"
make[2]: Entering directory `/users/start2016/r0594518/Desktop/Merger/package/rsa-project/src/sdk/rsa_design_example_bsp/ps7_cortexa9_0/libsrc/qspips_v3_3/src'
make[2]: Leaving directory `/users/start2016/r0594518/Desktop/Merger/package/rsa-project/src/sdk/rsa_design_example_bsp/ps7_cortexa9_0/libsrc/qspips_v3_3/src'
Running Make include in ps7_cortexa9_0/libsrc/ddrps_v1_0/src
make -C ps7_cortexa9_0/libsrc/ddrps_v1_0/src -s include  "SHELL=/bin/sh" "COMPILER=arm-none-eabi-gcc" "ARCHIVER=arm-none-eabi-ar" "COMPILER_FLAGS=  -O2 -c" "EXTRA_COMPILER_FLAGS=-mcpu=cortex-a9 -mfpu=vfpv3 -mfloat-abi=hard -nostartfiles"
make[2]: Entering directory `/users/start2016/r0594518/Desktop/Merger/package/rsa-project/src/sdk/rsa_design_example_bsp/ps7_cortexa9_0/libsrc/ddrps_v1_0/src'
make[2]: Leaving directory `/users/start2016/r0594518/Desktop/Merger/package/rsa-project/src/sdk/rsa_design_example_bsp/ps7_cortexa9_0/libsrc/ddrps_v1_0/src'
Running Make include in ps7_cortexa9_0/libsrc/cpu_cortexa9_v2_2/src
make -C ps7_cortexa9_0/libsrc/cpu_cortexa9_v2_2/src -s include  "SHELL=/bin/sh" "COMPILER=arm-none-eabi-gcc" "ARCHIVER=arm-none-eabi-ar" "COMPILER_FLAGS=  -O2 -c" "EXTRA_COMPILER_FLAGS=-mcpu=cortex-a9 -mfpu=vfpv3 -mfloat-abi=hard -nostartfiles"
make[2]: Entering directory `/users/start2016/r0594518/Desktop/Merger/package/rsa-project/src/sdk/rsa_design_example_bsp/ps7_cortexa9_0/libsrc/cpu_cortexa9_v2_2/src'
make[2]: Leaving directory `/users/start2016/r0594518/Desktop/Merger/package/rsa-project/src/sdk/rsa_design_example_bsp/ps7_cortexa9_0/libsrc/cpu_cortexa9_v2_2/src'
Running Make include in ps7_cortexa9_0/libsrc/sdps_v2_8/src
make -C ps7_cortexa9_0/libsrc/sdps_v2_8/src -s include  "SHELL=/bin/sh" "COMPILER=arm-none-eabi-gcc" "ARCHIVER=arm-none-eabi-ar" "COMPILER_FLAGS=  -O2 -c" "EXTRA_COMPILER_FLAGS=-mcpu=cortex-a9 -mfpu=vfpv3 -mfloat-abi=hard -nostartfiles"
make[2]: Entering directory `/users/start2016/r0594518/Desktop/Merger/package/rsa-project/src/sdk/rsa_design_example_bsp/ps7_cortexa9_0/libsrc/sdps_v2_8/src'
make[2]: Leaving directory `/users/start2016/r0594518/Desktop/Merger/package/rsa-project/src/sdk/rsa_design_example_bsp/ps7_cortexa9_0/libsrc/sdps_v2_8/src'
Running Make include in ps7_cortexa9_0/libsrc/emacps_v3_2/src
make -C ps7_cortexa9_0/libsrc/emacps_v3_2/src -s include  "SHELL=/bin/sh" "COMPILER=arm-none-eabi-gcc" "ARCHIVER=arm-none-eabi-ar" "COMPILER_FLAGS=  -O2 -c" "EXTRA_COMPILER_FLAGS=-mcpu=cortex-a9 -mfpu=vfpv3 -mfloat-abi=hard -nostartfiles"
make[2]: Entering directory `/users/start2016/r0594518/Desktop/Merger/package/rsa-project/src/sdk/rsa_design_example_bsp/ps7_cortexa9_0/libsrc/emacps_v3_2/src'
make[2]: Leaving directory `/users/start2016/r0594518/Desktop/Merger/package/rsa-project/src/sdk/rsa_design_example_bsp/ps7_cortexa9_0/libsrc/emacps_v3_2/src'
Running Make include in ps7_cortexa9_0/libsrc/uartps_v3_1/src
make -C ps7_cortexa9_0/libsrc/uartps_v3_1/src -s include  "SHELL=/bin/sh" "COMPILER=arm-none-eabi-gcc" "ARCHIVER=arm-none-eabi-ar" "COMPILER_FLAGS=  -O2 -c" "EXTRA_COMPILER_FLAGS=-mcpu=cortex-a9 -mfpu=vfpv3 -mfloat-abi=hard -nostartfiles"
make[2]: Entering directory `/users/start2016/r0594518/Desktop/Merger/package/rsa-project/src/sdk/rsa_design_example_bsp/ps7_cortexa9_0/libsrc/uartps_v3_1/src'
make[2]: Leaving directory `/users/start2016/r0594518/Desktop/Merger/package/rsa-project/src/sdk/rsa_design_example_bsp/ps7_cortexa9_0/libsrc/uartps_v3_1/src'
Running Make include in ps7_cortexa9_0/libsrc/scugic_v3_3/src
make -C ps7_cortexa9_0/libsrc/scugic_v3_3/src -s include  "SHELL=/bin/sh" "COMPILER=arm-none-eabi-gcc" "ARCHIVER=arm-none-eabi-ar" "COMPILER_FLAGS=  -O2 -c" "EXTRA_COMPILER_FLAGS=-mcpu=cortex-a9 -mfpu=vfpv3 -mfloat-abi=hard -nostartfiles"
make[2]: Entering directory `/users/start2016/r0594518/Desktop/Merger/package/rsa-project/src/sdk/rsa_design_example_bsp/ps7_cortexa9_0/libsrc/scugic_v3_3/src'
make[2]: Leaving directory `/users/start2016/r0594518/Desktop/Merger/package/rsa-project/src/sdk/rsa_design_example_bsp/ps7_cortexa9_0/libsrc/scugic_v3_3/src'
Running Make include in ps7_cortexa9_0/libsrc/axidma_v9_2/src
make -C ps7_cortexa9_0/libsrc/axidma_v9_2/src -s include  "SHELL=/bin/sh" "COMPILER=arm-none-eabi-gcc" "ARCHIVER=arm-none-eabi-ar" "COMPILER_FLAGS=  -O2 -c" "EXTRA_COMPILER_FLAGS=-mcpu=cortex-a9 -mfpu=vfpv3 -mfloat-abi=hard -nostartfiles"
make[2]: Entering directory `/users/start2016/r0594518/Desktop/Merger/package/rsa-project/src/sdk/rsa_design_example_bsp/ps7_cortexa9_0/libsrc/axidma_v9_2/src'
make[2]: Leaving directory `/users/start2016/r0594518/Desktop/Merger/package/rsa-project/src/sdk/rsa_design_example_bsp/ps7_cortexa9_0/libsrc/axidma_v9_2/src'
Running Make include in ps7_cortexa9_0/libsrc/my_montgomery_v1_0/src
make -C ps7_cortexa9_0/libsrc/my_montgomery_v1_0/src -s include  "SHELL=/bin/sh" "COMPILER=arm-none-eabi-gcc" "ARCHIVER=arm-none-eabi-ar" "COMPILER_FLAGS=  -O2 -c" "EXTRA_COMPILER_FLAGS=-mcpu=cortex-a9 -mfpu=vfpv3 -mfloat-abi=hard -nostartfiles"
make[2]: Entering directory `/users/start2016/r0594518/Desktop/Merger/package/rsa-project/src/sdk/rsa_design_example_bsp/ps7_cortexa9_0/libsrc/my_montgomery_v1_0/src'
make[2]: Leaving directory `/users/start2016/r0594518/Desktop/Merger/package/rsa-project/src/sdk/rsa_design_example_bsp/ps7_cortexa9_0/libsrc/my_montgomery_v1_0/src'
Running Make include in ps7_cortexa9_0/libsrc/xadcps_v2_2/src
make -C ps7_cortexa9_0/libsrc/xadcps_v2_2/src -s include  "SHELL=/bin/sh" "COMPILER=arm-none-eabi-gcc" "ARCHIVER=arm-none-eabi-ar" "COMPILER_FLAGS=  -O2 -c" "EXTRA_COMPILER_FLAGS=-mcpu=cortex-a9 -mfpu=vfpv3 -mfloat-abi=hard -nostartfiles"
make[2]: Entering directory `/users/start2016/r0594518/Desktop/Merger/package/rsa-project/src/sdk/rsa_design_example_bsp/ps7_cortexa9_0/libsrc/xadcps_v2_2/src'
make[2]: Leaving directory `/users/start2016/r0594518/Desktop/Merger/package/rsa-project/src/sdk/rsa_design_example_bsp/ps7_cortexa9_0/libsrc/xadcps_v2_2/src'
Running Make include in ps7_cortexa9_0/libsrc/devcfg_v3_4/src
make -C ps7_cortexa9_0/libsrc/devcfg_v3_4/src -s include  "SHELL=/bin/sh" "COMPILER=arm-none-eabi-gcc" "ARCHIVER=arm-none-eabi-ar" "COMPILER_FLAGS=  -O2 -c" "EXTRA_COMPILER_FLAGS=-mcpu=cortex-a9 -mfpu=vfpv3 -mfloat-abi=hard -nostartfiles"
make[2]: Entering directory `/users/start2016/r0594518/Desktop/Merger/package/rsa-project/src/sdk/rsa_design_example_bsp/ps7_cortexa9_0/libsrc/devcfg_v3_4/src'
make[2]: Leaving directory `/users/start2016/r0594518/Desktop/Merger/package/rsa-project/src/sdk/rsa_design_example_bsp/ps7_cortexa9_0/libsrc/devcfg_v3_4/src'
Running Make include in ps7_cortexa9_0/libsrc/dmaps_v2_1/src
make -C ps7_cortexa9_0/libsrc/dmaps_v2_1/src -s include  "SHELL=/bin/sh" "COMPILER=arm-none-eabi-gcc" "ARCHIVER=arm-none-eabi-ar" "COMPILER_FLAGS=  -O2 -c" "EXTRA_COMPILER_FLAGS=-mcpu=cortex-a9 -mfpu=vfpv3 -mfloat-abi=hard -nostartfiles"
make[2]: Entering directory `/users/start2016/r0594518/Desktop/Merger/package/rsa-project/src/sdk/rsa_design_example_bsp/ps7_cortexa9_0/libsrc/dmaps_v2_1/src'
make[2]: Leaving directory `/users/start2016/r0594518/Desktop/Merger/package/rsa-project/src/sdk/rsa_design_example_bsp/ps7_cortexa9_0/libsrc/dmaps_v2_1/src'
Running Make include in ps7_cortexa9_0/libsrc/gpiops_v3_1/src
make -C ps7_cortexa9_0/libsrc/gpiops_v3_1/src -s include  "SHELL=/bin/sh" "COMPILER=arm-none-eabi-gcc" "ARCHIVER=arm-none-eabi-ar" "COMPILER_FLAGS=  -O2 -c" "EXTRA_COMPILER_FLAGS=-mcpu=cortex-a9 -mfpu=vfpv3 -mfloat-abi=hard -nostartfiles"
make[2]: Entering directory `/users/start2016/r0594518/Desktop/Merger/package/rsa-project/src/sdk/rsa_design_example_bsp/ps7_cortexa9_0/libsrc/gpiops_v3_1/src'
make[2]: Leaving directory `/users/start2016/r0594518/Desktop/Merger/package/rsa-project/src/sdk/rsa_design_example_bsp/ps7_cortexa9_0/libsrc/gpiops_v3_1/src'
Running Make include in ps7_cortexa9_0/libsrc/scuwdt_v2_1/src
make -C ps7_cortexa9_0/libsrc/scuwdt_v2_1/src -s include  "SHELL=/bin/sh" "COMPILER=arm-none-eabi-gcc" "ARCHIVER=arm-none-eabi-ar" "COMPILER_FLAGS=  -O2 -c" "EXTRA_COMPILER_FLAGS=-mcpu=cortex-a9 -mfpu=vfpv3 -mfloat-abi=hard -nostartfiles"
make[2]: Entering directory `/users/start2016/r0594518/Desktop/Merger/package/rsa-project/src/sdk/rsa_design_example_bsp/ps7_cortexa9_0/libsrc/scuwdt_v2_1/src'
make[2]: Leaving directory `/users/start2016/r0594518/Desktop/Merger/package/rsa-project/src/sdk/rsa_design_example_bsp/ps7_cortexa9_0/libsrc/scuwdt_v2_1/src'
Running Make include in ps7_cortexa9_0/libsrc/ttcps_v3_1/src
make -C ps7_cortexa9_0/libsrc/ttcps_v3_1/src -s include  "SHELL=/bin/sh" "COMPILER=arm-none-eabi-gcc" "ARCHIVER=arm-none-eabi-ar" "COMPILER_FLAGS=  -O2 -c" "EXTRA_COMPILER_FLAGS=-mcpu=cortex-a9 -mfpu=vfpv3 -mfloat-abi=hard -nostartfiles"
make[2]: Entering directory `/users/start2016/r0594518/Desktop/Merger/package/rsa-project/src/sdk/rsa_design_example_bsp/ps7_cortexa9_0/libsrc/ttcps_v3_1/src'
make[2]: Leaving directory `/users/start2016/r0594518/Desktop/Merger/package/rsa-project/src/sdk/rsa_design_example_bsp/ps7_cortexa9_0/libsrc/ttcps_v3_1/src'
Running Make include in ps7_cortexa9_0/libsrc/coresightps_dcc_v1_2/src
make -C ps7_cortexa9_0/libsrc/coresightps_dcc_v1_2/src -s include  "SHELL=/bin/sh" "COMPILER=arm-none-eabi-gcc" "ARCHIVER=arm-none-eabi-ar" "COMPILER_FLAGS=  -O2 -c" "EXTRA_COMPILER_FLAGS=-mcpu=cortex-a9 -mfpu=vfpv3 -mfloat-abi=hard -nostartfiles"
make[2]: Entering directory `/users/start2016/r0594518/Desktop/Merger/package/rsa-project/src/sdk/rsa_design_example_bsp/ps7_cortexa9_0/libsrc/coresightps_dcc_v1_2/src'
make[2]: Leaving directory `/users/start2016/r0594518/Desktop/Merger/package/rsa-project/src/sdk/rsa_design_example_bsp/ps7_cortexa9_0/libsrc/coresightps_dcc_v1_2/src'
Running Make include in ps7_cortexa9_0/libsrc/standalone_v5_5/src
make -C ps7_cortexa9_0/libsrc/standalone_v5_5/src -s include  "SHELL=/bin/sh" "COMPILER=arm-none-eabi-gcc" "ARCHIVER=arm-none-eabi-ar" "COMPILER_FLAGS=  -O2 -c" "EXTRA_COMPILER_FLAGS=-mcpu=cortex-a9 -mfpu=vfpv3 -mfloat-abi=hard -nostartfiles"
make[2]: Entering directory `/users/start2016/r0594518/Desktop/Merger/package/rsa-project/src/sdk/rsa_design_example_bsp/ps7_cortexa9_0/libsrc/standalone_v5_5/src'
make[3]: Entering directory `/users/start2016/r0594518/Desktop/Merger/package/rsa-project/src/sdk/rsa_design_example_bsp/ps7_cortexa9_0/libsrc/standalone_v5_5/src/profile'
make[3]: Leaving directory `/users/start2016/r0594518/Desktop/Merger/package/rsa-project/src/sdk/rsa_design_example_bsp/ps7_cortexa9_0/libsrc/standalone_v5_5/src/profile'
make[2]: Leaving directory `/users/start2016/r0594518/Desktop/Merger/package/rsa-project/src/sdk/rsa_design_example_bsp/ps7_cortexa9_0/libsrc/standalone_v5_5/src'
Running Make include in ps7_cortexa9_0/libsrc/usbps_v2_4/src
make -C ps7_cortexa9_0/libsrc/usbps_v2_4/src -s include  "SHELL=/bin/sh" "COMPILER=arm-none-eabi-gcc" "ARCHIVER=arm-none-eabi-ar" "COMPILER_FLAGS=  -O2 -c" "EXTRA_COMPILER_FLAGS=-mcpu=cortex-a9 -mfpu=vfpv3 -mfloat-abi=hard -nostartfiles"
make[2]: Entering directory `/users/start2016/r0594518/Desktop/Merger/package/rsa-project/src/sdk/rsa_design_example_bsp/ps7_cortexa9_0/libsrc/usbps_v2_4/src'
make[2]: Leaving directory `/users/start2016/r0594518/Desktop/Merger/package/rsa-project/src/sdk/rsa_design_example_bsp/ps7_cortexa9_0/libsrc/usbps_v2_4/src'
Running Make include in ps7_cortexa9_0/libsrc/scutimer_v2_1/src
make -C ps7_cortexa9_0/libsrc/scutimer_v2_1/src -s include  "SHELL=/bin/sh" "COMPILER=arm-none-eabi-gcc" "ARCHIVER=arm-none-eabi-ar" "COMPILER_FLAGS=  -O2 -c" "EXTRA_COMPILER_FLAGS=-mcpu=cortex-a9 -mfpu=vfpv3 -mfloat-abi=hard -nostartfiles"
make[2]: Entering directory `/users/start2016/r0594518/Desktop/Merger/package/rsa-project/src/sdk/rsa_design_example_bsp/ps7_cortexa9_0/libsrc/scutimer_v2_1/src'
make[2]: Leaving directory `/users/start2016/r0594518/Desktop/Merger/package/rsa-project/src/sdk/rsa_design_example_bsp/ps7_cortexa9_0/libsrc/scutimer_v2_1/src'
Running Make libs in ps7_cortexa9_0/libsrc/qspips_v3_3/src
make -C ps7_cortexa9_0/libsrc/qspips_v3_3/src -s libs  "SHELL=/bin/sh" "COMPILER=arm-none-eabi-gcc" "ARCHIVER=arm-none-eabi-ar" "COMPILER_FLAGS=  -O2 -c" "EXTRA_COMPILER_FLAGS=-mcpu=cortex-a9 -mfpu=vfpv3 -mfloat-abi=hard -nostartfiles"
make[2]: Entering directory `/users/start2016/r0594518/Desktop/Merger/package/rsa-project/src/sdk/rsa_design_example_bsp/ps7_cortexa9_0/libsrc/qspips_v3_3/src'
Compiling qspips
arm-none-eabi-ar: creating ../../../lib/libxil.a
make[2]: Leaving directory `/users/start2016/r0594518/Desktop/Merger/package/rsa-project/src/sdk/rsa_design_example_bsp/ps7_cortexa9_0/libsrc/qspips_v3_3/src'
Running Make libs in ps7_cortexa9_0/libsrc/ddrps_v1_0/src
make -C ps7_cortexa9_0/libsrc/ddrps_v1_0/src -s libs  "SHELL=/bin/sh" "COMPILER=arm-none-eabi-gcc" "ARCHIVER=arm-none-eabi-ar" "COMPILER_FLAGS=  -O2 -c" "EXTRA_COMPILER_FLAGS=-mcpu=cortex-a9 -mfpu=vfpv3 -mfloat-abi=hard -nostartfiles"
make[2]: Entering directory `/users/start2016/r0594518/Desktop/Merger/package/rsa-project/src/sdk/rsa_design_example_bsp/ps7_cortexa9_0/libsrc/ddrps_v1_0/src'
Compiling ddrps
make[2]: Leaving directory `/users/start2016/r0594518/Desktop/Merger/package/rsa-project/src/sdk/rsa_design_example_bsp/ps7_cortexa9_0/libsrc/ddrps_v1_0/src'
Running Make libs in ps7_cortexa9_0/libsrc/cpu_cortexa9_v2_2/src
make -C ps7_cortexa9_0/libsrc/cpu_cortexa9_v2_2/src -s libs  "SHELL=/bin/sh" "COMPILER=arm-none-eabi-gcc" "ARCHIVER=arm-none-eabi-ar" "COMPILER_FLAGS=  -O2 -c" "EXTRA_COMPILER_FLAGS=-mcpu=cortex-a9 -mfpu=vfpv3 -mfloat-abi=hard -nostartfiles"
make[2]: Entering directory `/users/start2016/r0594518/Desktop/Merger/package/rsa-project/src/sdk/rsa_design_example_bsp/ps7_cortexa9_0/libsrc/cpu_cortexa9_v2_2/src'
Compiling cpu_cortexa9
make[2]: Leaving directory `/users/start2016/r0594518/Desktop/Merger/package/rsa-project/src/sdk/rsa_design_example_bsp/ps7_cortexa9_0/libsrc/cpu_cortexa9_v2_2/src'
Running Make libs in ps7_cortexa9_0/libsrc/sdps_v2_8/src
make -C ps7_cortexa9_0/libsrc/sdps_v2_8/src -s libs  "SHELL=/bin/sh" "COMPILER=arm-none-eabi-gcc" "ARCHIVER=arm-none-eabi-ar" "COMPILER_FLAGS=  -O2 -c" "EXTRA_COMPILER_FLAGS=-mcpu=cortex-a9 -mfpu=vfpv3 -mfloat-abi=hard -nostartfiles"
make[2]: Entering directory `/users/start2016/r0594518/Desktop/Merger/package/rsa-project/src/sdk/rsa_design_example_bsp/ps7_cortexa9_0/libsrc/sdps_v2_8/src'
Compiling sdps
make[2]: Leaving directory `/users/start2016/r0594518/Desktop/Merger/package/rsa-project/src/sdk/rsa_design_example_bsp/ps7_cortexa9_0/libsrc/sdps_v2_8/src'
Running Make libs in ps7_cortexa9_0/libsrc/emacps_v3_2/src
make -C ps7_cortexa9_0/libsrc/emacps_v3_2/src -s libs  "SHELL=/bin/sh" "COMPILER=arm-none-eabi-gcc" "ARCHIVER=arm-none-eabi-ar" "COMPILER_FLAGS=  -O2 -c" "EXTRA_COMPILER_FLAGS=-mcpu=cortex-a9 -mfpu=vfpv3 -mfloat-abi=hard -nostartfiles"
make[2]: Entering directory `/users/start2016/r0594518/Desktop/Merger/package/rsa-project/src/sdk/rsa_design_example_bsp/ps7_cortexa9_0/libsrc/emacps_v3_2/src'
Compiling emacps
make[2]: Leaving directory `/users/start2016/r0594518/Desktop/Merger/package/rsa-project/src/sdk/rsa_design_example_bsp/ps7_cortexa9_0/libsrc/emacps_v3_2/src'
Running Make libs in ps7_cortexa9_0/libsrc/uartps_v3_1/src
make -C ps7_cortexa9_0/libsrc/uartps_v3_1/src -s libs  "SHELL=/bin/sh" "COMPILER=arm-none-eabi-gcc" "ARCHIVER=arm-none-eabi-ar" "COMPILER_FLAGS=  -O2 -c" "EXTRA_COMPILER_FLAGS=-mcpu=cortex-a9 -mfpu=vfpv3 -mfloat-abi=hard -nostartfiles"
make[2]: Entering directory `/users/start2016/r0594518/Desktop/Merger/package/rsa-project/src/sdk/rsa_design_example_bsp/ps7_cortexa9_0/libsrc/uartps_v3_1/src'
Compiling uartps
make[2]: Leaving directory `/users/start2016/r0594518/Desktop/Merger/package/rsa-project/src/sdk/rsa_design_example_bsp/ps7_cortexa9_0/libsrc/uartps_v3_1/src'
Running Make libs in ps7_cortexa9_0/libsrc/scugic_v3_3/src
make -C ps7_cortexa9_0/libsrc/scugic_v3_3/src -s libs  "SHELL=/bin/sh" "COMPILER=arm-none-eabi-gcc" "ARCHIVER=arm-none-eabi-ar" "COMPILER_FLAGS=  -O2 -c" "EXTRA_COMPILER_FLAGS=-mcpu=cortex-a9 -mfpu=vfpv3 -mfloat-abi=hard -nostartfiles"
make[2]: Entering directory `/users/start2016/r0594518/Desktop/Merger/package/rsa-project/src/sdk/rsa_design_example_bsp/ps7_cortexa9_0/libsrc/scugic_v3_3/src'
Compiling scugic
make[2]: Leaving directory `/users/start2016/r0594518/Desktop/Merger/package/rsa-project/src/sdk/rsa_design_example_bsp/ps7_cortexa9_0/libsrc/scugic_v3_3/src'
Running Make libs in ps7_cortexa9_0/libsrc/axidma_v9_2/src
make -C ps7_cortexa9_0/libsrc/axidma_v9_2/src -s libs  "SHELL=/bin/sh" "COMPILER=arm-none-eabi-gcc" "ARCHIVER=arm-none-eabi-ar" "COMPILER_FLAGS=  -O2 -c" "EXTRA_COMPILER_FLAGS=-mcpu=cortex-a9 -mfpu=vfpv3 -mfloat-abi=hard -nostartfiles"
make[2]: Entering directory `/users/start2016/r0594518/Desktop/Merger/package/rsa-project/src/sdk/rsa_design_example_bsp/ps7_cortexa9_0/libsrc/axidma_v9_2/src'
Compiling axidma
make[3]: Entering directory `/users/start2016/r0594518/Desktop/Merger/package/rsa-project/src/sdk/rsa_design_example_bsp/ps7_cortexa9_0/libsrc/axidma_v9_2/src'
make[3]: Leaving directory `/users/start2016/r0594518/Desktop/Merger/package/rsa-project/src/sdk/rsa_design_example_bsp/ps7_cortexa9_0/libsrc/axidma_v9_2/src'
make[2]: Leaving directory `/users/start2016/r0594518/Desktop/Merger/package/rsa-project/src/sdk/rsa_design_example_bsp/ps7_cortexa9_0/libsrc/axidma_v9_2/src'
Running Make libs in ps7_cortexa9_0/libsrc/my_montgomery_v1_0/src
make -C ps7_cortexa9_0/libsrc/my_montgomery_v1_0/src -s libs  "SHELL=/bin/sh" "COMPILER=arm-none-eabi-gcc" "ARCHIVER=arm-none-eabi-ar" "COMPILER_FLAGS=  -O2 -c" "EXTRA_COMPILER_FLAGS=-mcpu=cortex-a9 -mfpu=vfpv3 -mfloat-abi=hard -nostartfiles"
make[2]: Entering directory `/users/start2016/r0594518/Desktop/Merger/package/rsa-project/src/sdk/rsa_design_example_bsp/ps7_cortexa9_0/libsrc/my_montgomery_v1_0/src'
Compiling my_montgomery...
make[3]: Entering directory `/users/start2016/r0594518/Desktop/Merger/package/rsa-project/src/sdk/rsa_design_example_bsp/ps7_cortexa9_0/libsrc/my_montgomery_v1_0/src'
make[3]: Leaving directory `/users/start2016/r0594518/Desktop/Merger/package/rsa-project/src/sdk/rsa_design_example_bsp/ps7_cortexa9_0/libsrc/my_montgomery_v1_0/src'
make[2]: Leaving directory `/users/start2016/r0594518/Desktop/Merger/package/rsa-project/src/sdk/rsa_design_example_bsp/ps7_cortexa9_0/libsrc/my_montgomery_v1_0/src'
Running Make libs in ps7_cortexa9_0/libsrc/xadcps_v2_2/src
make -C ps7_cortexa9_0/libsrc/xadcps_v2_2/src -s libs  "SHELL=/bin/sh" "COMPILER=arm-none-eabi-gcc" "ARCHIVER=arm-none-eabi-ar" "COMPILER_FLAGS=  -O2 -c" "EXTRA_COMPILER_FLAGS=-mcpu=cortex-a9 -mfpu=vfpv3 -mfloat-abi=hard -nostartfiles"
make[2]: Entering directory `/users/start2016/r0594518/Desktop/Merger/package/rsa-project/src/sdk/rsa_design_example_bsp/ps7_cortexa9_0/libsrc/xadcps_v2_2/src'
Compiling xadcps
make[2]: Leaving directory `/users/start2016/r0594518/Desktop/Merger/package/rsa-project/src/sdk/rsa_design_example_bsp/ps7_cortexa9_0/libsrc/xadcps_v2_2/src'
Running Make libs in ps7_cortexa9_0/libsrc/devcfg_v3_4/src
make -C ps7_cortexa9_0/libsrc/devcfg_v3_4/src -s libs  "SHELL=/bin/sh" "COMPILER=arm-none-eabi-gcc" "ARCHIVER=arm-none-eabi-ar" "COMPILER_FLAGS=  -O2 -c" "EXTRA_COMPILER_FLAGS=-mcpu=cortex-a9 -mfpu=vfpv3 -mfloat-abi=hard -nostartfiles"
make[2]: Entering directory `/users/start2016/r0594518/Desktop/Merger/package/rsa-project/src/sdk/rsa_design_example_bsp/ps7_cortexa9_0/libsrc/devcfg_v3_4/src'
Compiling devcfg
make[2]: Leaving directory `/users/start2016/r0594518/Desktop/Merger/package/rsa-project/src/sdk/rsa_design_example_bsp/ps7_cortexa9_0/libsrc/devcfg_v3_4/src'
Running Make libs in ps7_cortexa9_0/libsrc/dmaps_v2_1/src
make -C ps7_cortexa9_0/libsrc/dmaps_v2_1/src -s libs  "SHELL=/bin/sh" "COMPILER=arm-none-eabi-gcc" "ARCHIVER=arm-none-eabi-ar" "COMPILER_FLAGS=  -O2 -c" "EXTRA_COMPILER_FLAGS=-mcpu=cortex-a9 -mfpu=vfpv3 -mfloat-abi=hard -nostartfiles"
make[2]: Entering directory `/users/start2016/r0594518/Desktop/Merger/package/rsa-project/src/sdk/rsa_design_example_bsp/ps7_cortexa9_0/libsrc/dmaps_v2_1/src'
Compiling dmaps
make[2]: Leaving directory `/users/start2016/r0594518/Desktop/Merger/package/rsa-project/src/sdk/rsa_design_example_bsp/ps7_cortexa9_0/libsrc/dmaps_v2_1/src'
Running Make libs in ps7_cortexa9_0/libsrc/gpiops_v3_1/src
make -C ps7_cortexa9_0/libsrc/gpiops_v3_1/src -s libs  "SHELL=/bin/sh" "COMPILER=arm-none-eabi-gcc" "ARCHIVER=arm-none-eabi-ar" "COMPILER_FLAGS=  -O2 -c" "EXTRA_COMPILER_FLAGS=-mcpu=cortex-a9 -mfpu=vfpv3 -mfloat-abi=hard -nostartfiles"
make[2]: Entering directory `/users/start2016/r0594518/Desktop/Merger/package/rsa-project/src/sdk/rsa_design_example_bsp/ps7_cortexa9_0/libsrc/gpiops_v3_1/src'
Compiling gpiops
make[2]: Leaving directory `/users/start2016/r0594518/Desktop/Merger/package/rsa-project/src/sdk/rsa_design_example_bsp/ps7_cortexa9_0/libsrc/gpiops_v3_1/src'
Running Make libs in ps7_cortexa9_0/libsrc/scuwdt_v2_1/src
make -C ps7_cortexa9_0/libsrc/scuwdt_v2_1/src -s libs  "SHELL=/bin/sh" "COMPILER=arm-none-eabi-gcc" "ARCHIVER=arm-none-eabi-ar" "COMPILER_FLAGS=  -O2 -c" "EXTRA_COMPILER_FLAGS=-mcpu=cortex-a9 -mfpu=vfpv3 -mfloat-abi=hard -nostartfiles"
make[2]: Entering directory `/users/start2016/r0594518/Desktop/Merger/package/rsa-project/src/sdk/rsa_design_example_bsp/ps7_cortexa9_0/libsrc/scuwdt_v2_1/src'
Compiling scuwdt
make[2]: Leaving directory `/users/start2016/r0594518/Desktop/Merger/package/rsa-project/src/sdk/rsa_design_example_bsp/ps7_cortexa9_0/libsrc/scuwdt_v2_1/src'
Running Make libs in ps7_cortexa9_0/libsrc/ttcps_v3_1/src
make -C ps7_cortexa9_0/libsrc/ttcps_v3_1/src -s libs  "SHELL=/bin/sh" "COMPILER=arm-none-eabi-gcc" "ARCHIVER=arm-none-eabi-ar" "COMPILER_FLAGS=  -O2 -c" "EXTRA_COMPILER_FLAGS=-mcpu=cortex-a9 -mfpu=vfpv3 -mfloat-abi=hard -nostartfiles"
make[2]: Entering directory `/users/start2016/r0594518/Desktop/Merger/package/rsa-project/src/sdk/rsa_design_example_bsp/ps7_cortexa9_0/libsrc/ttcps_v3_1/src'
Compiling ttcps
make[2]: Leaving directory `/users/start2016/r0594518/Desktop/Merger/package/rsa-project/src/sdk/rsa_design_example_bsp/ps7_cortexa9_0/libsrc/ttcps_v3_1/src'
Running Make libs in ps7_cortexa9_0/libsrc/coresightps_dcc_v1_2/src
make -C ps7_cortexa9_0/libsrc/coresightps_dcc_v1_2/src -s libs  "SHELL=/bin/sh" "COMPILER=arm-none-eabi-gcc" "ARCHIVER=arm-none-eabi-ar" "COMPILER_FLAGS=  -O2 -c" "EXTRA_COMPILER_FLAGS=-mcpu=cortex-a9 -mfpu=vfpv3 -mfloat-abi=hard -nostartfiles"
make[2]: Entering directory `/users/start2016/r0594518/Desktop/Merger/package/rsa-project/src/sdk/rsa_design_example_bsp/ps7_cortexa9_0/libsrc/coresightps_dcc_v1_2/src'
Compiling coresightps_dcc
make[2]: Leaving directory `/users/start2016/r0594518/Desktop/Merger/package/rsa-project/src/sdk/rsa_design_example_bsp/ps7_cortexa9_0/libsrc/coresightps_dcc_v1_2/src'
Running Make libs in ps7_cortexa9_0/libsrc/standalone_v5_5/src
make -C ps7_cortexa9_0/libsrc/standalone_v5_5/src -s libs  "SHELL=/bin/sh" "COMPILER=arm-none-eabi-gcc" "ARCHIVER=arm-none-eabi-ar" "COMPILER_FLAGS=  -O2 -c" "EXTRA_COMPILER_FLAGS=-mcpu=cortex-a9 -mfpu=vfpv3 -mfloat-abi=hard -nostartfiles"
make[2]: Entering directory `/users/start2016/r0594518/Desktop/Merger/package/rsa-project/src/sdk/rsa_design_example_bsp/ps7_cortexa9_0/libsrc/standalone_v5_5/src'
Compiling standalone
make[2]: Leaving directory `/users/start2016/r0594518/Desktop/Merger/package/rsa-project/src/sdk/rsa_design_example_bsp/ps7_cortexa9_0/libsrc/standalone_v5_5/src'
Running Make libs in ps7_cortexa9_0/libsrc/usbps_v2_4/src
make -C ps7_cortexa9_0/libsrc/usbps_v2_4/src -s libs  "SHELL=/bin/sh" "COMPILER=arm-none-eabi-gcc" "ARCHIVER=arm-none-eabi-ar" "COMPILER_FLAGS=  -O2 -c" "EXTRA_COMPILER_FLAGS=-mcpu=cortex-a9 -mfpu=vfpv3 -mfloat-abi=hard -nostartfiles"
make[2]: Entering directory `/users/start2016/r0594518/Desktop/Merger/package/rsa-project/src/sdk/rsa_design_example_bsp/ps7_cortexa9_0/libsrc/usbps_v2_4/src'
Compiling usbps
make[2]: Leaving directory `/users/start2016/r0594518/Desktop/Merger/package/rsa-project/src/sdk/rsa_design_example_bsp/ps7_cortexa9_0/libsrc/usbps_v2_4/src'
Running Make libs in ps7_cortexa9_0/libsrc/scutimer_v2_1/src
make -C ps7_cortexa9_0/libsrc/scutimer_v2_1/src -s libs  "SHELL=/bin/sh" "COMPILER=arm-none-eabi-gcc" "ARCHIVER=arm-none-eabi-ar" "COMPILER_FLAGS=  -O2 -c" "EXTRA_COMPILER_FLAGS=-mcpu=cortex-a9 -mfpu=vfpv3 -mfloat-abi=hard -nostartfiles"
make[2]: Entering directory `/users/start2016/r0594518/Desktop/Merger/package/rsa-project/src/sdk/rsa_design_example_bsp/ps7_cortexa9_0/libsrc/scutimer_v2_1/src'
Compiling scutimer
make[2]: Leaving directory `/users/start2016/r0594518/Desktop/Merger/package/rsa-project/src/sdk/rsa_design_example_bsp/ps7_cortexa9_0/libsrc/scutimer_v2_1/src'
Finished building libraries
make[1]: Leaving directory `/users/start2016/r0594518/Desktop/Merger/package/rsa-project/src/sdk/rsa_design_example_bsp'
13:29:56 **** Build of configuration Debug for project rsa_design_example ****
make pre-build main-build 
make[1]: Entering directory `/users/start2016/r0594518/Desktop/Merger/package/rsa-project/src/sdk/rsa_design_example/Debug'
a9-linaro-pre-build-step
 
Building file: ../src/platform/platform.c
Invoking: ARM v7 gcc compiler
arm-none-eabi-gcc -Wall -O0 -g3 -c -fmessage-length=0 -MT"src/platform/platform.o" -mcpu=cortex-a9 -mfpu=vfpv3 -mfloat-abi=hard -I../../rsa_design_example_bsp/ps7_cortexa9_0/include -MMD -MP -MF"src/platform/platform.d" -MT"src/platform/platform.o" -o "src/platform/platform.o" "../src/platform/platform.c"
Finished building: ../src/platform/platform.c
 
Building file: ../src/asm_add.S
Invoking: ARM v7 gcc compiler
arm-none-eabi-gcc -Wall -O0 -g3 -c -fmessage-length=0 -MT"src/asm_add.o" -mcpu=cortex-a9 -mfpu=vfpv3 -mfloat-abi=hard -I../../rsa_design_example_bsp/ps7_cortexa9_0/include -MMD -MP -MF"src/asm_add.d" -MT"src/asm_add.o" -o "src/asm_add.o" "../src/asm_add.S"
Finished building: ../src/asm_add.S
 
Building file: ../src/asm_func.S
Invoking: ARM v7 gcc compiler
arm-none-eabi-gcc -Wall -O0 -g3 -c -fmessage-length=0 -MT"src/asm_func.o" -mcpu=cortex-a9 -mfpu=vfpv3 -mfloat-abi=hard -I../../rsa_design_example_bsp/ps7_cortexa9_0/include -MMD -MP -MF"src/asm_func.d" -MT"src/asm_func.o" -o "src/asm_func.o" "../src/asm_func.S"
Finished building: ../src/asm_func.S
 
Building file: ../src/hw.c
Invoking: ARM v7 gcc compiler
arm-none-eabi-gcc -Wall -O0 -g3 -c -fmessage-length=0 -MT"src/hw.o" -mcpu=cortex-a9 -mfpu=vfpv3 -mfloat-abi=hard -I../../rsa_design_example_bsp/ps7_cortexa9_0/include -MMD -MP -MF"src/hw.d" -MT"src/hw.o" -o "src/hw.o" "../src/hw.c"
Finished building: ../src/hw.c
 
Building file: ../src/inner_loop.S
Invoking: ARM v7 gcc compiler
arm-none-eabi-gcc -Wall -O0 -g3 -c -fmessage-length=0 -MT"src/inner_loop.o" -mcpu=cortex-a9 -mfpu=vfpv3 -mfloat-abi=hard -I../../rsa_design_example_bsp/ps7_cortexa9_0/include -MMD -MP -MF"src/inner_loop.d" -MT"src/inner_loop.o" -o "src/inner_loop.o" "../src/inner_loop.S"
Finished building: ../src/inner_loop.S
 
Building file: ../src/inner_loop2.S
Invoking: ARM v7 gcc compiler
arm-none-eabi-gcc -Wall -O0 -g3 -c -fmessage-length=0 -MT"src/inner_loop2.o" -mcpu=cortex-a9 -mfpu=vfpv3 -mfloat-abi=hard -I../../rsa_design_example_bsp/ps7_cortexa9_0/include -MMD -MP -MF"src/inner_loop2.d" -MT"src/inner_loop2.o" -o "src/inner_loop2.o" "../src/inner_loop2.S"
Finished building: ../src/inner_loop2.S
 
Building file: ../src/inner_loop3.S
Invoking: ARM v7 gcc compiler
arm-none-eabi-gcc -Wall -O0 -g3 -c -fmessage-length=0 -MT"src/inner_loop3.o" -mcpu=cortex-a9 -mfpu=vfpv3 -mfloat-abi=hard -I../../rsa_design_example_bsp/ps7_cortexa9_0/include -MMD -MP -MF"src/inner_loop3.d" -MT"src/inner_loop3.o" -o "src/inner_loop3.o" "../src/inner_loop3.S"
Finished building: ../src/inner_loop3.S
 
Building file: ../src/interface.c
Invoking: ARM v7 gcc compiler
arm-none-eabi-gcc -Wall -O0 -g3 -c -fmessage-length=0 -MT"src/interface.o" -mcpu=cortex-a9 -mfpu=vfpv3 -mfloat-abi=hard -I../../rsa_design_example_bsp/ps7_cortexa9_0/include -MMD -MP -MF"src/interface.d" -MT"src/interface.o" -o "src/interface.o" "../src/interface.c"
Finished building: ../src/interface.c
 
Building file: ../src/main.c
Invoking: ARM v7 gcc compiler
arm-none-eabi-gcc -Wall -O0 -g3 -c -fmessage-length=0 -MT"src/main.o" -mcpu=cortex-a9 -mfpu=vfpv3 -mfloat-abi=hard -I../../rsa_design_example_bsp/ps7_cortexa9_0/include -MMD -MP -MF"src/main.d" -MT"src/main.o" -o "src/main.o" "../src/main.c"
../src/main.c: In function 'main':
../src/main.c:108:5: warning: format '%u' expects argument of type 'unsigned int', but argument 2 has type 'uint32_t' [-Wformat=]
     STOP_TIMING
     ^
../src/main.c:108:5: warning: format '%u' expects argument of type 'unsigned int', but argument 2 has type 'uint32_t' [-Wformat=]
../src/main.c:120:15: warning: unused variable 'src' [-Wunused-variable]
  unsigned int src[DMA_TRANSFER_NUMBER_OF_WORDS]={
               ^
Finished building: ../src/main.c
 
Building file: ../src/montgomery2.c
Invoking: ARM v7 gcc compiler
arm-none-eabi-gcc -Wall -O0 -g3 -c -fmessage-length=0 -MT"src/montgomery2.o" -mcpu=cortex-a9 -mfpu=vfpv3 -mfloat-abi=hard -I../../rsa_design_example_bsp/ps7_cortexa9_0/include -MMD -MP -MF"src/montgomery2.d" -MT"src/montgomery2.o" -o "src/montgomery2.o" "../src/montgomery2.c"
Finished building: ../src/montgomery2.c
 
Building file: ../src/montgomeryASM.c
Invoking: ARM v7 gcc compiler
arm-none-eabi-gcc -Wall -O0 -g3 -c -fmessage-length=0 -MT"src/montgomeryASM.o" -mcpu=cortex-a9 -mfpu=vfpv3 -mfloat-abi=hard -I../../rsa_design_example_bsp/ps7_cortexa9_0/include -MMD -MP -MF"src/montgomeryASM.d" -MT"src/montgomeryASM.o" -o "src/montgomeryASM.o" "../src/montgomeryASM.c"
Finished building: ../src/montgomeryASM.c
 
Building file: ../src/sw.c
Invoking: ARM v7 gcc compiler
arm-none-eabi-gcc -Wall -O0 -g3 -c -fmessage-length=0 -MT"src/sw.o" -mcpu=cortex-a9 -mfpu=vfpv3 -mfloat-abi=hard -I../../rsa_design_example_bsp/ps7_cortexa9_0/include -MMD -MP -MF"src/sw.d" -MT"src/sw.o" -o "src/sw.o" "../src/sw.c"
Finished building: ../src/sw.c
 
Building file: ../src/testvector.c
Invoking: ARM v7 gcc compiler
arm-none-eabi-gcc -Wall -O0 -g3 -c -fmessage-length=0 -MT"src/testvector.o" -mcpu=cortex-a9 -mfpu=vfpv3 -mfloat-abi=hard -I../../rsa_design_example_bsp/ps7_cortexa9_0/include -MMD -MP -MF"src/testvector.d" -MT"src/testvector.o" -o "src/testvector.o" "../src/testvector.c"
Finished building: ../src/testvector.c
 
Building target: rsa_design_example.elf
Invoking: ARM v7 gcc linker
arm-none-eabi-gcc -mcpu=cortex-a9 -mfpu=vfpv3 -mfloat-abi=hard -Wl,-build-id=none -specs=Xilinx.spec -Wl,-T -Wl,../src/lscript.ld -L../../rsa_design_example_bsp/ps7_cortexa9_0/lib -o "rsa_design_example.elf"  ./src/platform/platform.o  ./src/asm_add.o ./src/asm_func.o ./src/hw.o ./src/inner_loop.o ./src/inner_loop2.o ./src/inner_loop3.o ./src/interface.o ./src/main.o ./src/montgomery2.o ./src/montgomeryASM.o ./src/sw.o ./src/testvector.o   -Wl,--start-group,-lxil,-lgcc,-lc,--end-group
Finished building target: rsa_design_example.elf
 
Invoking: ARM v7 Print Size
arm-none-eabi-size rsa_design_example.elf  |tee "rsa_design_example.elf.size"
   text	   data	    bss	    dec	    hex	filename
  94912	   4904	  23484	 123300	  1e1a4	rsa_design_example.elf
Finished building: rsa_design_example.elf.size
 
make[1]: Leaving directory `/users/start2016/r0594518/Desktop/Merger/package/rsa-project/src/sdk/rsa_design_example/Debug'
13:30:16 **** Incremental Build of configuration Debug for project rsa_design_example ****
make pre-build main-build 
make[1]: Entering directory `/users/start2016/r0594518/Desktop/Merger/package/rsa-project/src/sdk/rsa_design_example/Debug'
a9-linaro-pre-build-step
 
make[1]: Nothing to be done for `main-build'.
make[1]: Leaving directory `/users/start2016/r0594518/Desktop/Merger/package/rsa-project/src/sdk/rsa_design_example/Debug'
13:30:28 **** Incremental Build of configuration Debug for project rsa_design_example ****
make pre-build main-build 
make[1]: Entering directory `/users/start2016/r0594518/Desktop/Merger/package/rsa-project/src/sdk/rsa_design_example/Debug'
a9-linaro-pre-build-step
 
make[1]: Nothing to be done for `main-build'.
make[1]: Leaving directory `/users/start2016/r0594518/Desktop/Merger/package/rsa-project/src/sdk/rsa_design_example/Debug'
13:30:50 **** Auto Build of configuration Debug for project rsa_design_example ****
make pre-build main-build 
make[1]: Entering directory `/users/start2016/r0594518/Desktop/Merger/package/rsa-project/src/sdk/rsa_design_example/Debug'
a9-linaro-pre-build-step
 
Building file: ../src/main.c
Invoking: ARM v7 gcc compiler
arm-none-eabi-gcc -Wall -O0 -g3 -c -fmessage-length=0 -MT"src/main.o" -mcpu=cortex-a9 -mfpu=vfpv3 -mfloat-abi=hard -I../../rsa_design_example_bsp/ps7_cortexa9_0/include -MMD -MP -MF"src/main.d" -MT"src/main.o" -o "src/main.o" "../src/main.c"
../src/main.c: In function 'main':
../src/main.c:90:2: error: expected expression before '/' token
  /test_encryption_print();
  ^
../src/main.c:108:5: warning: format '%u' expects argument of type 'unsigned int', but argument 2 has type 'uint32_t' [-Wformat=]
     STOP_TIMING
     ^
../src/main.c:108:5: warning: format '%u' expects argument of type 'unsigned int', but argument 2 has type 'uint32_t' [-Wformat=]
../src/main.c:120:15: warning: unused variable 'src' [-Wunused-variable]
  unsigned int src[DMA_TRANSFER_NUMBER_OF_WORDS]={
               ^
make[1]: *** [src/main.o] Error 1
make[1]: Leaving directory `/users/start2016/r0594518/Desktop/Merger/package/rsa-project/src/sdk/rsa_design_example/Debug'
13:30:51 **** Incremental Build of configuration Debug for project rsa_design_example ****
make pre-build main-build 
make[1]: Entering directory `/users/start2016/r0594518/Desktop/Merger/package/rsa-project/src/sdk/rsa_design_example/Debug'
a9-linaro-pre-build-step
 
Building file: ../src/main.c
Invoking: ARM v7 gcc compiler
arm-none-eabi-gcc -Wall -O0 -g3 -c -fmessage-length=0 -MT"src/main.o" -mcpu=cortex-a9 -mfpu=vfpv3 -mfloat-abi=hard -I../../rsa_design_example_bsp/ps7_cortexa9_0/include -MMD -MP -MF"src/main.d" -MT"src/main.o" -o "src/main.o" "../src/main.c"
../src/main.c: In function 'main':
../src/main.c:90:2: error: expected expression before '/' token
  /test_encryption_print();
  ^
../src/main.c:108:5: warning: format '%u' expects argument of type 'unsigned int', but argument 2 has type 'uint32_t' [-Wformat=]
     STOP_TIMING
     ^
../src/main.c:108:5: warning: format '%u' expects argument of type 'unsigned int', but argument 2 has type 'uint32_t' [-Wformat=]
../src/main.c:120:15: warning: unused variable 'src' [-Wunused-variable]
  unsigned int src[DMA_TRANSFER_NUMBER_OF_WORDS]={
               ^
make[1]: Leaving directory `/users/start2016/r0594518/Desktop/Merger/package/rsa-project/src/sdk/rsa_design_example/Debug'
make[1]: *** [src/main.o] Error 1
13:31:09 **** Auto Build of configuration Debug for project rsa_design_example ****
make pre-build main-build 
make[1]: Entering directory `/users/start2016/r0594518/Desktop/Merger/package/rsa-project/src/sdk/rsa_design_example/Debug'
a9-linaro-pre-build-step
 
Building file: ../src/main.c
Invoking: ARM v7 gcc compiler
arm-none-eabi-gcc -Wall -O0 -g3 -c -fmessage-length=0 -MT"src/main.o" -mcpu=cortex-a9 -mfpu=vfpv3 -mfloat-abi=hard -I../../rsa_design_example_bsp/ps7_cortexa9_0/include -MMD -MP -MF"src/main.d" -MT"src/main.o" -o "src/main.o" "../src/main.c"
../src/main.c: In function 'main':
../src/main.c:108:5: warning: format '%u' expects argument of type 'unsigned int', but argument 2 has type 'uint32_t' [-Wformat=]
     STOP_TIMING
     ^
../src/main.c:108:5: warning: format '%u' expects argument of type 'unsigned int', but argument 2 has type 'uint32_t' [-Wformat=]
../src/main.c:120:15: warning: unused variable 'src' [-Wunused-variable]
  unsigned int src[DMA_TRANSFER_NUMBER_OF_WORDS]={
               ^
Finished building: ../src/main.c
 
Building target: rsa_design_example.elf
Invoking: ARM v7 gcc linker
arm-none-eabi-gcc -mcpu=cortex-a9 -mfpu=vfpv3 -mfloat-abi=hard -Wl,-build-id=none -specs=Xilinx.spec -Wl,-T -Wl,../src/lscript.ld -L../../rsa_design_example_bsp/ps7_cortexa9_0/lib -o "rsa_design_example.elf"  ./src/platform/platform.o  ./src/asm_add.o ./src/asm_func.o ./src/hw.o ./src/inner_loop.o ./src/inner_loop2.o ./src/inner_loop3.o ./src/interface.o ./src/main.o ./src/montgomery2.o ./src/montgomeryASM.o ./src/sw.o ./src/testvector.o   -Wl,--start-group,-lxil,-lgcc,-lc,--end-group
Finished building target: rsa_design_example.elf
 
Invoking: ARM v7 Print Size
arm-none-eabi-size rsa_design_example.elf  |tee "rsa_design_example.elf.size"
   text	   data	    bss	    dec	    hex	filename
  94912	   4904	  23484	 123300	  1e1a4	rsa_design_example.elf
Finished building: rsa_design_example.elf.size
 
make[1]: Leaving directory `/users/start2016/r0594518/Desktop/Merger/package/rsa-project/src/sdk/rsa_design_example/Debug'
13:31:12 **** Auto Build of configuration Debug for project rsa_design_example ****
make pre-build main-build 
make[1]: Entering directory `/users/start2016/r0594518/Desktop/Merger/package/rsa-project/src/sdk/rsa_design_example/Debug'
a9-linaro-pre-build-step
 
Building file: ../src/main.c
Invoking: ARM v7 gcc compiler
arm-none-eabi-gcc -Wall -O0 -g3 -c -fmessage-length=0 -MT"src/main.o" -mcpu=cortex-a9 -mfpu=vfpv3 -mfloat-abi=hard -I../../rsa_design_example_bsp/ps7_cortexa9_0/include -MMD -MP -MF"src/main.d" -MT"src/main.o" -o "src/main.o" "../src/main.c"
../src/main.c: In function 'main':
../src/main.c:108:5: warning: format '%u' expects argument of type 'unsigned int', but argument 2 has type 'uint32_t' [-Wformat=]
     STOP_TIMING
     ^
../src/main.c:108:5: warning: format '%u' expects argument of type 'unsigned int', but argument 2 has type 'uint32_t' [-Wformat=]
../src/main.c:120:15: warning: unused variable 'src' [-Wunused-variable]
  unsigned int src[DMA_TRANSFER_NUMBER_OF_WORDS]={
               ^
Finished building: ../src/main.c
 
Building target: rsa_design_example.elf
Invoking: ARM v7 gcc linker
arm-none-eabi-gcc -mcpu=cortex-a9 -mfpu=vfpv3 -mfloat-abi=hard -Wl,-build-id=none -specs=Xilinx.spec -Wl,-T -Wl,../src/lscript.ld -L../../rsa_design_example_bsp/ps7_cortexa9_0/lib -o "rsa_design_example.elf"  ./src/platform/platform.o  ./src/asm_add.o ./src/asm_func.o ./src/hw.o ./src/inner_loop.o ./src/inner_loop2.o ./src/inner_loop3.o ./src/interface.o ./src/main.o ./src/montgomery2.o ./src/montgomeryASM.o ./src/sw.o ./src/testvector.o   -Wl,--start-group,-lxil,-lgcc,-lc,--end-group
Finished building target: rsa_design_example.elf
 
Invoking: ARM v7 Print Size
arm-none-eabi-size rsa_design_example.elf  |tee "rsa_design_example.elf.size"
   text	   data	    bss	    dec	    hex	filename
  94912	   4904	  23484	 123300	  1e1a4	rsa_design_example.elf
Finished building: rsa_design_example.elf.size
 
make[1]: Leaving directory `/users/start2016/r0594518/Desktop/Merger/package/rsa-project/src/sdk/rsa_design_example/Debug'
13:31:13 **** Incremental Build of configuration Debug for project rsa_design_example ****
make pre-build main-build 
make[1]: Entering directory `/users/start2016/r0594518/Desktop/Merger/package/rsa-project/src/sdk/rsa_design_example/Debug'
a9-linaro-pre-build-step
 
make[1]: Nothing to be done for `main-build'.
make[1]: Leaving directory `/users/start2016/r0594518/Desktop/Merger/package/rsa-project/src/sdk/rsa_design_example/Debug'
13:31:28 **** Auto Build of configuration Debug for project rsa_design_example ****
make pre-build main-build 
make[1]: Entering directory `/users/start2016/r0594518/Desktop/Merger/package/rsa-project/src/sdk/rsa_design_example/Debug'
a9-linaro-pre-build-step
 
Building file: ../src/main.c
Invoking: ARM v7 gcc compiler
arm-none-eabi-gcc -Wall -O0 -g3 -c -fmessage-length=0 -MT"src/main.o" -mcpu=cortex-a9 -mfpu=vfpv3 -mfloat-abi=hard -I../../rsa_design_example_bsp/ps7_cortexa9_0/include -MMD -MP -MF"src/main.d" -MT"src/main.o" -o "src/main.o" "../src/main.c"
../src/main.c: In function 'main':
../src/main.c:108:5: warning: format '%u' expects argument of type 'unsigned int', but argument 2 has type 'uint32_t' [-Wformat=]
     STOP_TIMING
     ^
../src/main.c:108:5: warning: format '%u' expects argument of type 'unsigned int', but argument 2 has type 'uint32_t' [-Wformat=]
../src/main.c:120:15: warning: unused variable 'src' [-Wunused-variable]
  unsigned int src[DMA_TRANSFER_NUMBER_OF_WORDS]={
               ^
Finished building: ../src/main.c
 
Building target: rsa_design_example.elf
Invoking: ARM v7 gcc linker
arm-none-eabi-gcc -mcpu=cortex-a9 -mfpu=vfpv3 -mfloat-abi=hard -Wl,-build-id=none -specs=Xilinx.spec -Wl,-T -Wl,../src/lscript.ld -L../../rsa_design_example_bsp/ps7_cortexa9_0/lib -o "rsa_design_example.elf"  ./src/platform/platform.o  ./src/asm_add.o ./src/asm_func.o ./src/hw.o ./src/inner_loop.o ./src/inner_loop2.o ./src/inner_loop3.o ./src/interface.o ./src/main.o ./src/montgomery2.o ./src/montgomeryASM.o ./src/sw.o ./src/testvector.o   -Wl,--start-group,-lxil,-lgcc,-lc,--end-group
Finished building target: rsa_design_example.elf
 
Invoking: ARM v7 Print Size
arm-none-eabi-size rsa_design_example.elf  |tee "rsa_design_example.elf.size"
   text	   data	    bss	    dec	    hex	filename
  94912	   4904	  23484	 123300	  1e1a4	rsa_design_example.elf
Finished building: rsa_design_example.elf.size
 
make[1]: Leaving directory `/users/start2016/r0594518/Desktop/Merger/package/rsa-project/src/sdk/rsa_design_example/Debug'
13:31:30 **** Incremental Build of configuration Debug for project rsa_design_example ****
make pre-build main-build 
make[1]: Entering directory `/users/start2016/r0594518/Desktop/Merger/package/rsa-project/src/sdk/rsa_design_example/Debug'
a9-linaro-pre-build-step
 
make[1]: Nothing to be done for `main-build'.
make[1]: Leaving directory `/users/start2016/r0594518/Desktop/Merger/package/rsa-project/src/sdk/rsa_design_example/Debug'
13:39:06 **** Auto Build of configuration Debug for project rsa_design_example ****
make pre-build main-build 
make[1]: Entering directory `/users/start2016/r0594518/Desktop/Merger/package/rsa-project/src/sdk/rsa_design_example/Debug'
a9-linaro-pre-build-step
 
Building file: ../src/testvector.c
Invoking: ARM v7 gcc compiler
arm-none-eabi-gcc -Wall -O0 -g3 -c -fmessage-length=0 -MT"src/testvector.o" -mcpu=cortex-a9 -mfpu=vfpv3 -mfloat-abi=hard -I../../rsa_design_example_bsp/ps7_cortexa9_0/include -MMD -MP -MF"src/testvector.d" -MT"src/testvector.o" -o "src/testvector.o" "../src/testvector.c"
Finished building: ../src/testvector.c
 
Building target: rsa_design_example.elf
Invoking: ARM v7 gcc linker
arm-none-eabi-gcc -mcpu=cortex-a9 -mfpu=vfpv3 -mfloat-abi=hard -Wl,-build-id=none -specs=Xilinx.spec -Wl,-T -Wl,../src/lscript.ld -L../../rsa_design_example_bsp/ps7_cortexa9_0/lib -o "rsa_design_example.elf"  ./src/platform/platform.o  ./src/asm_add.o ./src/asm_func.o ./src/hw.o ./src/inner_loop.o ./src/inner_loop2.o ./src/inner_loop3.o ./src/interface.o ./src/main.o ./src/montgomery2.o ./src/montgomeryASM.o ./src/sw.o ./src/testvector.o   -Wl,--start-group,-lxil,-lgcc,-lc,--end-group
Finished building target: rsa_design_example.elf
 
Invoking: ARM v7 Print Size
arm-none-eabi-size rsa_design_example.elf  |tee "rsa_design_example.elf.size"
   text	   data	    bss	    dec	    hex	filename
  94912	   4904	  23484	 123300	  1e1a4	rsa_design_example.elf
Finished building: rsa_design_example.elf.size
 
make[1]: Leaving directory `/users/start2016/r0594518/Desktop/Merger/package/rsa-project/src/sdk/rsa_design_example/Debug'
13:39:10 **** Incremental Build of configuration Debug for project rsa_design_example ****
make pre-build main-build 
make[1]: Entering directory `/users/start2016/r0594518/Desktop/Merger/package/rsa-project/src/sdk/rsa_design_example/Debug'
a9-linaro-pre-build-step
 
make[1]: Nothing to be done for `main-build'.
make[1]: Leaving directory `/users/start2016/r0594518/Desktop/Merger/package/rsa-project/src/sdk/rsa_design_example/Debug'
13:39:26 **** Incremental Build of configuration Debug for project rsa_design_example ****
make pre-build main-build 
make[1]: Entering directory `/users/start2016/r0594518/Desktop/Merger/package/rsa-project/src/sdk/rsa_design_example/Debug'
a9-linaro-pre-build-step
 
make[1]: Nothing to be done for `main-build'.
make[1]: Leaving directory `/users/start2016/r0594518/Desktop/Merger/package/rsa-project/src/sdk/rsa_design_example/Debug'
13:39:30 **** Incremental Build of configuration Debug for project rsa_design_example ****
make pre-build main-build 
make[1]: Entering directory `/users/start2016/r0594518/Desktop/Merger/package/rsa-project/src/sdk/rsa_design_example/Debug'
a9-linaro-pre-build-step
 
make[1]: Nothing to be done for `main-build'.
make[1]: Leaving directory `/users/start2016/r0594518/Desktop/Merger/package/rsa-project/src/sdk/rsa_design_example/Debug'
13:39:33 **** Incremental Build of configuration Debug for project rsa_design_example ****
make pre-build main-build 
make[1]: Entering directory `/users/start2016/r0594518/Desktop/Merger/package/rsa-project/src/sdk/rsa_design_example/Debug'
a9-linaro-pre-build-step
 
make[1]: Nothing to be done for `main-build'.
make[1]: Leaving directory `/users/start2016/r0594518/Desktop/Merger/package/rsa-project/src/sdk/rsa_design_example/Debug'
13:39:42 **** Auto Build of configuration Debug for project rsa_design_example ****
make pre-build main-build 
make[1]: Entering directory `/users/start2016/r0594518/Desktop/Merger/package/rsa-project/src/sdk/rsa_design_example/Debug'
a9-linaro-pre-build-step
 
Building file: ../src/main.c
Invoking: ARM v7 gcc compiler
arm-none-eabi-gcc -Wall -O0 -g3 -c -fmessage-length=0 -MT"src/main.o" -mcpu=cortex-a9 -mfpu=vfpv3 -mfloat-abi=hard -I../../rsa_design_example_bsp/ps7_cortexa9_0/include -MMD -MP -MF"src/main.d" -MT"src/main.o" -o "src/main.o" "../src/main.c"
../src/main.c: In function 'main':
../src/main.c:108:5: warning: format '%u' expects argument of type 'unsigned int', but argument 2 has type 'uint32_t' [-Wformat=]
     STOP_TIMING
     ^
../src/main.c:108:5: warning: format '%u' expects argument of type 'unsigned int', but argument 2 has type 'uint32_t' [-Wformat=]
../src/main.c:120:15: warning: unused variable 'src' [-Wunused-variable]
  unsigned int src[DMA_TRANSFER_NUMBER_OF_WORDS]={
               ^
Finished building: ../src/main.c
 
Building target: rsa_design_example.elf
Invoking: ARM v7 gcc linker
arm-none-eabi-gcc -mcpu=cortex-a9 -mfpu=vfpv3 -mfloat-abi=hard -Wl,-build-id=none -specs=Xilinx.spec -Wl,-T -Wl,../src/lscript.ld -L../../rsa_design_example_bsp/ps7_cortexa9_0/lib -o "rsa_design_example.elf"  ./src/platform/platform.o  ./src/asm_add.o ./src/asm_func.o ./src/hw.o ./src/inner_loop.o ./src/inner_loop2.o ./src/inner_loop3.o ./src/interface.o ./src/main.o ./src/montgomery2.o ./src/montgomeryASM.o ./src/sw.o ./src/testvector.o   -Wl,--start-group,-lxil,-lgcc,-lc,--end-group
Finished building target: rsa_design_example.elf
 
Invoking: ARM v7 Print Size
arm-none-eabi-size rsa_design_example.elf  |tee "rsa_design_example.elf.size"
   text	   data	    bss	    dec	    hex	filename
  94912	   4904	  23484	 123300	  1e1a4	rsa_design_example.elf
Finished building: rsa_design_example.elf.size
 
make[1]: Leaving directory `/users/start2016/r0594518/Desktop/Merger/package/rsa-project/src/sdk/rsa_design_example/Debug'
13:39:43 **** Incremental Build of configuration Debug for project rsa_design_example ****
make pre-build main-build 
make[1]: Entering directory `/users/start2016/r0594518/Desktop/Merger/package/rsa-project/src/sdk/rsa_design_example/Debug'
a9-linaro-pre-build-step
 
make[1]: Nothing to be done for `main-build'.
make[1]: Leaving directory `/users/start2016/r0594518/Desktop/Merger/package/rsa-project/src/sdk/rsa_design_example/Debug'
13:42:24 **** Auto Build of configuration Debug for project rsa_design_example ****
make pre-build main-build 
make[1]: Entering directory `/users/start2016/r0594518/Desktop/Merger/package/rsa-project/src/sdk/rsa_design_example/Debug'
a9-linaro-pre-build-step
 
Building file: ../src/main.c
Invoking: ARM v7 gcc compiler
arm-none-eabi-gcc -Wall -O0 -g3 -c -fmessage-length=0 -MT"src/main.o" -mcpu=cortex-a9 -mfpu=vfpv3 -mfloat-abi=hard -I../../rsa_design_example_bsp/ps7_cortexa9_0/include -MMD -MP -MF"src/main.d" -MT"src/main.o" -o "src/main.o" "../src/main.c"
../src/main.c: In function 'main':
../src/main.c:108:5: warning: format '%u' expects argument of type 'unsigned int', but argument 2 has type 'uint32_t' [-Wformat=]
     STOP_TIMING
     ^
../src/main.c:108:5: warning: format '%u' expects argument of type 'unsigned int', but argument 2 has type 'uint32_t' [-Wformat=]
../src/main.c:120:15: warning: unused variable 'src' [-Wunused-variable]
  unsigned int src[DMA_TRANSFER_NUMBER_OF_WORDS]={
               ^
Finished building: ../src/main.c
 
Building target: rsa_design_example.elf
Invoking: ARM v7 gcc linker
arm-none-eabi-gcc -mcpu=cortex-a9 -mfpu=vfpv3 -mfloat-abi=hard -Wl,-build-id=none -specs=Xilinx.spec -Wl,-T -Wl,../src/lscript.ld -L../../rsa_design_example_bsp/ps7_cortexa9_0/lib -o "rsa_design_example.elf"  ./src/platform/platform.o  ./src/asm_add.o ./src/asm_func.o ./src/hw.o ./src/inner_loop.o ./src/inner_loop2.o ./src/inner_loop3.o ./src/interface.o ./src/main.o ./src/montgomery2.o ./src/montgomeryASM.o ./src/sw.o ./src/testvector.o   -Wl,--start-group,-lxil,-lgcc,-lc,--end-group
Finished building target: rsa_design_example.elf
 
Invoking: ARM v7 Print Size
arm-none-eabi-size rsa_design_example.elf  |tee "rsa_design_example.elf.size"
   text	   data	    bss	    dec	    hex	filename
  94912	   4904	  23484	 123300	  1e1a4	rsa_design_example.elf
Finished building: rsa_design_example.elf.size
 
make[1]: Leaving directory `/users/start2016/r0594518/Desktop/Merger/package/rsa-project/src/sdk/rsa_design_example/Debug'
13:42:28 **** Incremental Build of configuration Debug for project rsa_design_example ****
make pre-build main-build 
make[1]: Entering directory `/users/start2016/r0594518/Desktop/Merger/package/rsa-project/src/sdk/rsa_design_example/Debug'
a9-linaro-pre-build-step
 
make[1]: Nothing to be done for `main-build'.
make[1]: Leaving directory `/users/start2016/r0594518/Desktop/Merger/package/rsa-project/src/sdk/rsa_design_example/Debug'
13:42:53 **** Auto Build of configuration Debug for project rsa_design_example ****
make pre-build main-build 
make[1]: Entering directory `/users/start2016/r0594518/Desktop/Merger/package/rsa-project/src/sdk/rsa_design_example/Debug'
a9-linaro-pre-build-step
 
Building file: ../src/main.c
Invoking: ARM v7 gcc compiler
arm-none-eabi-gcc -Wall -O0 -g3 -c -fmessage-length=0 -MT"src/main.o" -mcpu=cortex-a9 -mfpu=vfpv3 -mfloat-abi=hard -I../../rsa_design_example_bsp/ps7_cortexa9_0/include -MMD -MP -MF"src/main.d" -MT"src/main.o" -o "src/main.o" "../src/main.c"
../src/main.c: In function 'main':
../src/main.c:108:5: warning: format '%u' expects argument of type 'unsigned int', but argument 2 has type 'uint32_t' [-Wformat=]
     STOP_TIMING
     ^
../src/main.c:108:5: warning: format '%u' expects argument of type 'unsigned int', but argument 2 has type 'uint32_t' [-Wformat=]
../src/main.c:120:15: warning: unused variable 'src' [-Wunused-variable]
  unsigned int src[DMA_TRANSFER_NUMBER_OF_WORDS]={
               ^
../src/main.c: In function 'test_hw_mont_exp':
../src/main.c:831:11: warning: unused variable 'expected_output' [-Wunused-variable]
  uint32_t expected_output[16] = {0xabd36c33, 0xd241da3b, 0xccc46940, 0x17bee875, 0xecd3c107, 0xca2dd37c, 0x91a25090, 0x2f0256a7, 0x2216207e, 0x0608188b, 0x8366931e, 0x9e5ff40a, 0x8449258e, 0xccc6d948, 0xf53c031f, 0x0a568c91};
           ^
Finished building: ../src/main.c
 
Building target: rsa_design_example.elf
Invoking: ARM v7 gcc linker
arm-none-eabi-gcc -mcpu=cortex-a9 -mfpu=vfpv3 -mfloat-abi=hard -Wl,-build-id=none -specs=Xilinx.spec -Wl,-T -Wl,../src/lscript.ld -L../../rsa_design_example_bsp/ps7_cortexa9_0/lib -o "rsa_design_example.elf"  ./src/platform/platform.o  ./src/asm_add.o ./src/asm_func.o ./src/hw.o ./src/inner_loop.o ./src/inner_loop2.o ./src/inner_loop3.o ./src/interface.o ./src/main.o ./src/montgomery2.o ./src/montgomeryASM.o ./src/sw.o ./src/testvector.o   -Wl,--start-group,-lxil,-lgcc,-lc,--end-group
Finished building target: rsa_design_example.elf
 
Invoking: ARM v7 Print Size
arm-none-eabi-size rsa_design_example.elf  |tee "rsa_design_example.elf.size"
   text	   data	    bss	    dec	    hex	filename
  94768	   4904	  23484	 123156	  1e114	rsa_design_example.elf
Finished building: rsa_design_example.elf.size
 
make[1]: Leaving directory `/users/start2016/r0594518/Desktop/Merger/package/rsa-project/src/sdk/rsa_design_example/Debug'
13:42:56 **** Incremental Build of configuration Debug for project rsa_design_example ****
make pre-build main-build 
make[1]: Entering directory `/users/start2016/r0594518/Desktop/Merger/package/rsa-project/src/sdk/rsa_design_example/Debug'
a9-linaro-pre-build-step
 
make[1]: Nothing to be done for `main-build'.
make[1]: Leaving directory `/users/start2016/r0594518/Desktop/Merger/package/rsa-project/src/sdk/rsa_design_example/Debug'
