16:01:48 **** Incremental Build of configuration Debug for project rsa_design_example ****
make pre-build main-build 
make[1]: Entering directory `/users/cosic/rdeclerc/Documents/ddp/2016-2017/work-packages/hw/rsa-project/src/sdk/rsa_design_example/Debug'
make[1]: warning: jobserver unavailable: using -j1.  Add `+' to parent make rule.
a9-linaro-pre-build-step
 
Building file: ../src/main.c
Invoking: ARM v7 gcc compiler
arm-none-eabi-gcc -Wall -O0 -g3 -c -fmessage-length=0 -MT"src/main.o" -mcpu=cortex-a9 -mfpu=vfpv3 -mfloat-abi=hard -I../../rsa_design_example_bsp/ps7_cortexa9_0/include -MMD -MP -MF"src/main.d" -MT"src/main.o" -o "src/main.o" "../src/main.c"
Finished building: ../src/main.c
 
Building file: ../src/platform.c
Invoking: ARM v7 gcc compiler
arm-none-eabi-gcc -Wall -O0 -g3 -c -fmessage-length=0 -MT"src/platform.o" -mcpu=cortex-a9 -mfpu=vfpv3 -mfloat-abi=hard -I../../rsa_design_example_bsp/ps7_cortexa9_0/include -MMD -MP -MF"src/platform.d" -MT"src/platform.o" -o "src/platform.o" "../src/platform.c"
Finished building: ../src/platform.c
 
Building target: rsa_design_example.elf
Invoking: ARM v7 gcc linker
arm-none-eabi-gcc -mcpu=cortex-a9 -mfpu=vfpv3 -mfloat-abi=hard -Wl,-build-id=none -specs=Xilinx.spec -Wl,-T -Wl,../src/lscript.ld -L../../rsa_design_example_bsp/ps7_cortexa9_0/lib -o "rsa_design_example.elf"  ./src/main.o ./src/platform.o   -Wl,--start-group,-lxil,-lgcc,-lc,--end-group
Finished building target: rsa_design_example.elf
 
Invoking: ARM v7 Print Size
arm-none-eabi-size rsa_design_example.elf  |tee "rsa_design_example.elf.size"
   text	   data	    bss	    dec	    hex	filename
  26436	   1168	  22580	  50184	   c408	rsa_design_example.elf
Finished building: rsa_design_example.elf.size
 
make[1]: Leaving directory `/users/cosic/rdeclerc/Documents/ddp/2016-2017/work-packages/hw/rsa-project/src/sdk/rsa_design_example/Debug'
16:02:17 **** Clean-only build of configuration Debug for project rsa_design_example_ ****
make clean 
make[1]: warning: jobserver unavailable: using -j1.  Add `+' to parent make rule.
make[1]: Entering directory `/users/cosic/rdeclerc/Documents/ddp/2016-2017/work-packages/hw/rsa-project/src/sdk/rsa_design_example_/Debug'
rm -rf  ./src/main.o ./src/mmu_control.o ./src/platform.o  ./src/main.d ./src/mmu_control.d ./src/platform.d  rsa_design_example.elf.size  rsa_design_example.elf
 
make[1]: Leaving directory `/users/cosic/rdeclerc/Documents/ddp/2016-2017/work-packages/hw/rsa-project/src/sdk/rsa_design_example_/Debug'
16:02:17 **** Build of configuration Debug for project rsa_design_example_ ****
make pre-build main-build 
make[1]: Entering directory `/users/cosic/rdeclerc/Documents/ddp/2016-2017/work-packages/hw/rsa-project/src/sdk/rsa_design_example_/Debug'
make[1]: warning: jobserver unavailable: using -j1.  Add `+' to parent make rule.
a9-linaro-pre-build-step
 
Building file: ../src/main.c
Invoking: ARM v7 gcc compiler
arm-none-eabi-gcc -Wall -O0 -g3 -c -fmessage-length=0 -MT"src/main.o" -mcpu=cortex-a9 -mfpu=vfpv3 -mfloat-abi=hard -I../../rsa_design_example_bsp/ps7_cortexa9_0/include -MMD -MP -MF"src/main.d" -MT"src/main.o" -o "src/main.o" "../src/main.c"
Finished building: ../src/main.c
 
Building file: ../src/mmu_control.c
Invoking: ARM v7 gcc compiler
arm-none-eabi-gcc -Wall -O0 -g3 -c -fmessage-length=0 -MT"src/mmu_control.o" -mcpu=cortex-a9 -mfpu=vfpv3 -mfloat-abi=hard -I../../rsa_design_example_bsp/ps7_cortexa9_0/include -MMD -MP -MF"src/mmu_control.d" -MT"src/mmu_control.o" -o "src/mmu_control.o" "../src/mmu_control.c"
../src/mmu_control.c: In function 'adjust_mmu_mode':
../src/mmu_control.c:17:2: warning: implicit declaration of function 'Xil_SetTlbAttributes' [-Wimplicit-function-declaration]
  Xil_SetTlbAttributes(start_of_1MB_address_region, mmu_attributes);
  ^
Finished building: ../src/mmu_control.c
 
Building file: ../src/platform.c
Invoking: ARM v7 gcc compiler
arm-none-eabi-gcc -Wall -O0 -g3 -c -fmessage-length=0 -MT"src/platform.o" -mcpu=cortex-a9 -mfpu=vfpv3 -mfloat-abi=hard -I../../rsa_design_example_bsp/ps7_cortexa9_0/include -MMD -MP -MF"src/platform.d" -MT"src/platform.o" -o "src/platform.o" "../src/platform.c"
Finished building: ../src/platform.c
 
Building target: rsa_design_example_.elf
Invoking: ARM v7 gcc linker
arm-none-eabi-gcc -mcpu=cortex-a9 -mfpu=vfpv3 -mfloat-abi=hard -Wl,-build-id=none -specs=Xilinx.spec -Wl,-T -Wl,../src/lscript.ld -L../../rsa_design_example_bsp/ps7_cortexa9_0/lib -o "rsa_design_example_.elf"  ./src/main.o ./src/mmu_control.o ./src/platform.o   -Wl,--start-group,-lxil,-lgcc,-lc,--end-group
Finished building target: rsa_design_example_.elf
 
Invoking: ARM v7 Print Size
arm-none-eabi-size rsa_design_example_.elf  |tee "rsa_design_example_.elf.size"
   text	   data	    bss	    dec	    hex	filename
  26756	   1168	  22580	  50504	   c548	rsa_design_example_.elf
Finished building: rsa_design_example_.elf.size
 
make[1]: Leaving directory `/users/cosic/rdeclerc/Documents/ddp/2016-2017/work-packages/hw/rsa-project/src/sdk/rsa_design_example_/Debug'
16:02:18 **** Incremental Build of configuration Debug for project rsa_design_example ****
make pre-build main-build 
make[1]: Entering directory `/users/cosic/rdeclerc/Documents/ddp/2016-2017/work-packages/hw/rsa-project/src/sdk/rsa_design_example/Debug'
make[1]: warning: jobserver unavailable: using -j1.  Add `+' to parent make rule.
a9-linaro-pre-build-step
 
Building file: ../src/main.c
Invoking: ARM v7 gcc compiler
arm-none-eabi-gcc -Wall -O0 -g3 -c -fmessage-length=0 -MT"src/main.o" -mcpu=cortex-a9 -mfpu=vfpv3 -mfloat-abi=hard -I../../rsa_design_example_bsp/ps7_cortexa9_0/include -MMD -MP -MF"src/main.d" -MT"src/main.o" -o "src/main.o" "../src/main.c"
Finished building: ../src/main.c
 
Building target: rsa_design_example.elf
Invoking: ARM v7 gcc linker
arm-none-eabi-gcc -mcpu=cortex-a9 -mfpu=vfpv3 -mfloat-abi=hard -Wl,-build-id=none -specs=Xilinx.spec -Wl,-T -Wl,../src/lscript.ld -L../../rsa_design_example_bsp/ps7_cortexa9_0/lib -o "rsa_design_example.elf"  ./src/main.o ./src/platform.o   -Wl,--start-group,-lxil,-lgcc,-lc,--end-group
Finished building target: rsa_design_example.elf
 
Invoking: ARM v7 Print Size
arm-none-eabi-size rsa_design_example.elf  |tee "rsa_design_example.elf.size"
   text	   data	    bss	    dec	    hex	filename
  26436	   1168	  22580	  50184	   c408	rsa_design_example.elf
Finished building: rsa_design_example.elf.size
 
make[1]: Leaving directory `/users/cosic/rdeclerc/Documents/ddp/2016-2017/work-packages/hw/rsa-project/src/sdk/rsa_design_example/Debug'
16:02:18 **** Build of project rsa_design_example_bsp_ ****
make -k all 
make[1]: Entering directory `/users/cosic/rdeclerc/Documents/ddp/2016-2017/work-packages/hw/rsa-project/src/sdk/rsa_design_example_bsp_'
make[1]: warning: jobserver unavailable: using -j1.  Add `+' to parent make rule.
Running Make include in ps7_cortexa9_0/libsrc/qspips_v3_3/src
make -C ps7_cortexa9_0/libsrc/qspips_v3_3/src -s include  "SHELL=/bin/sh" "COMPILER=arm-none-eabi-gcc" "ARCHIVER=arm-none-eabi-ar" "COMPILER_FLAGS=  -O2 -c" "EXTRA_COMPILER_FLAGS=-mcpu=cortex-a9 -mfpu=vfpv3 -mfloat-abi=hard -nostartfiles"
make[2]: Entering directory `/users/cosic/rdeclerc/Documents/ddp/2016-2017/work-packages/hw/rsa-project/src/sdk/rsa_design_example_bsp_/ps7_cortexa9_0/libsrc/qspips_v3_3/src'
make[2]: Leaving directory `/users/cosic/rdeclerc/Documents/ddp/2016-2017/work-packages/hw/rsa-project/src/sdk/rsa_design_example_bsp_/ps7_cortexa9_0/libsrc/qspips_v3_3/src'
Running Make include in ps7_cortexa9_0/libsrc/ddrps_v1_0/src
make -C ps7_cortexa9_0/libsrc/ddrps_v1_0/src -s include  "SHELL=/bin/sh" "COMPILER=arm-none-eabi-gcc" "ARCHIVER=arm-none-eabi-ar" "COMPILER_FLAGS=  -O2 -c" "EXTRA_COMPILER_FLAGS=-mcpu=cortex-a9 -mfpu=vfpv3 -mfloat-abi=hard -nostartfiles"
make[2]: Entering directory `/users/cosic/rdeclerc/Documents/ddp/2016-2017/work-packages/hw/rsa-project/src/sdk/rsa_design_example_bsp_/ps7_cortexa9_0/libsrc/ddrps_v1_0/src'
make[2]: Leaving directory `/users/cosic/rdeclerc/Documents/ddp/2016-2017/work-packages/hw/rsa-project/src/sdk/rsa_design_example_bsp_/ps7_cortexa9_0/libsrc/ddrps_v1_0/src'
Running Make include in ps7_cortexa9_0/libsrc/cpu_cortexa9_v2_2/src
make -C ps7_cortexa9_0/libsrc/cpu_cortexa9_v2_2/src -s include  "SHELL=/bin/sh" "COMPILER=arm-none-eabi-gcc" "ARCHIVER=arm-none-eabi-ar" "COMPILER_FLAGS=  -O2 -c" "EXTRA_COMPILER_FLAGS=-mcpu=cortex-a9 -mfpu=vfpv3 -mfloat-abi=hard -nostartfiles"
make[2]: Entering directory `/users/cosic/rdeclerc/Documents/ddp/2016-2017/work-packages/hw/rsa-project/src/sdk/rsa_design_example_bsp_/ps7_cortexa9_0/libsrc/cpu_cortexa9_v2_2/src'
make[2]: Leaving directory `/users/cosic/rdeclerc/Documents/ddp/2016-2017/work-packages/hw/rsa-project/src/sdk/rsa_design_example_bsp_/ps7_cortexa9_0/libsrc/cpu_cortexa9_v2_2/src'
Running Make include in ps7_cortexa9_0/libsrc/sdps_v2_8/src
make -C ps7_cortexa9_0/libsrc/sdps_v2_8/src -s include  "SHELL=/bin/sh" "COMPILER=arm-none-eabi-gcc" "ARCHIVER=arm-none-eabi-ar" "COMPILER_FLAGS=  -O2 -c" "EXTRA_COMPILER_FLAGS=-mcpu=cortex-a9 -mfpu=vfpv3 -mfloat-abi=hard -nostartfiles"
make[2]: Entering directory `/users/cosic/rdeclerc/Documents/ddp/2016-2017/work-packages/hw/rsa-project/src/sdk/rsa_design_example_bsp_/ps7_cortexa9_0/libsrc/sdps_v2_8/src'
make[2]: Leaving directory `/users/cosic/rdeclerc/Documents/ddp/2016-2017/work-packages/hw/rsa-project/src/sdk/rsa_design_example_bsp_/ps7_cortexa9_0/libsrc/sdps_v2_8/src'
Running Make include in ps7_cortexa9_0/libsrc/emacps_v3_2/src
make -C ps7_cortexa9_0/libsrc/emacps_v3_2/src -s include  "SHELL=/bin/sh" "COMPILER=arm-none-eabi-gcc" "ARCHIVER=arm-none-eabi-ar" "COMPILER_FLAGS=  -O2 -c" "EXTRA_COMPILER_FLAGS=-mcpu=cortex-a9 -mfpu=vfpv3 -mfloat-abi=hard -nostartfiles"
make[2]: Entering directory `/users/cosic/rdeclerc/Documents/ddp/2016-2017/work-packages/hw/rsa-project/src/sdk/rsa_design_example_bsp_/ps7_cortexa9_0/libsrc/emacps_v3_2/src'
make[2]: Leaving directory `/users/cosic/rdeclerc/Documents/ddp/2016-2017/work-packages/hw/rsa-project/src/sdk/rsa_design_example_bsp_/ps7_cortexa9_0/libsrc/emacps_v3_2/src'
Running Make include in ps7_cortexa9_0/libsrc/uartps_v3_1/src
make -C ps7_cortexa9_0/libsrc/uartps_v3_1/src -s include  "SHELL=/bin/sh" "COMPILER=arm-none-eabi-gcc" "ARCHIVER=arm-none-eabi-ar" "COMPILER_FLAGS=  -O2 -c" "EXTRA_COMPILER_FLAGS=-mcpu=cortex-a9 -mfpu=vfpv3 -mfloat-abi=hard -nostartfiles"
make[2]: Entering directory `/users/cosic/rdeclerc/Documents/ddp/2016-2017/work-packages/hw/rsa-project/src/sdk/rsa_design_example_bsp_/ps7_cortexa9_0/libsrc/uartps_v3_1/src'
make[2]: Leaving directory `/users/cosic/rdeclerc/Documents/ddp/2016-2017/work-packages/hw/rsa-project/src/sdk/rsa_design_example_bsp_/ps7_cortexa9_0/libsrc/uartps_v3_1/src'
Running Make include in ps7_cortexa9_0/libsrc/scugic_v3_3/src
make -C ps7_cortexa9_0/libsrc/scugic_v3_3/src -s include  "SHELL=/bin/sh" "COMPILER=arm-none-eabi-gcc" "ARCHIVER=arm-none-eabi-ar" "COMPILER_FLAGS=  -O2 -c" "EXTRA_COMPILER_FLAGS=-mcpu=cortex-a9 -mfpu=vfpv3 -mfloat-abi=hard -nostartfiles"
make[2]: Entering directory `/users/cosic/rdeclerc/Documents/ddp/2016-2017/work-packages/hw/rsa-project/src/sdk/rsa_design_example_bsp_/ps7_cortexa9_0/libsrc/scugic_v3_3/src'
make[2]: Leaving directory `/users/cosic/rdeclerc/Documents/ddp/2016-2017/work-packages/hw/rsa-project/src/sdk/rsa_design_example_bsp_/ps7_cortexa9_0/libsrc/scugic_v3_3/src'
Running Make include in ps7_cortexa9_0/libsrc/axidma_v9_2/src
make -C ps7_cortexa9_0/libsrc/axidma_v9_2/src -s include  "SHELL=/bin/sh" "COMPILER=arm-none-eabi-gcc" "ARCHIVER=arm-none-eabi-ar" "COMPILER_FLAGS=  -O2 -c" "EXTRA_COMPILER_FLAGS=-mcpu=cortex-a9 -mfpu=vfpv3 -mfloat-abi=hard -nostartfiles"
make[2]: Entering directory `/users/cosic/rdeclerc/Documents/ddp/2016-2017/work-packages/hw/rsa-project/src/sdk/rsa_design_example_bsp_/ps7_cortexa9_0/libsrc/axidma_v9_2/src'
make[2]: Leaving directory `/users/cosic/rdeclerc/Documents/ddp/2016-2017/work-packages/hw/rsa-project/src/sdk/rsa_design_example_bsp_/ps7_cortexa9_0/libsrc/axidma_v9_2/src'
Running Make include in ps7_cortexa9_0/libsrc/my_montgomery_v1_0/src
make -C ps7_cortexa9_0/libsrc/my_montgomery_v1_0/src -s include  "SHELL=/bin/sh" "COMPILER=arm-none-eabi-gcc" "ARCHIVER=arm-none-eabi-ar" "COMPILER_FLAGS=  -O2 -c" "EXTRA_COMPILER_FLAGS=-mcpu=cortex-a9 -mfpu=vfpv3 -mfloat-abi=hard -nostartfiles"
make[2]: Entering directory `/users/cosic/rdeclerc/Documents/ddp/2016-2017/work-packages/hw/rsa-project/src/sdk/rsa_design_example_bsp_/ps7_cortexa9_0/libsrc/my_montgomery_v1_0/src'
make[2]: Leaving directory `/users/cosic/rdeclerc/Documents/ddp/2016-2017/work-packages/hw/rsa-project/src/sdk/rsa_design_example_bsp_/ps7_cortexa9_0/libsrc/my_montgomery_v1_0/src'
Running Make include in ps7_cortexa9_0/libsrc/xadcps_v2_2/src
make -C ps7_cortexa9_0/libsrc/xadcps_v2_2/src -s include  "SHELL=/bin/sh" "COMPILER=arm-none-eabi-gcc" "ARCHIVER=arm-none-eabi-ar" "COMPILER_FLAGS=  -O2 -c" "EXTRA_COMPILER_FLAGS=-mcpu=cortex-a9 -mfpu=vfpv3 -mfloat-abi=hard -nostartfiles"
make[2]: Entering directory `/users/cosic/rdeclerc/Documents/ddp/2016-2017/work-packages/hw/rsa-project/src/sdk/rsa_design_example_bsp_/ps7_cortexa9_0/libsrc/xadcps_v2_2/src'
make[2]: Leaving directory `/users/cosic/rdeclerc/Documents/ddp/2016-2017/work-packages/hw/rsa-project/src/sdk/rsa_design_example_bsp_/ps7_cortexa9_0/libsrc/xadcps_v2_2/src'
Running Make include in ps7_cortexa9_0/libsrc/devcfg_v3_4/src
make -C ps7_cortexa9_0/libsrc/devcfg_v3_4/src -s include  "SHELL=/bin/sh" "COMPILER=arm-none-eabi-gcc" "ARCHIVER=arm-none-eabi-ar" "COMPILER_FLAGS=  -O2 -c" "EXTRA_COMPILER_FLAGS=-mcpu=cortex-a9 -mfpu=vfpv3 -mfloat-abi=hard -nostartfiles"
make[2]: Entering directory `/users/cosic/rdeclerc/Documents/ddp/2016-2017/work-packages/hw/rsa-project/src/sdk/rsa_design_example_bsp_/ps7_cortexa9_0/libsrc/devcfg_v3_4/src'
make[2]: Leaving directory `/users/cosic/rdeclerc/Documents/ddp/2016-2017/work-packages/hw/rsa-project/src/sdk/rsa_design_example_bsp_/ps7_cortexa9_0/libsrc/devcfg_v3_4/src'
Running Make include in ps7_cortexa9_0/libsrc/dmaps_v2_1/src
make -C ps7_cortexa9_0/libsrc/dmaps_v2_1/src -s include  "SHELL=/bin/sh" "COMPILER=arm-none-eabi-gcc" "ARCHIVER=arm-none-eabi-ar" "COMPILER_FLAGS=  -O2 -c" "EXTRA_COMPILER_FLAGS=-mcpu=cortex-a9 -mfpu=vfpv3 -mfloat-abi=hard -nostartfiles"
make[2]: Entering directory `/users/cosic/rdeclerc/Documents/ddp/2016-2017/work-packages/hw/rsa-project/src/sdk/rsa_design_example_bsp_/ps7_cortexa9_0/libsrc/dmaps_v2_1/src'
make[2]: Leaving directory `/users/cosic/rdeclerc/Documents/ddp/2016-2017/work-packages/hw/rsa-project/src/sdk/rsa_design_example_bsp_/ps7_cortexa9_0/libsrc/dmaps_v2_1/src'
Running Make include in ps7_cortexa9_0/libsrc/gpiops_v3_1/src
make -C ps7_cortexa9_0/libsrc/gpiops_v3_1/src -s include  "SHELL=/bin/sh" "COMPILER=arm-none-eabi-gcc" "ARCHIVER=arm-none-eabi-ar" "COMPILER_FLAGS=  -O2 -c" "EXTRA_COMPILER_FLAGS=-mcpu=cortex-a9 -mfpu=vfpv3 -mfloat-abi=hard -nostartfiles"
make[2]: Entering directory `/users/cosic/rdeclerc/Documents/ddp/2016-2017/work-packages/hw/rsa-project/src/sdk/rsa_design_example_bsp_/ps7_cortexa9_0/libsrc/gpiops_v3_1/src'
make[2]: Leaving directory `/users/cosic/rdeclerc/Documents/ddp/2016-2017/work-packages/hw/rsa-project/src/sdk/rsa_design_example_bsp_/ps7_cortexa9_0/libsrc/gpiops_v3_1/src'
Running Make include in ps7_cortexa9_0/libsrc/scuwdt_v2_1/src
make -C ps7_cortexa9_0/libsrc/scuwdt_v2_1/src -s include  "SHELL=/bin/sh" "COMPILER=arm-none-eabi-gcc" "ARCHIVER=arm-none-eabi-ar" "COMPILER_FLAGS=  -O2 -c" "EXTRA_COMPILER_FLAGS=-mcpu=cortex-a9 -mfpu=vfpv3 -mfloat-abi=hard -nostartfiles"
make[2]: Entering directory `/users/cosic/rdeclerc/Documents/ddp/2016-2017/work-packages/hw/rsa-project/src/sdk/rsa_design_example_bsp_/ps7_cortexa9_0/libsrc/scuwdt_v2_1/src'
make[2]: Leaving directory `/users/cosic/rdeclerc/Documents/ddp/2016-2017/work-packages/hw/rsa-project/src/sdk/rsa_design_example_bsp_/ps7_cortexa9_0/libsrc/scuwdt_v2_1/src'
Running Make include in ps7_cortexa9_0/libsrc/ttcps_v3_1/src
make -C ps7_cortexa9_0/libsrc/ttcps_v3_1/src -s include  "SHELL=/bin/sh" "COMPILER=arm-none-eabi-gcc" "ARCHIVER=arm-none-eabi-ar" "COMPILER_FLAGS=  -O2 -c" "EXTRA_COMPILER_FLAGS=-mcpu=cortex-a9 -mfpu=vfpv3 -mfloat-abi=hard -nostartfiles"
make[2]: Entering directory `/users/cosic/rdeclerc/Documents/ddp/2016-2017/work-packages/hw/rsa-project/src/sdk/rsa_design_example_bsp_/ps7_cortexa9_0/libsrc/ttcps_v3_1/src'
make[2]: Leaving directory `/users/cosic/rdeclerc/Documents/ddp/2016-2017/work-packages/hw/rsa-project/src/sdk/rsa_design_example_bsp_/ps7_cortexa9_0/libsrc/ttcps_v3_1/src'
Running Make include in ps7_cortexa9_0/libsrc/coresightps_dcc_v1_2/src
make -C ps7_cortexa9_0/libsrc/coresightps_dcc_v1_2/src -s include  "SHELL=/bin/sh" "COMPILER=arm-none-eabi-gcc" "ARCHIVER=arm-none-eabi-ar" "COMPILER_FLAGS=  -O2 -c" "EXTRA_COMPILER_FLAGS=-mcpu=cortex-a9 -mfpu=vfpv3 -mfloat-abi=hard -nostartfiles"
make[2]: Entering directory `/users/cosic/rdeclerc/Documents/ddp/2016-2017/work-packages/hw/rsa-project/src/sdk/rsa_design_example_bsp_/ps7_cortexa9_0/libsrc/coresightps_dcc_v1_2/src'
make[2]: Leaving directory `/users/cosic/rdeclerc/Documents/ddp/2016-2017/work-packages/hw/rsa-project/src/sdk/rsa_design_example_bsp_/ps7_cortexa9_0/libsrc/coresightps_dcc_v1_2/src'
Running Make include in ps7_cortexa9_0/libsrc/standalone_v5_5/src
make -C ps7_cortexa9_0/libsrc/standalone_v5_5/src -s include  "SHELL=/bin/sh" "COMPILER=arm-none-eabi-gcc" "ARCHIVER=arm-none-eabi-ar" "COMPILER_FLAGS=  -O2 -c" "EXTRA_COMPILER_FLAGS=-mcpu=cortex-a9 -mfpu=vfpv3 -mfloat-abi=hard -nostartfiles"
make[2]: Entering directory `/users/cosic/rdeclerc/Documents/ddp/2016-2017/work-packages/hw/rsa-project/src/sdk/rsa_design_example_bsp_/ps7_cortexa9_0/libsrc/standalone_v5_5/src'
make[3]: Entering directory `/users/cosic/rdeclerc/Documents/ddp/2016-2017/work-packages/hw/rsa-project/src/sdk/rsa_design_example_bsp_/ps7_cortexa9_0/libsrc/standalone_v5_5/src/profile'
make[3]: Leaving directory `/users/cosic/rdeclerc/Documents/ddp/2016-2017/work-packages/hw/rsa-project/src/sdk/rsa_design_example_bsp_/ps7_cortexa9_0/libsrc/standalone_v5_5/src/profile'
make[2]: Leaving directory `/users/cosic/rdeclerc/Documents/ddp/2016-2017/work-packages/hw/rsa-project/src/sdk/rsa_design_example_bsp_/ps7_cortexa9_0/libsrc/standalone_v5_5/src'
Running Make include in ps7_cortexa9_0/libsrc/usbps_v2_4/src
make -C ps7_cortexa9_0/libsrc/usbps_v2_4/src -s include  "SHELL=/bin/sh" "COMPILER=arm-none-eabi-gcc" "ARCHIVER=arm-none-eabi-ar" "COMPILER_FLAGS=  -O2 -c" "EXTRA_COMPILER_FLAGS=-mcpu=cortex-a9 -mfpu=vfpv3 -mfloat-abi=hard -nostartfiles"
make[2]: Entering directory `/users/cosic/rdeclerc/Documents/ddp/2016-2017/work-packages/hw/rsa-project/src/sdk/rsa_design_example_bsp_/ps7_cortexa9_0/libsrc/usbps_v2_4/src'
make[2]: Leaving directory `/users/cosic/rdeclerc/Documents/ddp/2016-2017/work-packages/hw/rsa-project/src/sdk/rsa_design_example_bsp_/ps7_cortexa9_0/libsrc/usbps_v2_4/src'
Running Make include in ps7_cortexa9_0/libsrc/scutimer_v2_1/src
make -C ps7_cortexa9_0/libsrc/scutimer_v2_1/src -s include  "SHELL=/bin/sh" "COMPILER=arm-none-eabi-gcc" "ARCHIVER=arm-none-eabi-ar" "COMPILER_FLAGS=  -O2 -c" "EXTRA_COMPILER_FLAGS=-mcpu=cortex-a9 -mfpu=vfpv3 -mfloat-abi=hard -nostartfiles"
make[2]: Entering directory `/users/cosic/rdeclerc/Documents/ddp/2016-2017/work-packages/hw/rsa-project/src/sdk/rsa_design_example_bsp_/ps7_cortexa9_0/libsrc/scutimer_v2_1/src'
make[2]: Leaving directory `/users/cosic/rdeclerc/Documents/ddp/2016-2017/work-packages/hw/rsa-project/src/sdk/rsa_design_example_bsp_/ps7_cortexa9_0/libsrc/scutimer_v2_1/src'
Running Make libs in ps7_cortexa9_0/libsrc/qspips_v3_3/src
make -C ps7_cortexa9_0/libsrc/qspips_v3_3/src -s libs  "SHELL=/bin/sh" "COMPILER=arm-none-eabi-gcc" "ARCHIVER=arm-none-eabi-ar" "COMPILER_FLAGS=  -O2 -c" "EXTRA_COMPILER_FLAGS=-mcpu=cortex-a9 -mfpu=vfpv3 -mfloat-abi=hard -nostartfiles"
make[2]: Entering directory `/users/cosic/rdeclerc/Documents/ddp/2016-2017/work-packages/hw/rsa-project/src/sdk/rsa_design_example_bsp_/ps7_cortexa9_0/libsrc/qspips_v3_3/src'
Compiling qspips
arm-none-eabi-ar: ../../../lib/libxil.a: No such file or directory
make[2]: *** [xqspips_libs] Error 1
make[2]: Leaving directory `/users/cosic/rdeclerc/Documents/ddp/2016-2017/work-packages/hw/rsa-project/src/sdk/rsa_design_example_bsp_/ps7_cortexa9_0/libsrc/qspips_v3_3/src'
make[2]: Target `libs' not remade because of errors.
Running Make libs in ps7_cortexa9_0/libsrc/ddrps_v1_0/src
make -C ps7_cortexa9_0/libsrc/ddrps_v1_0/src -s libs  "SHELL=/bin/sh" "COMPILER=arm-none-eabi-gcc" "ARCHIVER=arm-none-eabi-ar" "COMPILER_FLAGS=  -O2 -c" "EXTRA_COMPILER_FLAGS=-mcpu=cortex-a9 -mfpu=vfpv3 -mfloat-abi=hard -nostartfiles"
make[2]: Entering directory `/users/cosic/rdeclerc/Documents/ddp/2016-2017/work-packages/hw/rsa-project/src/sdk/rsa_design_example_bsp_/ps7_cortexa9_0/libsrc/ddrps_v1_0/src'
make[1]: *** [ps7_cortexa9_0/libsrc/qspips_v3_3/src/make.libs] Error 2
Compiling ddrps
arm-none-eabi-ar: ../../../lib/libxil.a: No such file or directory
make[2]: Leaving directory `/users/cosic/rdeclerc/Documents/ddp/2016-2017/work-packages/hw/rsa-project/src/sdk/rsa_design_example_bsp_/ps7_cortexa9_0/libsrc/ddrps_v1_0/src'
make[2]: *** [xddrps_libs] Error 1
Running Make libs in ps7_cortexa9_0/libsrc/cpu_cortexa9_v2_2/src
make[2]: Target `libs' not remade because of errors.
make -C ps7_cortexa9_0/libsrc/cpu_cortexa9_v2_2/src -s libs  "SHELL=/bin/sh" "COMPILER=arm-none-eabi-gcc" "ARCHIVER=arm-none-eabi-ar" "COMPILER_FLAGS=  -O2 -c" "EXTRA_COMPILER_FLAGS=-mcpu=cortex-a9 -mfpu=vfpv3 -mfloat-abi=hard -nostartfiles"
make[1]: *** [ps7_cortexa9_0/libsrc/ddrps_v1_0/src/make.libs] Error 2
make[2]: Entering directory `/users/cosic/rdeclerc/Documents/ddp/2016-2017/work-packages/hw/rsa-project/src/sdk/rsa_design_example_bsp_/ps7_cortexa9_0/libsrc/cpu_cortexa9_v2_2/src'
Compiling cpu_cortexa9
make[2]: Leaving directory `/users/cosic/rdeclerc/Documents/ddp/2016-2017/work-packages/hw/rsa-project/src/sdk/rsa_design_example_bsp_/ps7_cortexa9_0/libsrc/cpu_cortexa9_v2_2/src'
Running Make libs in ps7_cortexa9_0/libsrc/sdps_v2_8/src
make -C ps7_cortexa9_0/libsrc/sdps_v2_8/src -s libs  "SHELL=/bin/sh" "COMPILER=arm-none-eabi-gcc" "ARCHIVER=arm-none-eabi-ar" "COMPILER_FLAGS=  -O2 -c" "EXTRA_COMPILER_FLAGS=-mcpu=cortex-a9 -mfpu=vfpv3 -mfloat-abi=hard -nostartfiles"
make[2]: Entering directory `/users/cosic/rdeclerc/Documents/ddp/2016-2017/work-packages/hw/rsa-project/src/sdk/rsa_design_example_bsp_/ps7_cortexa9_0/libsrc/sdps_v2_8/src'
Compiling sdps
arm-none-eabi-ar: ../../../lib/libxil.a: No such file or directory
make[2]: *** [xsdps_libs] Error 1
make[2]: Leaving directory `/users/cosic/rdeclerc/Documents/ddp/2016-2017/work-packages/hw/rsa-project/src/sdk/rsa_design_example_bsp_/ps7_cortexa9_0/libsrc/sdps_v2_8/src'
make[2]: Target `libs' not remade because of errors.
make[1]: *** [ps7_cortexa9_0/libsrc/sdps_v2_8/src/make.libs] Error 2
Running Make libs in ps7_cortexa9_0/libsrc/emacps_v3_2/src
make -C ps7_cortexa9_0/libsrc/emacps_v3_2/src -s libs  "SHELL=/bin/sh" "COMPILER=arm-none-eabi-gcc" "ARCHIVER=arm-none-eabi-ar" "COMPILER_FLAGS=  -O2 -c" "EXTRA_COMPILER_FLAGS=-mcpu=cortex-a9 -mfpu=vfpv3 -mfloat-abi=hard -nostartfiles"
make[2]: Entering directory `/users/cosic/rdeclerc/Documents/ddp/2016-2017/work-packages/hw/rsa-project/src/sdk/rsa_design_example_bsp_/ps7_cortexa9_0/libsrc/emacps_v3_2/src'
Compiling emacps
arm-none-eabi-ar: ../../../lib/libxil.a: No such file or directory
make[2]: *** [xemacps_libs] Error 1
make[2]: Leaving directory `/users/cosic/rdeclerc/Documents/ddp/2016-2017/work-packages/hw/rsa-project/src/sdk/rsa_design_example_bsp_/ps7_cortexa9_0/libsrc/emacps_v3_2/src'
make[2]: Target `libs' not remade because of errors.
Running Make libs in ps7_cortexa9_0/libsrc/uartps_v3_1/src
make[1]: *** [ps7_cortexa9_0/libsrc/emacps_v3_2/src/make.libs] Error 2
make -C ps7_cortexa9_0/libsrc/uartps_v3_1/src -s libs  "SHELL=/bin/sh" "COMPILER=arm-none-eabi-gcc" "ARCHIVER=arm-none-eabi-ar" "COMPILER_FLAGS=  -O2 -c" "EXTRA_COMPILER_FLAGS=-mcpu=cortex-a9 -mfpu=vfpv3 -mfloat-abi=hard -nostartfiles"
make[2]: Entering directory `/users/cosic/rdeclerc/Documents/ddp/2016-2017/work-packages/hw/rsa-project/src/sdk/rsa_design_example_bsp_/ps7_cortexa9_0/libsrc/uartps_v3_1/src'
Compiling uartps
arm-none-eabi-ar: ../../../lib/libxil.a: No such file or directory
make[2]: *** [xuartps_libs] Error 1
make[2]: Leaving directory `/users/cosic/rdeclerc/Documents/ddp/2016-2017/work-packages/hw/rsa-project/src/sdk/rsa_design_example_bsp_/ps7_cortexa9_0/libsrc/uartps_v3_1/src'
make[2]: Target `libs' not remade because of errors.
Running Make libs in ps7_cortexa9_0/libsrc/scugic_v3_3/src
make[1]: *** [ps7_cortexa9_0/libsrc/uartps_v3_1/src/make.libs] Error 2
make -C ps7_cortexa9_0/libsrc/scugic_v3_3/src -s libs  "SHELL=/bin/sh" "COMPILER=arm-none-eabi-gcc" "ARCHIVER=arm-none-eabi-ar" "COMPILER_FLAGS=  -O2 -c" "EXTRA_COMPILER_FLAGS=-mcpu=cortex-a9 -mfpu=vfpv3 -mfloat-abi=hard -nostartfiles"
make[2]: Entering directory `/users/cosic/rdeclerc/Documents/ddp/2016-2017/work-packages/hw/rsa-project/src/sdk/rsa_design_example_bsp_/ps7_cortexa9_0/libsrc/scugic_v3_3/src'
Compiling scugic
arm-none-eabi-ar: ../../../lib/libxil.a: No such file or directory
make[2]: *** [scugic_libs] Error 1
make[2]: Leaving directory `/users/cosic/rdeclerc/Documents/ddp/2016-2017/work-packages/hw/rsa-project/src/sdk/rsa_design_example_bsp_/ps7_cortexa9_0/libsrc/scugic_v3_3/src'
make[2]: Target `libs' not remade because of errors.
make[1]: *** [ps7_cortexa9_0/libsrc/scugic_v3_3/src/make.libs] Error 2
Running Make libs in ps7_cortexa9_0/libsrc/axidma_v9_2/src
make -C ps7_cortexa9_0/libsrc/axidma_v9_2/src -s libs  "SHELL=/bin/sh" "COMPILER=arm-none-eabi-gcc" "ARCHIVER=arm-none-eabi-ar" "COMPILER_FLAGS=  -O2 -c" "EXTRA_COMPILER_FLAGS=-mcpu=cortex-a9 -mfpu=vfpv3 -mfloat-abi=hard -nostartfiles"
make[2]: Entering directory `/users/cosic/rdeclerc/Documents/ddp/2016-2017/work-packages/hw/rsa-project/src/sdk/rsa_design_example_bsp_/ps7_cortexa9_0/libsrc/axidma_v9_2/src'
Compiling axidma
arm-none-eabi-ar: ../../../lib/libxil.a: No such file or directory
make[2]: *** [libs] Error 1
make[1]: *** [ps7_cortexa9_0/libsrc/axidma_v9_2/src/make.libs] Error 2
make[2]: Leaving directory `/users/cosic/rdeclerc/Documents/ddp/2016-2017/work-packages/hw/rsa-project/src/sdk/rsa_design_example_bsp_/ps7_cortexa9_0/libsrc/axidma_v9_2/src'
Running Make libs in ps7_cortexa9_0/libsrc/my_montgomery_v1_0/src
make -C ps7_cortexa9_0/libsrc/my_montgomery_v1_0/src -s libs  "SHELL=/bin/sh" "COMPILER=arm-none-eabi-gcc" "ARCHIVER=arm-none-eabi-ar" "COMPILER_FLAGS=  -O2 -c" "EXTRA_COMPILER_FLAGS=-mcpu=cortex-a9 -mfpu=vfpv3 -mfloat-abi=hard -nostartfiles"
make[2]: Entering directory `/users/cosic/rdeclerc/Documents/ddp/2016-2017/work-packages/hw/rsa-project/src/sdk/rsa_design_example_bsp_/ps7_cortexa9_0/libsrc/my_montgomery_v1_0/src'
Compiling my_montgomery...
arm-none-eabi-ar: ../../../lib/libxil.a: No such file or directory
make[2]: Leaving directory `/users/cosic/rdeclerc/Documents/ddp/2016-2017/work-packages/hw/rsa-project/src/sdk/rsa_design_example_bsp_/ps7_cortexa9_0/libsrc/my_montgomery_v1_0/src'
make[2]: *** [libs] Error 1
Running Make libs in ps7_cortexa9_0/libsrc/xadcps_v2_2/src
make[1]: *** [ps7_cortexa9_0/libsrc/my_montgomery_v1_0/src/make.libs] Error 2
make -C ps7_cortexa9_0/libsrc/xadcps_v2_2/src -s libs  "SHELL=/bin/sh" "COMPILER=arm-none-eabi-gcc" "ARCHIVER=arm-none-eabi-ar" "COMPILER_FLAGS=  -O2 -c" "EXTRA_COMPILER_FLAGS=-mcpu=cortex-a9 -mfpu=vfpv3 -mfloat-abi=hard -nostartfiles"
make[2]: Entering directory `/users/cosic/rdeclerc/Documents/ddp/2016-2017/work-packages/hw/rsa-project/src/sdk/rsa_design_example_bsp_/ps7_cortexa9_0/libsrc/xadcps_v2_2/src'
Compiling xadcps
arm-none-eabi-ar: ../../../lib/libxil.a: No such file or directory
make[2]: *** [xadcps_libs] Error 1
make[2]: Leaving directory `/users/cosic/rdeclerc/Documents/ddp/2016-2017/work-packages/hw/rsa-project/src/sdk/rsa_design_example_bsp_/ps7_cortexa9_0/libsrc/xadcps_v2_2/src'
make[2]: Target `libs' not remade because of errors.
Running Make libs in ps7_cortexa9_0/libsrc/devcfg_v3_4/src
make[1]: *** [ps7_cortexa9_0/libsrc/xadcps_v2_2/src/make.libs] Error 2
make -C ps7_cortexa9_0/libsrc/devcfg_v3_4/src -s libs  "SHELL=/bin/sh" "COMPILER=arm-none-eabi-gcc" "ARCHIVER=arm-none-eabi-ar" "COMPILER_FLAGS=  -O2 -c" "EXTRA_COMPILER_FLAGS=-mcpu=cortex-a9 -mfpu=vfpv3 -mfloat-abi=hard -nostartfiles"
make[2]: Entering directory `/users/cosic/rdeclerc/Documents/ddp/2016-2017/work-packages/hw/rsa-project/src/sdk/rsa_design_example_bsp_/ps7_cortexa9_0/libsrc/devcfg_v3_4/src'
Compiling devcfg
arm-none-eabi-ar: ../../../lib/libxil.a: No such file or directory
make[2]: *** [xdevcfg_libs] Error 1
make[2]: Leaving directory `/users/cosic/rdeclerc/Documents/ddp/2016-2017/work-packages/hw/rsa-project/src/sdk/rsa_design_example_bsp_/ps7_cortexa9_0/libsrc/devcfg_v3_4/src'
make[2]: Target `libs' not remade because of errors.
Running Make libs in ps7_cortexa9_0/libsrc/dmaps_v2_1/src
make -C ps7_cortexa9_0/libsrc/dmaps_v2_1/src -s libs  "SHELL=/bin/sh" "COMPILER=arm-none-eabi-gcc" "ARCHIVER=arm-none-eabi-ar" "COMPILER_FLAGS=  -O2 -c" "EXTRA_COMPILER_FLAGS=-mcpu=cortex-a9 -mfpu=vfpv3 -mfloat-abi=hard -nostartfiles"
make[2]: Entering directory `/users/cosic/rdeclerc/Documents/ddp/2016-2017/work-packages/hw/rsa-project/src/sdk/rsa_design_example_bsp_/ps7_cortexa9_0/libsrc/dmaps_v2_1/src'
make[1]: *** [ps7_cortexa9_0/libsrc/devcfg_v3_4/src/make.libs] Error 2
Compiling dmaps
arm-none-eabi-ar: ../../../lib/libxil.a: No such file or directory
make[2]: *** [xdmaps_libs] Error 1
make[2]: Leaving directory `/users/cosic/rdeclerc/Documents/ddp/2016-2017/work-packages/hw/rsa-project/src/sdk/rsa_design_example_bsp_/ps7_cortexa9_0/libsrc/dmaps_v2_1/src'
make[2]: Target `libs' not remade because of errors.
make[1]: *** [ps7_cortexa9_0/libsrc/dmaps_v2_1/src/make.libs] Error 2
Running Make libs in ps7_cortexa9_0/libsrc/gpiops_v3_1/src
make -C ps7_cortexa9_0/libsrc/gpiops_v3_1/src -s libs  "SHELL=/bin/sh" "COMPILER=arm-none-eabi-gcc" "ARCHIVER=arm-none-eabi-ar" "COMPILER_FLAGS=  -O2 -c" "EXTRA_COMPILER_FLAGS=-mcpu=cortex-a9 -mfpu=vfpv3 -mfloat-abi=hard -nostartfiles"
make[2]: Entering directory `/users/cosic/rdeclerc/Documents/ddp/2016-2017/work-packages/hw/rsa-project/src/sdk/rsa_design_example_bsp_/ps7_cortexa9_0/libsrc/gpiops_v3_1/src'
Compiling gpiops
arm-none-eabi-ar: ../../../lib/libxil.a: No such file or directory
make[2]: *** [xgpiops_libs] Error 1
make[2]: Leaving directory `/users/cosic/rdeclerc/Documents/ddp/2016-2017/work-packages/hw/rsa-project/src/sdk/rsa_design_example_bsp_/ps7_cortexa9_0/libsrc/gpiops_v3_1/src'
make[2]: Target `libs' not remade because of errors.
make[1]: *** [ps7_cortexa9_0/libsrc/gpiops_v3_1/src/make.libs] Error 2
Running Make libs in ps7_cortexa9_0/libsrc/scuwdt_v2_1/src
make -C ps7_cortexa9_0/libsrc/scuwdt_v2_1/src -s libs  "SHELL=/bin/sh" "COMPILER=arm-none-eabi-gcc" "ARCHIVER=arm-none-eabi-ar" "COMPILER_FLAGS=  -O2 -c" "EXTRA_COMPILER_FLAGS=-mcpu=cortex-a9 -mfpu=vfpv3 -mfloat-abi=hard -nostartfiles"
make[2]: Entering directory `/users/cosic/rdeclerc/Documents/ddp/2016-2017/work-packages/hw/rsa-project/src/sdk/rsa_design_example_bsp_/ps7_cortexa9_0/libsrc/scuwdt_v2_1/src'
Compiling scuwdt
arm-none-eabi-ar: ../../../lib/libxil.a: No such file or directory
make[2]: Leaving directory `/users/cosic/rdeclerc/Documents/ddp/2016-2017/work-packages/hw/rsa-project/src/sdk/rsa_design_example_bsp_/ps7_cortexa9_0/libsrc/scuwdt_v2_1/src'
Running Make libs in ps7_cortexa9_0/libsrc/ttcps_v3_1/src
make -C ps7_cortexa9_0/libsrc/ttcps_v3_1/src -s libs  "SHELL=/bin/sh" "COMPILER=arm-none-eabi-gcc" "ARCHIVER=arm-none-eabi-ar" "COMPILER_FLAGS=  -O2 -c" "EXTRA_COMPILER_FLAGS=-mcpu=cortex-a9 -mfpu=vfpv3 -mfloat-abi=hard -nostartfiles"
make[2]: *** [scuwdt_libs] Error 1
make[2]: Entering directory `/users/cosic/rdeclerc/Documents/ddp/2016-2017/work-packages/hw/rsa-project/src/sdk/rsa_design_example_bsp_/ps7_cortexa9_0/libsrc/ttcps_v3_1/src'
make[2]: Target `libs' not remade because of errors.
Compiling ttcps
make[1]: *** [ps7_cortexa9_0/libsrc/scuwdt_v2_1/src/make.libs] Error 2
arm-none-eabi-ar: ../../../lib/libxil.a: No such file or directory
make[2]: *** [ttcps_libs] Error 1
make[2]: Leaving directory `/users/cosic/rdeclerc/Documents/ddp/2016-2017/work-packages/hw/rsa-project/src/sdk/rsa_design_example_bsp_/ps7_cortexa9_0/libsrc/ttcps_v3_1/src'
make[2]: Target `libs' not remade because of errors.
make[1]: *** [ps7_cortexa9_0/libsrc/ttcps_v3_1/src/make.libs] Error 2
Running Make libs in ps7_cortexa9_0/libsrc/coresightps_dcc_v1_2/src
make -C ps7_cortexa9_0/libsrc/coresightps_dcc_v1_2/src -s libs  "SHELL=/bin/sh" "COMPILER=arm-none-eabi-gcc" "ARCHIVER=arm-none-eabi-ar" "COMPILER_FLAGS=  -O2 -c" "EXTRA_COMPILER_FLAGS=-mcpu=cortex-a9 -mfpu=vfpv3 -mfloat-abi=hard -nostartfiles"
make[2]: Entering directory `/users/cosic/rdeclerc/Documents/ddp/2016-2017/work-packages/hw/rsa-project/src/sdk/rsa_design_example_bsp_/ps7_cortexa9_0/libsrc/coresightps_dcc_v1_2/src'
Compiling coresightps_dcc
arm-none-eabi-ar: ../../../lib/libxil.a: No such file or directory
make[2]: *** [coresightps_dcc_comp_libs] Error 1
make[2]: Leaving directory `/users/cosic/rdeclerc/Documents/ddp/2016-2017/work-packages/hw/rsa-project/src/sdk/rsa_design_example_bsp_/ps7_cortexa9_0/libsrc/coresightps_dcc_v1_2/src'
make[2]: Target `libs' not remade because of errors.
Running Make libs in ps7_cortexa9_0/libsrc/standalone_v5_5/src
make -C ps7_cortexa9_0/libsrc/standalone_v5_5/src -s libs  "SHELL=/bin/sh" "COMPILER=arm-none-eabi-gcc" "ARCHIVER=arm-none-eabi-ar" "COMPILER_FLAGS=  -O2 -c" "EXTRA_COMPILER_FLAGS=-mcpu=cortex-a9 -mfpu=vfpv3 -mfloat-abi=hard -nostartfiles"
make[2]: Entering directory `/users/cosic/rdeclerc/Documents/ddp/2016-2017/work-packages/hw/rsa-project/src/sdk/rsa_design_example_bsp_/ps7_cortexa9_0/libsrc/standalone_v5_5/src'
Compiling standalone
make[1]: *** [ps7_cortexa9_0/libsrc/coresightps_dcc_v1_2/src/make.libs] Error 2
arm-none-eabi-ar: ../../../lib/libxil.a: No such file or directory
make[2]: Leaving directory `/users/cosic/rdeclerc/Documents/ddp/2016-2017/work-packages/hw/rsa-project/src/sdk/rsa_design_example_bsp_/ps7_cortexa9_0/libsrc/standalone_v5_5/src'
make[2]: *** [standalone_libs] Error 1
Running Make libs in ps7_cortexa9_0/libsrc/usbps_v2_4/src
make[2]: Target `libs' not remade because of errors.
make[1]: *** [ps7_cortexa9_0/libsrc/standalone_v5_5/src/make.libs] Error 2
make -C ps7_cortexa9_0/libsrc/usbps_v2_4/src -s libs  "SHELL=/bin/sh" "COMPILER=arm-none-eabi-gcc" "ARCHIVER=arm-none-eabi-ar" "COMPILER_FLAGS=  -O2 -c" "EXTRA_COMPILER_FLAGS=-mcpu=cortex-a9 -mfpu=vfpv3 -mfloat-abi=hard -nostartfiles"
make[2]: Entering directory `/users/cosic/rdeclerc/Documents/ddp/2016-2017/work-packages/hw/rsa-project/src/sdk/rsa_design_example_bsp_/ps7_cortexa9_0/libsrc/usbps_v2_4/src'
Compiling usbps
arm-none-eabi-ar: ../../../lib/libxil.a: No such file or directory
make[2]: *** [xusbps_libs] Error 1
make[2]: Target `libs' not remade because of errors.
make[2]: Leaving directory `/users/cosic/rdeclerc/Documents/ddp/2016-2017/work-packages/hw/rsa-project/src/sdk/rsa_design_example_bsp_/ps7_cortexa9_0/libsrc/usbps_v2_4/src'
make[1]: *** [ps7_cortexa9_0/libsrc/usbps_v2_4/src/make.libs] Error 2
Running Make libs in ps7_cortexa9_0/libsrc/scutimer_v2_1/src
make -C ps7_cortexa9_0/libsrc/scutimer_v2_1/src -s libs  "SHELL=/bin/sh" "COMPILER=arm-none-eabi-gcc" "ARCHIVER=arm-none-eabi-ar" "COMPILER_FLAGS=  -O2 -c" "EXTRA_COMPILER_FLAGS=-mcpu=cortex-a9 -mfpu=vfpv3 -mfloat-abi=hard -nostartfiles"
make[2]: Entering directory `/users/cosic/rdeclerc/Documents/ddp/2016-2017/work-packages/hw/rsa-project/src/sdk/rsa_design_example_bsp_/ps7_cortexa9_0/libsrc/scutimer_v2_1/src'
Compiling scutimer
arm-none-eabi-ar: ../../../lib/libxil.a: No such file or directory
make[2]: *** [scutimer_libs] Error 1
make[2]: Leaving directory `/users/cosic/rdeclerc/Documents/ddp/2016-2017/work-packages/hw/rsa-project/src/sdk/rsa_design_example_bsp_/ps7_cortexa9_0/libsrc/scutimer_v2_1/src'
make[2]: Target `libs' not remade because of errors.
make[1]: *** [ps7_cortexa9_0/libsrc/scutimer_v2_1/src/make.libs] Error 2
make[1]: Target `all' not remade because of errors.
make[1]: Leaving directory `/users/cosic/rdeclerc/Documents/ddp/2016-2017/work-packages/hw/rsa-project/src/sdk/rsa_design_example_bsp_'
16:03:13 **** Incremental Build of configuration Debug for project rsa_design_example_ ****
make pre-build main-build 
make[1]: Entering directory `/users/cosic/rdeclerc/Documents/ddp/2016-2017/work-packages/hw/rsa-project/src/sdk/rsa_design_example_/Debug'
make[1]: warning: jobserver unavailable: using -j1.  Add `+' to parent make rule.
a9-linaro-pre-build-step
 
make[1]: Nothing to be done for `main-build'.
make[1]: Leaving directory `/users/cosic/rdeclerc/Documents/ddp/2016-2017/work-packages/hw/rsa-project/src/sdk/rsa_design_example_/Debug'
16:03:13 **** Incremental Build of configuration Debug for project rsa_design_example ****
make pre-build main-build 
make[1]: Entering directory `/users/cosic/rdeclerc/Documents/ddp/2016-2017/work-packages/hw/rsa-project/src/sdk/rsa_design_example/Debug'
make[1]: warning: jobserver unavailable: using -j1.  Add `+' to parent make rule.
a9-linaro-pre-build-step
 
make[1]: Nothing to be done for `main-build'.
make[1]: Leaving directory `/users/cosic/rdeclerc/Documents/ddp/2016-2017/work-packages/hw/rsa-project/src/sdk/rsa_design_example/Debug'
16:03:37 **** Incremental Build of configuration Debug for project rsa_design_example_ ****
make pre-build main-build 
make[1]: warning: jobserver unavailable: using -j1.  Add `+' to parent make rule.
make[1]: Entering directory `/users/cosic/rdeclerc/Documents/ddp/2016-2017/work-packages/hw/rsa-project/src/sdk/rsa_design_example_/Debug'
a9-linaro-pre-build-step
 
make[1]: Nothing to be done for `main-build'.
make[1]: Leaving directory `/users/cosic/rdeclerc/Documents/ddp/2016-2017/work-packages/hw/rsa-project/src/sdk/rsa_design_example_/Debug'
16:03:37 **** Incremental Build of configuration Debug for project rsa_design_example ****
make pre-build main-build 
make[1]: Entering directory `/users/cosic/rdeclerc/Documents/ddp/2016-2017/work-packages/hw/rsa-project/src/sdk/rsa_design_example/Debug'
make[1]: warning: jobserver unavailable: using -j1.  Add `+' to parent make rule.
a9-linaro-pre-build-step
 
make[1]: Nothing to be done for `main-build'.
make[1]: Leaving directory `/users/cosic/rdeclerc/Documents/ddp/2016-2017/work-packages/hw/rsa-project/src/sdk/rsa_design_example/Debug'
16:04:17 **** Incremental Build of configuration Debug for project rsa_design_example_ ****
make pre-build main-build 
make[1]: warning: jobserver unavailable: using -j1.  Add `+' to parent make rule.
make[1]: Entering directory `/users/cosic/rdeclerc/Documents/ddp/2016-2017/work-packages/hw/rsa-project/src/sdk/rsa_design_example_/Debug'
a9-linaro-pre-build-step
 
make[1]: Nothing to be done for `main-build'.
make[1]: Leaving directory `/users/cosic/rdeclerc/Documents/ddp/2016-2017/work-packages/hw/rsa-project/src/sdk/rsa_design_example_/Debug'
16:04:18 **** Incremental Build of configuration Debug for project rsa_design_example ****
make pre-build main-build 
make[1]: warning: jobserver unavailable: using -j1.  Add `+' to parent make rule.
make[1]: Entering directory `/users/cosic/rdeclerc/Documents/ddp/2016-2017/work-packages/hw/rsa-project/src/sdk/rsa_design_example/Debug'
a9-linaro-pre-build-step
 
make[1]: Nothing to be done for `main-build'.
make[1]: Leaving directory `/users/cosic/rdeclerc/Documents/ddp/2016-2017/work-packages/hw/rsa-project/src/sdk/rsa_design_example/Debug'
16:04:51 **** Incremental Build of configuration Debug for project rsa_design_example_ ****
make pre-build main-build 
make[1]: warning: jobserver unavailable: using -j1.  Add `+' to parent make rule.
make[1]: Entering directory `/users/cosic/rdeclerc/Documents/ddp/2016-2017/work-packages/hw/rsa-project/src/sdk/rsa_design_example_/Debug'
a9-linaro-pre-build-step
 
make[1]: Nothing to be done for `main-build'.
make[1]: Leaving directory `/users/cosic/rdeclerc/Documents/ddp/2016-2017/work-packages/hw/rsa-project/src/sdk/rsa_design_example_/Debug'
16:04:51 **** Incremental Build of configuration Debug for project rsa_design_example ****
make pre-build main-build 
make[1]: Entering directory `/users/cosic/rdeclerc/Documents/ddp/2016-2017/work-packages/hw/rsa-project/src/sdk/rsa_design_example/Debug'
make[1]: warning: jobserver unavailable: using -j1.  Add `+' to parent make rule.
a9-linaro-pre-build-step
 
make[1]: Nothing to be done for `main-build'.
make[1]: Leaving directory `/users/cosic/rdeclerc/Documents/ddp/2016-2017/work-packages/hw/rsa-project/src/sdk/rsa_design_example/Debug'
17:00:42 **** Incremental Build of configuration Debug for project rsa_design_example ****
make pre-build main-build 
make[1]: Entering directory `/users/cosic/rdeclerc/Documents/ddp/2016-2017/work-packages/hw/rsa-project/src/sdk/rsa_design_example/Debug'
make[1]: warning: jobserver unavailable: using -j1.  Add `+' to parent make rule.
a9-linaro-pre-build-step
 
make[1]: Nothing to be done for `main-build'.
make[1]: Leaving directory `/users/cosic/rdeclerc/Documents/ddp/2016-2017/work-packages/hw/rsa-project/src/sdk/rsa_design_example/Debug'
17:01:30 **** Incremental Build of configuration Debug for project rsa_design_example ****
make pre-build main-build 
make[1]: Entering directory `/users/cosic/rdeclerc/Documents/ddp/2016-2017/work-packages/hw/rsa-project/src/sdk/rsa_design_example/Debug'
make[1]: warning: jobserver unavailable: using -j1.  Add `+' to parent make rule.
a9-linaro-pre-build-step
 
make[1]: Nothing to be done for `main-build'.
make[1]: Leaving directory `/users/cosic/rdeclerc/Documents/ddp/2016-2017/work-packages/hw/rsa-project/src/sdk/rsa_design_example/Debug'
17:35:49 **** Build of project rsa_design_example_bsp ****
make -k all 
make[1]: Entering directory `/volume1/fturan/DDP/playground/2017-2018/work-packages/hw/rsa-project/src/sdk/rsa_design_example_bsp'
Running Make include in ps7_cortexa9_0/libsrc/qspips_v3_3/src
make -C ps7_cortexa9_0/libsrc/qspips_v3_3/src -s include  "SHELL=/bin/sh" "COMPILER=arm-none-eabi-gcc" "ARCHIVER=arm-none-eabi-ar" "COMPILER_FLAGS=  -O2 -c" "EXTRA_COMPILER_FLAGS=-mcpu=cortex-a9 -mfpu=vfpv3 -mfloat-abi=hard -nostartfiles"
make[2]: Entering directory `/volume1/fturan/DDP/playground/2017-2018/work-packages/hw/rsa-project/src/sdk/rsa_design_example_bsp/ps7_cortexa9_0/libsrc/qspips_v3_3/src'
make[2]: Leaving directory `/volume1/fturan/DDP/playground/2017-2018/work-packages/hw/rsa-project/src/sdk/rsa_design_example_bsp/ps7_cortexa9_0/libsrc/qspips_v3_3/src'
Running Make include in ps7_cortexa9_0/libsrc/ddrps_v1_0/src
make -C ps7_cortexa9_0/libsrc/ddrps_v1_0/src -s include  "SHELL=/bin/sh" "COMPILER=arm-none-eabi-gcc" "ARCHIVER=arm-none-eabi-ar" "COMPILER_FLAGS=  -O2 -c" "EXTRA_COMPILER_FLAGS=-mcpu=cortex-a9 -mfpu=vfpv3 -mfloat-abi=hard -nostartfiles"
make[2]: Entering directory `/volume1/fturan/DDP/playground/2017-2018/work-packages/hw/rsa-project/src/sdk/rsa_design_example_bsp/ps7_cortexa9_0/libsrc/ddrps_v1_0/src'
make[2]: Leaving directory `/volume1/fturan/DDP/playground/2017-2018/work-packages/hw/rsa-project/src/sdk/rsa_design_example_bsp/ps7_cortexa9_0/libsrc/ddrps_v1_0/src'
Running Make include in ps7_cortexa9_0/libsrc/cpu_cortexa9_v2_2/src
make -C ps7_cortexa9_0/libsrc/cpu_cortexa9_v2_2/src -s include  "SHELL=/bin/sh" "COMPILER=arm-none-eabi-gcc" "ARCHIVER=arm-none-eabi-ar" "COMPILER_FLAGS=  -O2 -c" "EXTRA_COMPILER_FLAGS=-mcpu=cortex-a9 -mfpu=vfpv3 -mfloat-abi=hard -nostartfiles"
make[2]: Entering directory `/volume1/fturan/DDP/playground/2017-2018/work-packages/hw/rsa-project/src/sdk/rsa_design_example_bsp/ps7_cortexa9_0/libsrc/cpu_cortexa9_v2_2/src'
make[2]: Leaving directory `/volume1/fturan/DDP/playground/2017-2018/work-packages/hw/rsa-project/src/sdk/rsa_design_example_bsp/ps7_cortexa9_0/libsrc/cpu_cortexa9_v2_2/src'
Running Make include in ps7_cortexa9_0/libsrc/sdps_v2_8/src
make -C ps7_cortexa9_0/libsrc/sdps_v2_8/src -s include  "SHELL=/bin/sh" "COMPILER=arm-none-eabi-gcc" "ARCHIVER=arm-none-eabi-ar" "COMPILER_FLAGS=  -O2 -c" "EXTRA_COMPILER_FLAGS=-mcpu=cortex-a9 -mfpu=vfpv3 -mfloat-abi=hard -nostartfiles"
make[2]: Entering directory `/volume1/fturan/DDP/playground/2017-2018/work-packages/hw/rsa-project/src/sdk/rsa_design_example_bsp/ps7_cortexa9_0/libsrc/sdps_v2_8/src'
make[2]: Leaving directory `/volume1/fturan/DDP/playground/2017-2018/work-packages/hw/rsa-project/src/sdk/rsa_design_example_bsp/ps7_cortexa9_0/libsrc/sdps_v2_8/src'
Running Make include in ps7_cortexa9_0/libsrc/emacps_v3_2/src
make -C ps7_cortexa9_0/libsrc/emacps_v3_2/src -s include  "SHELL=/bin/sh" "COMPILER=arm-none-eabi-gcc" "ARCHIVER=arm-none-eabi-ar" "COMPILER_FLAGS=  -O2 -c" "EXTRA_COMPILER_FLAGS=-mcpu=cortex-a9 -mfpu=vfpv3 -mfloat-abi=hard -nostartfiles"
make[2]: Entering directory `/volume1/fturan/DDP/playground/2017-2018/work-packages/hw/rsa-project/src/sdk/rsa_design_example_bsp/ps7_cortexa9_0/libsrc/emacps_v3_2/src'
make[2]: Leaving directory `/volume1/fturan/DDP/playground/2017-2018/work-packages/hw/rsa-project/src/sdk/rsa_design_example_bsp/ps7_cortexa9_0/libsrc/emacps_v3_2/src'
Running Make include in ps7_cortexa9_0/libsrc/uartps_v3_1/src
make -C ps7_cortexa9_0/libsrc/uartps_v3_1/src -s include  "SHELL=/bin/sh" "COMPILER=arm-none-eabi-gcc" "ARCHIVER=arm-none-eabi-ar" "COMPILER_FLAGS=  -O2 -c" "EXTRA_COMPILER_FLAGS=-mcpu=cortex-a9 -mfpu=vfpv3 -mfloat-abi=hard -nostartfiles"
make[2]: Entering directory `/volume1/fturan/DDP/playground/2017-2018/work-packages/hw/rsa-project/src/sdk/rsa_design_example_bsp/ps7_cortexa9_0/libsrc/uartps_v3_1/src'
make[2]: Leaving directory `/volume1/fturan/DDP/playground/2017-2018/work-packages/hw/rsa-project/src/sdk/rsa_design_example_bsp/ps7_cortexa9_0/libsrc/uartps_v3_1/src'
Running Make include in ps7_cortexa9_0/libsrc/scugic_v3_3/src
make -C ps7_cortexa9_0/libsrc/scugic_v3_3/src -s include  "SHELL=/bin/sh" "COMPILER=arm-none-eabi-gcc" "ARCHIVER=arm-none-eabi-ar" "COMPILER_FLAGS=  -O2 -c" "EXTRA_COMPILER_FLAGS=-mcpu=cortex-a9 -mfpu=vfpv3 -mfloat-abi=hard -nostartfiles"
make[2]: Entering directory `/volume1/fturan/DDP/playground/2017-2018/work-packages/hw/rsa-project/src/sdk/rsa_design_example_bsp/ps7_cortexa9_0/libsrc/scugic_v3_3/src'
make[2]: Leaving directory `/volume1/fturan/DDP/playground/2017-2018/work-packages/hw/rsa-project/src/sdk/rsa_design_example_bsp/ps7_cortexa9_0/libsrc/scugic_v3_3/src'
Running Make include in ps7_cortexa9_0/libsrc/axidma_v9_2/src
make -C ps7_cortexa9_0/libsrc/axidma_v9_2/src -s include  "SHELL=/bin/sh" "COMPILER=arm-none-eabi-gcc" "ARCHIVER=arm-none-eabi-ar" "COMPILER_FLAGS=  -O2 -c" "EXTRA_COMPILER_FLAGS=-mcpu=cortex-a9 -mfpu=vfpv3 -mfloat-abi=hard -nostartfiles"
make[2]: Entering directory `/volume1/fturan/DDP/playground/2017-2018/work-packages/hw/rsa-project/src/sdk/rsa_design_example_bsp/ps7_cortexa9_0/libsrc/axidma_v9_2/src'
make[2]: Leaving directory `/volume1/fturan/DDP/playground/2017-2018/work-packages/hw/rsa-project/src/sdk/rsa_design_example_bsp/ps7_cortexa9_0/libsrc/axidma_v9_2/src'
Running Make include in ps7_cortexa9_0/libsrc/my_montgomery_v1_0/src
make -C ps7_cortexa9_0/libsrc/my_montgomery_v1_0/src -s include  "SHELL=/bin/sh" "COMPILER=arm-none-eabi-gcc" "ARCHIVER=arm-none-eabi-ar" "COMPILER_FLAGS=  -O2 -c" "EXTRA_COMPILER_FLAGS=-mcpu=cortex-a9 -mfpu=vfpv3 -mfloat-abi=hard -nostartfiles"
make[2]: Entering directory `/volume1/fturan/DDP/playground/2017-2018/work-packages/hw/rsa-project/src/sdk/rsa_design_example_bsp/ps7_cortexa9_0/libsrc/my_montgomery_v1_0/src'
make[2]: Leaving directory `/volume1/fturan/DDP/playground/2017-2018/work-packages/hw/rsa-project/src/sdk/rsa_design_example_bsp/ps7_cortexa9_0/libsrc/my_montgomery_v1_0/src'
Running Make include in ps7_cortexa9_0/libsrc/xadcps_v2_2/src
make -C ps7_cortexa9_0/libsrc/xadcps_v2_2/src -s include  "SHELL=/bin/sh" "COMPILER=arm-none-eabi-gcc" "ARCHIVER=arm-none-eabi-ar" "COMPILER_FLAGS=  -O2 -c" "EXTRA_COMPILER_FLAGS=-mcpu=cortex-a9 -mfpu=vfpv3 -mfloat-abi=hard -nostartfiles"
make[2]: Entering directory `/volume1/fturan/DDP/playground/2017-2018/work-packages/hw/rsa-project/src/sdk/rsa_design_example_bsp/ps7_cortexa9_0/libsrc/xadcps_v2_2/src'
make[2]: Leaving directory `/volume1/fturan/DDP/playground/2017-2018/work-packages/hw/rsa-project/src/sdk/rsa_design_example_bsp/ps7_cortexa9_0/libsrc/xadcps_v2_2/src'
Running Make include in ps7_cortexa9_0/libsrc/devcfg_v3_4/src
make -C ps7_cortexa9_0/libsrc/devcfg_v3_4/src -s include  "SHELL=/bin/sh" "COMPILER=arm-none-eabi-gcc" "ARCHIVER=arm-none-eabi-ar" "COMPILER_FLAGS=  -O2 -c" "EXTRA_COMPILER_FLAGS=-mcpu=cortex-a9 -mfpu=vfpv3 -mfloat-abi=hard -nostartfiles"
make[2]: Entering directory `/volume1/fturan/DDP/playground/2017-2018/work-packages/hw/rsa-project/src/sdk/rsa_design_example_bsp/ps7_cortexa9_0/libsrc/devcfg_v3_4/src'
make[2]: Leaving directory `/volume1/fturan/DDP/playground/2017-2018/work-packages/hw/rsa-project/src/sdk/rsa_design_example_bsp/ps7_cortexa9_0/libsrc/devcfg_v3_4/src'
Running Make include in ps7_cortexa9_0/libsrc/dmaps_v2_1/src
make -C ps7_cortexa9_0/libsrc/dmaps_v2_1/src -s include  "SHELL=/bin/sh" "COMPILER=arm-none-eabi-gcc" "ARCHIVER=arm-none-eabi-ar" "COMPILER_FLAGS=  -O2 -c" "EXTRA_COMPILER_FLAGS=-mcpu=cortex-a9 -mfpu=vfpv3 -mfloat-abi=hard -nostartfiles"
make[2]: Entering directory `/volume1/fturan/DDP/playground/2017-2018/work-packages/hw/rsa-project/src/sdk/rsa_design_example_bsp/ps7_cortexa9_0/libsrc/dmaps_v2_1/src'
make[2]: Leaving directory `/volume1/fturan/DDP/playground/2017-2018/work-packages/hw/rsa-project/src/sdk/rsa_design_example_bsp/ps7_cortexa9_0/libsrc/dmaps_v2_1/src'
Running Make include in ps7_cortexa9_0/libsrc/gpiops_v3_1/src
make -C ps7_cortexa9_0/libsrc/gpiops_v3_1/src -s include  "SHELL=/bin/sh" "COMPILER=arm-none-eabi-gcc" "ARCHIVER=arm-none-eabi-ar" "COMPILER_FLAGS=  -O2 -c" "EXTRA_COMPILER_FLAGS=-mcpu=cortex-a9 -mfpu=vfpv3 -mfloat-abi=hard -nostartfiles"
make[2]: Entering directory `/volume1/fturan/DDP/playground/2017-2018/work-packages/hw/rsa-project/src/sdk/rsa_design_example_bsp/ps7_cortexa9_0/libsrc/gpiops_v3_1/src'
make[2]: Leaving directory `/volume1/fturan/DDP/playground/2017-2018/work-packages/hw/rsa-project/src/sdk/rsa_design_example_bsp/ps7_cortexa9_0/libsrc/gpiops_v3_1/src'
Running Make include in ps7_cortexa9_0/libsrc/scuwdt_v2_1/src
make -C ps7_cortexa9_0/libsrc/scuwdt_v2_1/src -s include  "SHELL=/bin/sh" "COMPILER=arm-none-eabi-gcc" "ARCHIVER=arm-none-eabi-ar" "COMPILER_FLAGS=  -O2 -c" "EXTRA_COMPILER_FLAGS=-mcpu=cortex-a9 -mfpu=vfpv3 -mfloat-abi=hard -nostartfiles"
make[2]: Entering directory `/volume1/fturan/DDP/playground/2017-2018/work-packages/hw/rsa-project/src/sdk/rsa_design_example_bsp/ps7_cortexa9_0/libsrc/scuwdt_v2_1/src'
make[2]: Leaving directory `/volume1/fturan/DDP/playground/2017-2018/work-packages/hw/rsa-project/src/sdk/rsa_design_example_bsp/ps7_cortexa9_0/libsrc/scuwdt_v2_1/src'
Running Make include in ps7_cortexa9_0/libsrc/ttcps_v3_1/src
make -C ps7_cortexa9_0/libsrc/ttcps_v3_1/src -s include  "SHELL=/bin/sh" "COMPILER=arm-none-eabi-gcc" "ARCHIVER=arm-none-eabi-ar" "COMPILER_FLAGS=  -O2 -c" "EXTRA_COMPILER_FLAGS=-mcpu=cortex-a9 -mfpu=vfpv3 -mfloat-abi=hard -nostartfiles"
make[2]: Entering directory `/volume1/fturan/DDP/playground/2017-2018/work-packages/hw/rsa-project/src/sdk/rsa_design_example_bsp/ps7_cortexa9_0/libsrc/ttcps_v3_1/src'
make[2]: Leaving directory `/volume1/fturan/DDP/playground/2017-2018/work-packages/hw/rsa-project/src/sdk/rsa_design_example_bsp/ps7_cortexa9_0/libsrc/ttcps_v3_1/src'
Running Make include in ps7_cortexa9_0/libsrc/coresightps_dcc_v1_2/src
make -C ps7_cortexa9_0/libsrc/coresightps_dcc_v1_2/src -s include  "SHELL=/bin/sh" "COMPILER=arm-none-eabi-gcc" "ARCHIVER=arm-none-eabi-ar" "COMPILER_FLAGS=  -O2 -c" "EXTRA_COMPILER_FLAGS=-mcpu=cortex-a9 -mfpu=vfpv3 -mfloat-abi=hard -nostartfiles"
make[2]: Entering directory `/volume1/fturan/DDP/playground/2017-2018/work-packages/hw/rsa-project/src/sdk/rsa_design_example_bsp/ps7_cortexa9_0/libsrc/coresightps_dcc_v1_2/src'
make[2]: Leaving directory `/volume1/fturan/DDP/playground/2017-2018/work-packages/hw/rsa-project/src/sdk/rsa_design_example_bsp/ps7_cortexa9_0/libsrc/coresightps_dcc_v1_2/src'
Running Make include in ps7_cortexa9_0/libsrc/standalone_v5_5/src
make -C ps7_cortexa9_0/libsrc/standalone_v5_5/src -s include  "SHELL=/bin/sh" "COMPILER=arm-none-eabi-gcc" "ARCHIVER=arm-none-eabi-ar" "COMPILER_FLAGS=  -O2 -c" "EXTRA_COMPILER_FLAGS=-mcpu=cortex-a9 -mfpu=vfpv3 -mfloat-abi=hard -nostartfiles"
make[2]: Entering directory `/volume1/fturan/DDP/playground/2017-2018/work-packages/hw/rsa-project/src/sdk/rsa_design_example_bsp/ps7_cortexa9_0/libsrc/standalone_v5_5/src'
make[3]: Entering directory `/volume1/fturan/DDP/playground/2017-2018/work-packages/hw/rsa-project/src/sdk/rsa_design_example_bsp/ps7_cortexa9_0/libsrc/standalone_v5_5/src/profile'
make[3]: Leaving directory `/volume1/fturan/DDP/playground/2017-2018/work-packages/hw/rsa-project/src/sdk/rsa_design_example_bsp/ps7_cortexa9_0/libsrc/standalone_v5_5/src/profile'
make[2]: Leaving directory `/volume1/fturan/DDP/playground/2017-2018/work-packages/hw/rsa-project/src/sdk/rsa_design_example_bsp/ps7_cortexa9_0/libsrc/standalone_v5_5/src'
Running Make include in ps7_cortexa9_0/libsrc/usbps_v2_4/src
make -C ps7_cortexa9_0/libsrc/usbps_v2_4/src -s include  "SHELL=/bin/sh" "COMPILER=arm-none-eabi-gcc" "ARCHIVER=arm-none-eabi-ar" "COMPILER_FLAGS=  -O2 -c" "EXTRA_COMPILER_FLAGS=-mcpu=cortex-a9 -mfpu=vfpv3 -mfloat-abi=hard -nostartfiles"
make[2]: Entering directory `/volume1/fturan/DDP/playground/2017-2018/work-packages/hw/rsa-project/src/sdk/rsa_design_example_bsp/ps7_cortexa9_0/libsrc/usbps_v2_4/src'
make[2]: Leaving directory `/volume1/fturan/DDP/playground/2017-2018/work-packages/hw/rsa-project/src/sdk/rsa_design_example_bsp/ps7_cortexa9_0/libsrc/usbps_v2_4/src'
Running Make include in ps7_cortexa9_0/libsrc/scutimer_v2_1/src
make -C ps7_cortexa9_0/libsrc/scutimer_v2_1/src -s include  "SHELL=/bin/sh" "COMPILER=arm-none-eabi-gcc" "ARCHIVER=arm-none-eabi-ar" "COMPILER_FLAGS=  -O2 -c" "EXTRA_COMPILER_FLAGS=-mcpu=cortex-a9 -mfpu=vfpv3 -mfloat-abi=hard -nostartfiles"
make[2]: Entering directory `/volume1/fturan/DDP/playground/2017-2018/work-packages/hw/rsa-project/src/sdk/rsa_design_example_bsp/ps7_cortexa9_0/libsrc/scutimer_v2_1/src'
make[2]: Leaving directory `/volume1/fturan/DDP/playground/2017-2018/work-packages/hw/rsa-project/src/sdk/rsa_design_example_bsp/ps7_cortexa9_0/libsrc/scutimer_v2_1/src'
Running Make libs in ps7_cortexa9_0/libsrc/qspips_v3_3/src
make -C ps7_cortexa9_0/libsrc/qspips_v3_3/src -s libs  "SHELL=/bin/sh" "COMPILER=arm-none-eabi-gcc" "ARCHIVER=arm-none-eabi-ar" "COMPILER_FLAGS=  -O2 -c" "EXTRA_COMPILER_FLAGS=-mcpu=cortex-a9 -mfpu=vfpv3 -mfloat-abi=hard -nostartfiles"
make[2]: Entering directory `/volume1/fturan/DDP/playground/2017-2018/work-packages/hw/rsa-project/src/sdk/rsa_design_example_bsp/ps7_cortexa9_0/libsrc/qspips_v3_3/src'
Compiling qspips
make[2]: Leaving directory `/volume1/fturan/DDP/playground/2017-2018/work-packages/hw/rsa-project/src/sdk/rsa_design_example_bsp/ps7_cortexa9_0/libsrc/qspips_v3_3/src'
Running Make libs in ps7_cortexa9_0/libsrc/ddrps_v1_0/src
make -C ps7_cortexa9_0/libsrc/ddrps_v1_0/src -s libs  "SHELL=/bin/sh" "COMPILER=arm-none-eabi-gcc" "ARCHIVER=arm-none-eabi-ar" "COMPILER_FLAGS=  -O2 -c" "EXTRA_COMPILER_FLAGS=-mcpu=cortex-a9 -mfpu=vfpv3 -mfloat-abi=hard -nostartfiles"
make[2]: Entering directory `/volume1/fturan/DDP/playground/2017-2018/work-packages/hw/rsa-project/src/sdk/rsa_design_example_bsp/ps7_cortexa9_0/libsrc/ddrps_v1_0/src'
Compiling ddrps
make[2]: Leaving directory `/volume1/fturan/DDP/playground/2017-2018/work-packages/hw/rsa-project/src/sdk/rsa_design_example_bsp/ps7_cortexa9_0/libsrc/ddrps_v1_0/src'
Running Make libs in ps7_cortexa9_0/libsrc/cpu_cortexa9_v2_2/src
make -C ps7_cortexa9_0/libsrc/cpu_cortexa9_v2_2/src -s libs  "SHELL=/bin/sh" "COMPILER=arm-none-eabi-gcc" "ARCHIVER=arm-none-eabi-ar" "COMPILER_FLAGS=  -O2 -c" "EXTRA_COMPILER_FLAGS=-mcpu=cortex-a9 -mfpu=vfpv3 -mfloat-abi=hard -nostartfiles"
make[2]: Entering directory `/volume1/fturan/DDP/playground/2017-2018/work-packages/hw/rsa-project/src/sdk/rsa_design_example_bsp/ps7_cortexa9_0/libsrc/cpu_cortexa9_v2_2/src'
Compiling cpu_cortexa9
make[2]: Leaving directory `/volume1/fturan/DDP/playground/2017-2018/work-packages/hw/rsa-project/src/sdk/rsa_design_example_bsp/ps7_cortexa9_0/libsrc/cpu_cortexa9_v2_2/src'
Running Make libs in ps7_cortexa9_0/libsrc/sdps_v2_8/src
make -C ps7_cortexa9_0/libsrc/sdps_v2_8/src -s libs  "SHELL=/bin/sh" "COMPILER=arm-none-eabi-gcc" "ARCHIVER=arm-none-eabi-ar" "COMPILER_FLAGS=  -O2 -c" "EXTRA_COMPILER_FLAGS=-mcpu=cortex-a9 -mfpu=vfpv3 -mfloat-abi=hard -nostartfiles"
make[2]: Entering directory `/volume1/fturan/DDP/playground/2017-2018/work-packages/hw/rsa-project/src/sdk/rsa_design_example_bsp/ps7_cortexa9_0/libsrc/sdps_v2_8/src'
Compiling sdps
make[2]: Leaving directory `/volume1/fturan/DDP/playground/2017-2018/work-packages/hw/rsa-project/src/sdk/rsa_design_example_bsp/ps7_cortexa9_0/libsrc/sdps_v2_8/src'
Running Make libs in ps7_cortexa9_0/libsrc/emacps_v3_2/src
make -C ps7_cortexa9_0/libsrc/emacps_v3_2/src -s libs  "SHELL=/bin/sh" "COMPILER=arm-none-eabi-gcc" "ARCHIVER=arm-none-eabi-ar" "COMPILER_FLAGS=  -O2 -c" "EXTRA_COMPILER_FLAGS=-mcpu=cortex-a9 -mfpu=vfpv3 -mfloat-abi=hard -nostartfiles"
make[2]: Entering directory `/volume1/fturan/DDP/playground/2017-2018/work-packages/hw/rsa-project/src/sdk/rsa_design_example_bsp/ps7_cortexa9_0/libsrc/emacps_v3_2/src'
Compiling emacps
make[2]: Leaving directory `/volume1/fturan/DDP/playground/2017-2018/work-packages/hw/rsa-project/src/sdk/rsa_design_example_bsp/ps7_cortexa9_0/libsrc/emacps_v3_2/src'
Running Make libs in ps7_cortexa9_0/libsrc/uartps_v3_1/src
make -C ps7_cortexa9_0/libsrc/uartps_v3_1/src -s libs  "SHELL=/bin/sh" "COMPILER=arm-none-eabi-gcc" "ARCHIVER=arm-none-eabi-ar" "COMPILER_FLAGS=  -O2 -c" "EXTRA_COMPILER_FLAGS=-mcpu=cortex-a9 -mfpu=vfpv3 -mfloat-abi=hard -nostartfiles"
make[2]: Entering directory `/volume1/fturan/DDP/playground/2017-2018/work-packages/hw/rsa-project/src/sdk/rsa_design_example_bsp/ps7_cortexa9_0/libsrc/uartps_v3_1/src'
Compiling uartps
make[2]: Leaving directory `/volume1/fturan/DDP/playground/2017-2018/work-packages/hw/rsa-project/src/sdk/rsa_design_example_bsp/ps7_cortexa9_0/libsrc/uartps_v3_1/src'
Running Make libs in ps7_cortexa9_0/libsrc/scugic_v3_3/src
make -C ps7_cortexa9_0/libsrc/scugic_v3_3/src -s libs  "SHELL=/bin/sh" "COMPILER=arm-none-eabi-gcc" "ARCHIVER=arm-none-eabi-ar" "COMPILER_FLAGS=  -O2 -c" "EXTRA_COMPILER_FLAGS=-mcpu=cortex-a9 -mfpu=vfpv3 -mfloat-abi=hard -nostartfiles"
make[2]: Entering directory `/volume1/fturan/DDP/playground/2017-2018/work-packages/hw/rsa-project/src/sdk/rsa_design_example_bsp/ps7_cortexa9_0/libsrc/scugic_v3_3/src'
Compiling scugic
make[2]: Leaving directory `/volume1/fturan/DDP/playground/2017-2018/work-packages/hw/rsa-project/src/sdk/rsa_design_example_bsp/ps7_cortexa9_0/libsrc/scugic_v3_3/src'
Running Make libs in ps7_cortexa9_0/libsrc/axidma_v9_2/src
make -C ps7_cortexa9_0/libsrc/axidma_v9_2/src -s libs  "SHELL=/bin/sh" "COMPILER=arm-none-eabi-gcc" "ARCHIVER=arm-none-eabi-ar" "COMPILER_FLAGS=  -O2 -c" "EXTRA_COMPILER_FLAGS=-mcpu=cortex-a9 -mfpu=vfpv3 -mfloat-abi=hard -nostartfiles"
make[2]: Entering directory `/volume1/fturan/DDP/playground/2017-2018/work-packages/hw/rsa-project/src/sdk/rsa_design_example_bsp/ps7_cortexa9_0/libsrc/axidma_v9_2/src'
Compiling axidma
make[3]: Entering directory `/volume1/fturan/DDP/playground/2017-2018/work-packages/hw/rsa-project/src/sdk/rsa_design_example_bsp/ps7_cortexa9_0/libsrc/axidma_v9_2/src'
make[3]: Leaving directory `/volume1/fturan/DDP/playground/2017-2018/work-packages/hw/rsa-project/src/sdk/rsa_design_example_bsp/ps7_cortexa9_0/libsrc/axidma_v9_2/src'
make[2]: Leaving directory `/volume1/fturan/DDP/playground/2017-2018/work-packages/hw/rsa-project/src/sdk/rsa_design_example_bsp/ps7_cortexa9_0/libsrc/axidma_v9_2/src'
Running Make libs in ps7_cortexa9_0/libsrc/my_montgomery_v1_0/src
make -C ps7_cortexa9_0/libsrc/my_montgomery_v1_0/src -s libs  "SHELL=/bin/sh" "COMPILER=arm-none-eabi-gcc" "ARCHIVER=arm-none-eabi-ar" "COMPILER_FLAGS=  -O2 -c" "EXTRA_COMPILER_FLAGS=-mcpu=cortex-a9 -mfpu=vfpv3 -mfloat-abi=hard -nostartfiles"
make[2]: Entering directory `/volume1/fturan/DDP/playground/2017-2018/work-packages/hw/rsa-project/src/sdk/rsa_design_example_bsp/ps7_cortexa9_0/libsrc/my_montgomery_v1_0/src'
Compiling my_montgomery...
make[3]: Entering directory `/volume1/fturan/DDP/playground/2017-2018/work-packages/hw/rsa-project/src/sdk/rsa_design_example_bsp/ps7_cortexa9_0/libsrc/my_montgomery_v1_0/src'
make[3]: Leaving directory `/volume1/fturan/DDP/playground/2017-2018/work-packages/hw/rsa-project/src/sdk/rsa_design_example_bsp/ps7_cortexa9_0/libsrc/my_montgomery_v1_0/src'
make[2]: Leaving directory `/volume1/fturan/DDP/playground/2017-2018/work-packages/hw/rsa-project/src/sdk/rsa_design_example_bsp/ps7_cortexa9_0/libsrc/my_montgomery_v1_0/src'
Running Make libs in ps7_cortexa9_0/libsrc/xadcps_v2_2/src
make -C ps7_cortexa9_0/libsrc/xadcps_v2_2/src -s libs  "SHELL=/bin/sh" "COMPILER=arm-none-eabi-gcc" "ARCHIVER=arm-none-eabi-ar" "COMPILER_FLAGS=  -O2 -c" "EXTRA_COMPILER_FLAGS=-mcpu=cortex-a9 -mfpu=vfpv3 -mfloat-abi=hard -nostartfiles"
make[2]: Entering directory `/volume1/fturan/DDP/playground/2017-2018/work-packages/hw/rsa-project/src/sdk/rsa_design_example_bsp/ps7_cortexa9_0/libsrc/xadcps_v2_2/src'
Compiling xadcps
make[2]: Leaving directory `/volume1/fturan/DDP/playground/2017-2018/work-packages/hw/rsa-project/src/sdk/rsa_design_example_bsp/ps7_cortexa9_0/libsrc/xadcps_v2_2/src'
Running Make libs in ps7_cortexa9_0/libsrc/devcfg_v3_4/src
make -C ps7_cortexa9_0/libsrc/devcfg_v3_4/src -s libs  "SHELL=/bin/sh" "COMPILER=arm-none-eabi-gcc" "ARCHIVER=arm-none-eabi-ar" "COMPILER_FLAGS=  -O2 -c" "EXTRA_COMPILER_FLAGS=-mcpu=cortex-a9 -mfpu=vfpv3 -mfloat-abi=hard -nostartfiles"
make[2]: Entering directory `/volume1/fturan/DDP/playground/2017-2018/work-packages/hw/rsa-project/src/sdk/rsa_design_example_bsp/ps7_cortexa9_0/libsrc/devcfg_v3_4/src'
Compiling devcfg
make[2]: Leaving directory `/volume1/fturan/DDP/playground/2017-2018/work-packages/hw/rsa-project/src/sdk/rsa_design_example_bsp/ps7_cortexa9_0/libsrc/devcfg_v3_4/src'
Running Make libs in ps7_cortexa9_0/libsrc/dmaps_v2_1/src
make -C ps7_cortexa9_0/libsrc/dmaps_v2_1/src -s libs  "SHELL=/bin/sh" "COMPILER=arm-none-eabi-gcc" "ARCHIVER=arm-none-eabi-ar" "COMPILER_FLAGS=  -O2 -c" "EXTRA_COMPILER_FLAGS=-mcpu=cortex-a9 -mfpu=vfpv3 -mfloat-abi=hard -nostartfiles"
make[2]: Entering directory `/volume1/fturan/DDP/playground/2017-2018/work-packages/hw/rsa-project/src/sdk/rsa_design_example_bsp/ps7_cortexa9_0/libsrc/dmaps_v2_1/src'
Compiling dmaps
make[2]: Leaving directory `/volume1/fturan/DDP/playground/2017-2018/work-packages/hw/rsa-project/src/sdk/rsa_design_example_bsp/ps7_cortexa9_0/libsrc/dmaps_v2_1/src'
Running Make libs in ps7_cortexa9_0/libsrc/gpiops_v3_1/src
make -C ps7_cortexa9_0/libsrc/gpiops_v3_1/src -s libs  "SHELL=/bin/sh" "COMPILER=arm-none-eabi-gcc" "ARCHIVER=arm-none-eabi-ar" "COMPILER_FLAGS=  -O2 -c" "EXTRA_COMPILER_FLAGS=-mcpu=cortex-a9 -mfpu=vfpv3 -mfloat-abi=hard -nostartfiles"
make[2]: Entering directory `/volume1/fturan/DDP/playground/2017-2018/work-packages/hw/rsa-project/src/sdk/rsa_design_example_bsp/ps7_cortexa9_0/libsrc/gpiops_v3_1/src'
Compiling gpiops
make[2]: Leaving directory `/volume1/fturan/DDP/playground/2017-2018/work-packages/hw/rsa-project/src/sdk/rsa_design_example_bsp/ps7_cortexa9_0/libsrc/gpiops_v3_1/src'
Running Make libs in ps7_cortexa9_0/libsrc/scuwdt_v2_1/src
make -C ps7_cortexa9_0/libsrc/scuwdt_v2_1/src -s libs  "SHELL=/bin/sh" "COMPILER=arm-none-eabi-gcc" "ARCHIVER=arm-none-eabi-ar" "COMPILER_FLAGS=  -O2 -c" "EXTRA_COMPILER_FLAGS=-mcpu=cortex-a9 -mfpu=vfpv3 -mfloat-abi=hard -nostartfiles"
make[2]: Entering directory `/volume1/fturan/DDP/playground/2017-2018/work-packages/hw/rsa-project/src/sdk/rsa_design_example_bsp/ps7_cortexa9_0/libsrc/scuwdt_v2_1/src'
Compiling scuwdt
make[2]: Leaving directory `/volume1/fturan/DDP/playground/2017-2018/work-packages/hw/rsa-project/src/sdk/rsa_design_example_bsp/ps7_cortexa9_0/libsrc/scuwdt_v2_1/src'
Running Make libs in ps7_cortexa9_0/libsrc/ttcps_v3_1/src
make -C ps7_cortexa9_0/libsrc/ttcps_v3_1/src -s libs  "SHELL=/bin/sh" "COMPILER=arm-none-eabi-gcc" "ARCHIVER=arm-none-eabi-ar" "COMPILER_FLAGS=  -O2 -c" "EXTRA_COMPILER_FLAGS=-mcpu=cortex-a9 -mfpu=vfpv3 -mfloat-abi=hard -nostartfiles"
make[2]: Entering directory `/volume1/fturan/DDP/playground/2017-2018/work-packages/hw/rsa-project/src/sdk/rsa_design_example_bsp/ps7_cortexa9_0/libsrc/ttcps_v3_1/src'
Compiling ttcps
make[2]: Leaving directory `/volume1/fturan/DDP/playground/2017-2018/work-packages/hw/rsa-project/src/sdk/rsa_design_example_bsp/ps7_cortexa9_0/libsrc/ttcps_v3_1/src'
Running Make libs in ps7_cortexa9_0/libsrc/coresightps_dcc_v1_2/src
make -C ps7_cortexa9_0/libsrc/coresightps_dcc_v1_2/src -s libs  "SHELL=/bin/sh" "COMPILER=arm-none-eabi-gcc" "ARCHIVER=arm-none-eabi-ar" "COMPILER_FLAGS=  -O2 -c" "EXTRA_COMPILER_FLAGS=-mcpu=cortex-a9 -mfpu=vfpv3 -mfloat-abi=hard -nostartfiles"
make[2]: Entering directory `/volume1/fturan/DDP/playground/2017-2018/work-packages/hw/rsa-project/src/sdk/rsa_design_example_bsp/ps7_cortexa9_0/libsrc/coresightps_dcc_v1_2/src'
Compiling coresightps_dcc
make[2]: Leaving directory `/volume1/fturan/DDP/playground/2017-2018/work-packages/hw/rsa-project/src/sdk/rsa_design_example_bsp/ps7_cortexa9_0/libsrc/coresightps_dcc_v1_2/src'
Running Make libs in ps7_cortexa9_0/libsrc/standalone_v5_5/src
make -C ps7_cortexa9_0/libsrc/standalone_v5_5/src -s libs  "SHELL=/bin/sh" "COMPILER=arm-none-eabi-gcc" "ARCHIVER=arm-none-eabi-ar" "COMPILER_FLAGS=  -O2 -c" "EXTRA_COMPILER_FLAGS=-mcpu=cortex-a9 -mfpu=vfpv3 -mfloat-abi=hard -nostartfiles"
make[2]: Entering directory `/volume1/fturan/DDP/playground/2017-2018/work-packages/hw/rsa-project/src/sdk/rsa_design_example_bsp/ps7_cortexa9_0/libsrc/standalone_v5_5/src'
Compiling standalone
make[2]: Leaving directory `/volume1/fturan/DDP/playground/2017-2018/work-packages/hw/rsa-project/src/sdk/rsa_design_example_bsp/ps7_cortexa9_0/libsrc/standalone_v5_5/src'
Running Make libs in ps7_cortexa9_0/libsrc/usbps_v2_4/src
make -C ps7_cortexa9_0/libsrc/usbps_v2_4/src -s libs  "SHELL=/bin/sh" "COMPILER=arm-none-eabi-gcc" "ARCHIVER=arm-none-eabi-ar" "COMPILER_FLAGS=  -O2 -c" "EXTRA_COMPILER_FLAGS=-mcpu=cortex-a9 -mfpu=vfpv3 -mfloat-abi=hard -nostartfiles"
make[2]: Entering directory `/volume1/fturan/DDP/playground/2017-2018/work-packages/hw/rsa-project/src/sdk/rsa_design_example_bsp/ps7_cortexa9_0/libsrc/usbps_v2_4/src'
Compiling usbps
make[2]: Leaving directory `/volume1/fturan/DDP/playground/2017-2018/work-packages/hw/rsa-project/src/sdk/rsa_design_example_bsp/ps7_cortexa9_0/libsrc/usbps_v2_4/src'
Running Make libs in ps7_cortexa9_0/libsrc/scutimer_v2_1/src
make -C ps7_cortexa9_0/libsrc/scutimer_v2_1/src -s libs  "SHELL=/bin/sh" "COMPILER=arm-none-eabi-gcc" "ARCHIVER=arm-none-eabi-ar" "COMPILER_FLAGS=  -O2 -c" "EXTRA_COMPILER_FLAGS=-mcpu=cortex-a9 -mfpu=vfpv3 -mfloat-abi=hard -nostartfiles"
make[2]: Entering directory `/volume1/fturan/DDP/playground/2017-2018/work-packages/hw/rsa-project/src/sdk/rsa_design_example_bsp/ps7_cortexa9_0/libsrc/scutimer_v2_1/src'
Compiling scutimer
make[2]: Leaving directory `/volume1/fturan/DDP/playground/2017-2018/work-packages/hw/rsa-project/src/sdk/rsa_design_example_bsp/ps7_cortexa9_0/libsrc/scutimer_v2_1/src'
Finished building libraries
make[1]: Leaving directory `/volume1/fturan/DDP/playground/2017-2018/work-packages/hw/rsa-project/src/sdk/rsa_design_example_bsp'
17:35:56 **** Build of configuration Debug for project rsa_design_example ****
make pre-build main-build 
make[1]: Entering directory `/volume1/fturan/DDP/playground/2017-2018/work-packages/hw/rsa-project/src/sdk/rsa_design_example/Debug'
a9-linaro-pre-build-step
 
Building file: ../src/main.c
Invoking: ARM v7 gcc compiler
arm-none-eabi-gcc -Wall -O0 -g3 -c -fmessage-length=0 -MT"src/main.o" -mcpu=cortex-a9 -mfpu=vfpv3 -mfloat-abi=hard -I../../rsa_design_example_bsp/ps7_cortexa9_0/include -MMD -MP -MF"src/main.d" -MT"src/main.o" -o "src/main.o" "../src/main.c"
../src/main.c: In function ‘main’:
../src/main.c:116:5: warning: format ‘%d’ expects argument of type ‘int’, but argument 2 has type ‘int32_t’ [-Wformat=]
     printf("diff=%d\n\r",(b-a));
     ^
../src/main.c:116:5: warning: format ‘%d’ expects argument of type ‘int’, but argument 2 has type ‘int32_t’ [-Wformat=]
Finished building: ../src/main.c
 
Building file: ../src/platform.c
Invoking: ARM v7 gcc compiler
arm-none-eabi-gcc -Wall -O0 -g3 -c -fmessage-length=0 -MT"src/platform.o" -mcpu=cortex-a9 -mfpu=vfpv3 -mfloat-abi=hard -I../../rsa_design_example_bsp/ps7_cortexa9_0/include -MMD -MP -MF"src/platform.d" -MT"src/platform.o" -o "src/platform.o" "../src/platform.c"
Finished building: ../src/platform.c
 
Building target: rsa_design_example.elf
Invoking: ARM v7 gcc linker
arm-none-eabi-gcc -mcpu=cortex-a9 -mfpu=vfpv3 -mfloat-abi=hard -Wl,-build-id=none -specs=Xilinx.spec -Wl,-T -Wl,../src/lscript.ld -L../../rsa_design_example_bsp/ps7_cortexa9_0/lib -o "rsa_design_example.elf"  ./src/main.o ./src/platform.o   -Wl,--start-group,-lxil,-lgcc,-lc,--end-group
Finished building target: rsa_design_example.elf
 
Invoking: ARM v7 Print Size
arm-none-eabi-size rsa_design_example.elf  |tee "rsa_design_example.elf.size"
   text	   data	    bss	    dec	    hex	filename
  78604	   2600	  23340	 104544	  19860	rsa_design_example.elf
Finished building: rsa_design_example.elf.size
 
make[1]: Leaving directory `/volume1/fturan/DDP/playground/2017-2018/work-packages/hw/rsa-project/src/sdk/rsa_design_example/Debug'
17:36:12 **** Clean-only build of configuration Debug for project rsa_design_example ****
make clean 
make[1]: Entering directory `/volume1/fturan/DDP/playground/2017-2018/work-packages/hw/rsa-project/src/sdk/rsa_design_example/Debug'
rm -rf  ./src/main.o ./src/platform.o  ./src/main.d ./src/platform.d  rsa_design_example.elf.size  rsa_design_example.elf
 
make[1]: Leaving directory `/volume1/fturan/DDP/playground/2017-2018/work-packages/hw/rsa-project/src/sdk/rsa_design_example/Debug'
17:36:12 **** Incremental Build of configuration Debug for project rsa_design_example ****
make pre-build main-build 
make[1]: Entering directory `/volume1/fturan/DDP/playground/2017-2018/work-packages/hw/rsa-project/src/sdk/rsa_design_example/Debug'
a9-linaro-pre-build-step
 
Building file: ../src/main.c
Invoking: ARM v7 gcc compiler
arm-none-eabi-gcc -Wall -O0 -g3 -c -fmessage-length=0 -MT"src/main.o" -mcpu=cortex-a9 -mfpu=vfpv3 -mfloat-abi=hard -I../../rsa_design_example_bsp/ps7_cortexa9_0/include -MMD -MP -MF"src/main.d" -MT"src/main.o" -o "src/main.o" "../src/main.c"
../src/main.c: In function ‘main’:
../src/main.c:116:5: warning: format ‘%d’ expects argument of type ‘int’, but argument 2 has type ‘int32_t’ [-Wformat=]
     printf("diff=%d\n\r",(b-a));
     ^
../src/main.c:116:5: warning: format ‘%d’ expects argument of type ‘int’, but argument 2 has type ‘int32_t’ [-Wformat=]
Finished building: ../src/main.c
 
Building file: ../src/platform.c
Invoking: ARM v7 gcc compiler
arm-none-eabi-gcc -Wall -O0 -g3 -c -fmessage-length=0 -MT"src/platform.o" -mcpu=cortex-a9 -mfpu=vfpv3 -mfloat-abi=hard -I../../rsa_design_example_bsp/ps7_cortexa9_0/include -MMD -MP -MF"src/platform.d" -MT"src/platform.o" -o "src/platform.o" "../src/platform.c"
Finished building: ../src/platform.c
 
Building target: rsa_design_example.elf
Invoking: ARM v7 gcc linker
arm-none-eabi-gcc -mcpu=cortex-a9 -mfpu=vfpv3 -mfloat-abi=hard -Wl,-build-id=none -specs=Xilinx.spec -Wl,-T -Wl,../src/lscript.ld -L../../rsa_design_example_bsp/ps7_cortexa9_0/lib -o "rsa_design_example.elf"  ./src/main.o ./src/platform.o   -Wl,--start-group,-lxil,-lgcc,-lc,--end-group
Finished building target: rsa_design_example.elf
 
Invoking: ARM v7 Print Size
arm-none-eabi-size rsa_design_example.elf  |tee "rsa_design_example.elf.size"
   text	   data	    bss	    dec	    hex	filename
  78604	   2600	  23340	 104544	  19860	rsa_design_example.elf
Finished building: rsa_design_example.elf.size
 
make[1]: Leaving directory `/volume1/fturan/DDP/playground/2017-2018/work-packages/hw/rsa-project/src/sdk/rsa_design_example/Debug'
17:36:34 **** Incremental Build of configuration Debug for project rsa_design_example ****
make pre-build main-build 
make[1]: Entering directory `/volume1/fturan/DDP/playground/2017-2018/work-packages/hw/rsa-project/src/sdk/rsa_design_example/Debug'
a9-linaro-pre-build-step
 
make[1]: Nothing to be done for `main-build'.
make[1]: Leaving directory `/volume1/fturan/DDP/playground/2017-2018/work-packages/hw/rsa-project/src/sdk/rsa_design_example/Debug'
10:03:17 **** Incremental Build of configuration Debug for project rsa_design_example ****
make pre-build main-build 
make[1]: Entering directory `/volume1/fturan/DDP/playground/2017-2018/work-packages/hw/rsa-project/src/sdk/rsa_design_example/Debug'
a9-linaro-pre-build-step
 
make[1]: Nothing to be done for `main-build'.
make[1]: Leaving directory `/volume1/fturan/DDP/playground/2017-2018/work-packages/hw/rsa-project/src/sdk/rsa_design_example/Debug'
10:03:53 **** Incremental Build of configuration Debug for project rsa_design_example ****
make pre-build main-build 
make[1]: Entering directory `/volume1/fturan/DDP/playground/2017-2018/work-packages/hw/rsa-project/src/sdk/rsa_design_example/Debug'
a9-linaro-pre-build-step
 
make[1]: Nothing to be done for `main-build'.
make[1]: Leaving directory `/volume1/fturan/DDP/playground/2017-2018/work-packages/hw/rsa-project/src/sdk/rsa_design_example/Debug'
10:04:35 **** Incremental Build of configuration Debug for project rsa_design_example ****
make pre-build main-build 
make[1]: Entering directory `/volume1/fturan/DDP/playground/2017-2018/work-packages/hw/rsa-project/src/sdk/rsa_design_example/Debug'
a9-linaro-pre-build-step
 
Building file: ../src/main.c
Invoking: ARM v7 gcc compiler
arm-none-eabi-gcc -Wall -O0 -g3 -c -fmessage-length=0 -MT"src/main.o" -mcpu=cortex-a9 -mfpu=vfpv3 -mfloat-abi=hard -I../../rsa_design_example_bsp/ps7_cortexa9_0/include -MMD -MP -MF"src/main.d" -MT"src/main.o" -o "src/main.o" "../src/main.c"
../src/main.c: In function ‘main’:
../src/main.c:116:5: warning: format ‘%d’ expects argument of type ‘int’, but argument 2 has type ‘int32_t’ [-Wformat=]
     printf("diff=%d\n\r",(b-a));
     ^
../src/main.c:116:5: warning: format ‘%d’ expects argument of type ‘int’, but argument 2 has type ‘int32_t’ [-Wformat=]
Finished building: ../src/main.c
 
Building target: rsa_design_example.elf
Invoking: ARM v7 gcc linker
arm-none-eabi-gcc -mcpu=cortex-a9 -mfpu=vfpv3 -mfloat-abi=hard -Wl,-build-id=none -specs=Xilinx.spec -Wl,-T -Wl,../src/lscript.ld -L../../rsa_design_example_bsp/ps7_cortexa9_0/lib -o "rsa_design_example.elf"  ./src/main.o ./src/platform.o   -Wl,--start-group,-lxil,-lgcc,-lc,--end-group
Finished building target: rsa_design_example.elf
 
Invoking: ARM v7 Print Size
arm-none-eabi-size rsa_design_example.elf  |tee "rsa_design_example.elf.size"
   text	   data	    bss	    dec	    hex	filename
  78604	   2600	  23340	 104544	  19860	rsa_design_example.elf
Finished building: rsa_design_example.elf.size
 
make[1]: Leaving directory `/volume1/fturan/DDP/playground/2017-2018/work-packages/hw/rsa-project/src/sdk/rsa_design_example/Debug'
10:05:31 **** Incremental Build of configuration Debug for project rsa_design_example ****
make pre-build main-build 
make[1]: Entering directory `/volume1/fturan/DDP/playground/2017-2018/work-packages/hw/rsa-project/src/sdk/rsa_design_example/Debug'
a9-linaro-pre-build-step
 
make[1]: Nothing to be done for `main-build'.
make[1]: Leaving directory `/volume1/fturan/DDP/playground/2017-2018/work-packages/hw/rsa-project/src/sdk/rsa_design_example/Debug'
10:05:46 **** Incremental Build of configuration Debug for project rsa_design_example ****
make pre-build main-build 
make[1]: Entering directory `/volume1/fturan/DDP/playground/2017-2018/work-packages/hw/rsa-project/src/sdk/rsa_design_example/Debug'
a9-linaro-pre-build-step
 
Building file: ../src/main.c
Invoking: ARM v7 gcc compiler
arm-none-eabi-gcc -Wall -O0 -g3 -c -fmessage-length=0 -MT"src/main.o" -mcpu=cortex-a9 -mfpu=vfpv3 -mfloat-abi=hard -I../../rsa_design_example_bsp/ps7_cortexa9_0/include -MMD -MP -MF"src/main.d" -MT"src/main.o" -o "src/main.o" "../src/main.c"
../src/main.c: In function ‘main’:
../src/main.c:116:5: warning: format ‘%d’ expects argument of type ‘int’, but argument 2 has type ‘int32_t’ [-Wformat=]
     printf("diff=%d\n\r",(b-a));
     ^
../src/main.c:116:5: warning: format ‘%d’ expects argument of type ‘int’, but argument 2 has type ‘int32_t’ [-Wformat=]
Finished building: ../src/main.c
 
Building target: rsa_design_example.elf
Invoking: ARM v7 gcc linker
arm-none-eabi-gcc -mcpu=cortex-a9 -mfpu=vfpv3 -mfloat-abi=hard -Wl,-build-id=none -specs=Xilinx.spec -Wl,-T -Wl,../src/lscript.ld -L../../rsa_design_example_bsp/ps7_cortexa9_0/lib -o "rsa_design_example.elf"  ./src/main.o ./src/platform.o   -Wl,--start-group,-lxil,-lgcc,-lc,--end-group
Finished building target: rsa_design_example.elf
 
Invoking: ARM v7 Print Size
arm-none-eabi-size rsa_design_example.elf  |tee "rsa_design_example.elf.size"
   text	   data	    bss	    dec	    hex	filename
  78604	   2600	  23340	 104544	  19860	rsa_design_example.elf
Finished building: rsa_design_example.elf.size
 
make[1]: Leaving directory `/volume1/fturan/DDP/playground/2017-2018/work-packages/hw/rsa-project/src/sdk/rsa_design_example/Debug'
11:03:13 **** Incremental Build of configuration Debug for project rsa_design_example ****
make pre-build main-build 
make[1]: Entering directory `/volume1/fturan/DDP/playground/2017-2018/work-packages/hw/rsa-project/src/sdk/rsa_design_example/Debug'
a9-linaro-pre-build-step
 
make[1]: Nothing to be done for `main-build'.
make[1]: Leaving directory `/volume1/fturan/DDP/playground/2017-2018/work-packages/hw/rsa-project/src/sdk/rsa_design_example/Debug'
11:03:28 **** Incremental Build of configuration Debug for project rsa_design_example ****
make pre-build main-build 
make[1]: Entering directory `/volume1/fturan/DDP/playground/2017-2018/work-packages/hw/rsa-project/src/sdk/rsa_design_example/Debug'
a9-linaro-pre-build-step
 
make[1]: Nothing to be done for `main-build'.
make[1]: Leaving directory `/volume1/fturan/DDP/playground/2017-2018/work-packages/hw/rsa-project/src/sdk/rsa_design_example/Debug'
11:03:47 **** Incremental Build of configuration Debug for project rsa_design_example ****
make pre-build main-build 
make[1]: Entering directory `/volume1/fturan/DDP/playground/2017-2018/work-packages/hw/rsa-project/src/sdk/rsa_design_example/Debug'
a9-linaro-pre-build-step
 
make[1]: Nothing to be done for `main-build'.
make[1]: Leaving directory `/volume1/fturan/DDP/playground/2017-2018/work-packages/hw/rsa-project/src/sdk/rsa_design_example/Debug'
11:04:28 **** Incremental Build of configuration Debug for project rsa_design_example ****
make pre-build main-build 
make[1]: Entering directory `/volume1/fturan/DDP/playground/2017-2018/work-packages/hw/rsa-project/src/sdk/rsa_design_example/Debug'
a9-linaro-pre-build-step
 
Building file: ../src/main.c
Invoking: ARM v7 gcc compiler
arm-none-eabi-gcc -Wall -O0 -g3 -c -fmessage-length=0 -MT"src/main.o" -mcpu=cortex-a9 -mfpu=vfpv3 -mfloat-abi=hard -I../../rsa_design_example_bsp/ps7_cortexa9_0/include -MMD -MP -MF"src/main.d" -MT"src/main.o" -o "src/main.o" "../src/main.c"
../src/main.c: In function ‘main’:
../src/main.c:116:5: warning: format ‘%d’ expects argument of type ‘int’, but argument 2 has type ‘int32_t’ [-Wformat=]
     printf("diff=%d\n\r",(b-a));
     ^
../src/main.c:116:5: warning: format ‘%d’ expects argument of type ‘int’, but argument 2 has type ‘int32_t’ [-Wformat=]
Finished building: ../src/main.c
 
Building target: rsa_design_example.elf
Invoking: ARM v7 gcc linker
arm-none-eabi-gcc -mcpu=cortex-a9 -mfpu=vfpv3 -mfloat-abi=hard -Wl,-build-id=none -specs=Xilinx.spec -Wl,-T -Wl,../src/lscript.ld -L../../rsa_design_example_bsp/ps7_cortexa9_0/lib -o "rsa_design_example.elf"  ./src/main.o ./src/platform.o   -Wl,--start-group,-lxil,-lgcc,-lc,--end-group
Finished building target: rsa_design_example.elf
 
Invoking: ARM v7 Print Size
arm-none-eabi-size rsa_design_example.elf  |tee "rsa_design_example.elf.size"
   text	   data	    bss	    dec	    hex	filename
  78604	   2600	  23340	 104544	  19860	rsa_design_example.elf
Finished building: rsa_design_example.elf.size
 
make[1]: Leaving directory `/volume1/fturan/DDP/playground/2017-2018/work-packages/hw/rsa-project/src/sdk/rsa_design_example/Debug'
11:14:42 **** Incremental Build of configuration Debug for project rsa_design_example ****
make pre-build main-build 
make[1]: Entering directory `/volume1/fturan/DDP/playground/2017-2018/work-packages/hw/rsa-project/src/sdk/rsa_design_example/Debug'
a9-linaro-pre-build-step
 
make[1]: Nothing to be done for `main-build'.
make[1]: Leaving directory `/volume1/fturan/DDP/playground/2017-2018/work-packages/hw/rsa-project/src/sdk/rsa_design_example/Debug'
11:14:53 **** Incremental Build of configuration Debug for project rsa_design_example ****
make pre-build main-build 
make[1]: Entering directory `/volume1/fturan/DDP/playground/2017-2018/work-packages/hw/rsa-project/src/sdk/rsa_design_example/Debug'
a9-linaro-pre-build-step
 
make[1]: Nothing to be done for `main-build'.
make[1]: Leaving directory `/volume1/fturan/DDP/playground/2017-2018/work-packages/hw/rsa-project/src/sdk/rsa_design_example/Debug'
11:15:09 **** Incremental Build of configuration Debug for project rsa_design_example ****
make pre-build main-build 
make[1]: Entering directory `/volume1/fturan/DDP/playground/2017-2018/work-packages/hw/rsa-project/src/sdk/rsa_design_example/Debug'
a9-linaro-pre-build-step
 
make[1]: Nothing to be done for `main-build'.
make[1]: Leaving directory `/volume1/fturan/DDP/playground/2017-2018/work-packages/hw/rsa-project/src/sdk/rsa_design_example/Debug'
11:26:36 **** Incremental Build of configuration Debug for project rsa_design_example ****
make pre-build main-build 
make[1]: Entering directory `/volume1/fturan/DDP/playground/2017-2018/work-packages/hw/rsa-project/src/sdk/rsa_design_example/Debug'
a9-linaro-pre-build-step
 
make[1]: Nothing to be done for `main-build'.
make[1]: Leaving directory `/volume1/fturan/DDP/playground/2017-2018/work-packages/hw/rsa-project/src/sdk/rsa_design_example/Debug'
11:26:47 **** Incremental Build of configuration Debug for project rsa_design_example ****
make pre-build main-build 
make[1]: Entering directory `/volume1/fturan/DDP/playground/2017-2018/work-packages/hw/rsa-project/src/sdk/rsa_design_example/Debug'
a9-linaro-pre-build-step
 
make[1]: Nothing to be done for `main-build'.
make[1]: Leaving directory `/volume1/fturan/DDP/playground/2017-2018/work-packages/hw/rsa-project/src/sdk/rsa_design_example/Debug'
11:27:48 **** Incremental Build of configuration Debug for project rsa_design_example ****
make pre-build main-build 
make[1]: Entering directory `/volume1/fturan/DDP/playground/2017-2018/work-packages/hw/rsa-project/src/sdk/rsa_design_example/Debug'
a9-linaro-pre-build-step
 
Building file: ../src/main.c
Invoking: ARM v7 gcc compiler
arm-none-eabi-gcc -Wall -O0 -g3 -c -fmessage-length=0 -MT"src/main.o" -mcpu=cortex-a9 -mfpu=vfpv3 -mfloat-abi=hard -I../../rsa_design_example_bsp/ps7_cortexa9_0/include -MMD -MP -MF"src/main.d" -MT"src/main.o" -o "src/main.o" "../src/main.c"
../src/main.c: In function ‘main’:
../src/main.c:116:5: warning: format ‘%d’ expects argument of type ‘int’, but argument 2 has type ‘int32_t’ [-Wformat=]
     printf("diff=%d\n\r",(b-a));
     ^
../src/main.c:116:5: warning: format ‘%d’ expects argument of type ‘int’, but argument 2 has type ‘int32_t’ [-Wformat=]
Finished building: ../src/main.c
 
Building target: rsa_design_example.elf
Invoking: ARM v7 gcc linker
arm-none-eabi-gcc -mcpu=cortex-a9 -mfpu=vfpv3 -mfloat-abi=hard -Wl,-build-id=none -specs=Xilinx.spec -Wl,-T -Wl,../src/lscript.ld -L../../rsa_design_example_bsp/ps7_cortexa9_0/lib -o "rsa_design_example.elf"  ./src/main.o ./src/platform.o   -Wl,--start-group,-lxil,-lgcc,-lc,--end-group
Finished building target: rsa_design_example.elf
 
Invoking: ARM v7 Print Size
arm-none-eabi-size rsa_design_example.elf  |tee "rsa_design_example.elf.size"
   text	   data	    bss	    dec	    hex	filename
  78604	   2600	  23340	 104544	  19860	rsa_design_example.elf
Finished building: rsa_design_example.elf.size
 
make[1]: Leaving directory `/volume1/fturan/DDP/playground/2017-2018/work-packages/hw/rsa-project/src/sdk/rsa_design_example/Debug'
11:46:19 **** Incremental Build of configuration Debug for project rsa_design_example ****
make pre-build main-build 
make[1]: Entering directory `/volume1/fturan/DDP/playground/2017-2018/work-packages/hw/rsa-project/src/sdk/rsa_design_example/Debug'
a9-linaro-pre-build-step
 
make[1]: Nothing to be done for `main-build'.
make[1]: Leaving directory `/volume1/fturan/DDP/playground/2017-2018/work-packages/hw/rsa-project/src/sdk/rsa_design_example/Debug'
11:46:31 **** Incremental Build of configuration Debug for project rsa_design_example ****
make pre-build main-build 
make[1]: Entering directory `/volume1/fturan/DDP/playground/2017-2018/work-packages/hw/rsa-project/src/sdk/rsa_design_example/Debug'
a9-linaro-pre-build-step
 
make[1]: Nothing to be done for `main-build'.
make[1]: Leaving directory `/volume1/fturan/DDP/playground/2017-2018/work-packages/hw/rsa-project/src/sdk/rsa_design_example/Debug'
11:47:21 **** Incremental Build of configuration Debug for project rsa_design_example ****
make pre-build main-build 
make[1]: Entering directory `/volume1/fturan/DDP/playground/2017-2018/work-packages/hw/rsa-project/src/sdk/rsa_design_example/Debug'
a9-linaro-pre-build-step
 
make[1]: Nothing to be done for `main-build'.
make[1]: Leaving directory `/volume1/fturan/DDP/playground/2017-2018/work-packages/hw/rsa-project/src/sdk/rsa_design_example/Debug'
11:47:33 **** Incremental Build of configuration Debug for project rsa_design_example ****
make pre-build main-build 
make[1]: Entering directory `/volume1/fturan/DDP/playground/2017-2018/work-packages/hw/rsa-project/src/sdk/rsa_design_example/Debug'
a9-linaro-pre-build-step
 
make[1]: Nothing to be done for `main-build'.
make[1]: Leaving directory `/volume1/fturan/DDP/playground/2017-2018/work-packages/hw/rsa-project/src/sdk/rsa_design_example/Debug'
11:47:52 **** Incremental Build of configuration Debug for project rsa_design_example ****
make pre-build main-build 
make[1]: Entering directory `/volume1/fturan/DDP/playground/2017-2018/work-packages/hw/rsa-project/src/sdk/rsa_design_example/Debug'
a9-linaro-pre-build-step
 
make[1]: Nothing to be done for `main-build'.
make[1]: Leaving directory `/volume1/fturan/DDP/playground/2017-2018/work-packages/hw/rsa-project/src/sdk/rsa_design_example/Debug'
16:24:23 **** Incremental Build of configuration Debug for project rsa_design_example ****
make pre-build main-build 
make[1]: Entering directory `/volume1/fturan/DDP/playground/2017-2018/work-packages/hw/rsa-project/src/sdk/rsa_design_example/Debug'
a9-linaro-pre-build-step
 
make[1]: Nothing to be done for `main-build'.
make[1]: Leaving directory `/volume1/fturan/DDP/playground/2017-2018/work-packages/hw/rsa-project/src/sdk/rsa_design_example/Debug'
16:24:44 **** Incremental Build of configuration Debug for project rsa_design_example ****
make pre-build main-build 
make[1]: Entering directory `/volume1/fturan/DDP/playground/2017-2018/work-packages/hw/rsa-project/src/sdk/rsa_design_example/Debug'
a9-linaro-pre-build-step
 
make[1]: Nothing to be done for `main-build'.
make[1]: Leaving directory `/volume1/fturan/DDP/playground/2017-2018/work-packages/hw/rsa-project/src/sdk/rsa_design_example/Debug'
16:40:02 **** Incremental Build of configuration Debug for project rsa_design_example ****
make pre-build main-build 
make[1]: Entering directory `/volume1/fturan/DDP/playground/2017-2018/work-packages/hw/rsa-project/src/sdk/rsa_design_example/Debug'
a9-linaro-pre-build-step
 
make[1]: Nothing to be done for `main-build'.
make[1]: Leaving directory `/volume1/fturan/DDP/playground/2017-2018/work-packages/hw/rsa-project/src/sdk/rsa_design_example/Debug'
16:40:21 **** Incremental Build of configuration Debug for project rsa_design_example ****
make pre-build main-build 
make[1]: Entering directory `/volume1/fturan/DDP/playground/2017-2018/work-packages/hw/rsa-project/src/sdk/rsa_design_example/Debug'
a9-linaro-pre-build-step
 
make[1]: Nothing to be done for `main-build'.
make[1]: Leaving directory `/volume1/fturan/DDP/playground/2017-2018/work-packages/hw/rsa-project/src/sdk/rsa_design_example/Debug'
17:06:38 **** Incremental Build of configuration Debug for project rsa_design_example ****
make pre-build main-build 
make[1]: Entering directory `/volume1/fturan/DDP/playground/2017-2018/work-packages/hw/rsa-project/src/sdk/rsa_design_example/Debug'
a9-linaro-pre-build-step
 
make[1]: Nothing to be done for `main-build'.
make[1]: Leaving directory `/volume1/fturan/DDP/playground/2017-2018/work-packages/hw/rsa-project/src/sdk/rsa_design_example/Debug'
17:06:52 **** Incremental Build of configuration Debug for project rsa_design_example ****
make pre-build main-build 
make[1]: Entering directory `/volume1/fturan/DDP/playground/2017-2018/work-packages/hw/rsa-project/src/sdk/rsa_design_example/Debug'
a9-linaro-pre-build-step
 
make[1]: Nothing to be done for `main-build'.
make[1]: Leaving directory `/volume1/fturan/DDP/playground/2017-2018/work-packages/hw/rsa-project/src/sdk/rsa_design_example/Debug'
17:07:05 **** Incremental Build of configuration Debug for project rsa_design_example ****
make pre-build main-build 
make[1]: Entering directory `/volume1/fturan/DDP/playground/2017-2018/work-packages/hw/rsa-project/src/sdk/rsa_design_example/Debug'
a9-linaro-pre-build-step
 
make[1]: Nothing to be done for `main-build'.
make[1]: Leaving directory `/volume1/fturan/DDP/playground/2017-2018/work-packages/hw/rsa-project/src/sdk/rsa_design_example/Debug'
17:26:48 **** Incremental Build of configuration Debug for project rsa_design_example ****
make pre-build main-build 
make[1]: Entering directory `/volume1/fturan/DDP/playground/2017-2018/work-packages/hw/rsa-project/src/sdk/rsa_design_example/Debug'
a9-linaro-pre-build-step
 
make[1]: Nothing to be done for `main-build'.
make[1]: Leaving directory `/volume1/fturan/DDP/playground/2017-2018/work-packages/hw/rsa-project/src/sdk/rsa_design_example/Debug'
17:27:04 **** Incremental Build of configuration Debug for project rsa_design_example ****
make pre-build main-build 
make[1]: Entering directory `/volume1/fturan/DDP/playground/2017-2018/work-packages/hw/rsa-project/src/sdk/rsa_design_example/Debug'
a9-linaro-pre-build-step
 
make[1]: Nothing to be done for `main-build'.
make[1]: Leaving directory `/volume1/fturan/DDP/playground/2017-2018/work-packages/hw/rsa-project/src/sdk/rsa_design_example/Debug'
17:36:55 **** Incremental Build of configuration Debug for project rsa_design_example ****
make pre-build main-build 
make[1]: Entering directory `/volume1/fturan/DDP/playground/2017-2018/work-packages/hw/rsa-project/src/sdk/rsa_design_example/Debug'
a9-linaro-pre-build-step
 
Building file: ../src/main.c
Invoking: ARM v7 gcc compiler
arm-none-eabi-gcc -Wall -O0 -g3 -c -fmessage-length=0 -MT"src/main.o" -mcpu=cortex-a9 -mfpu=vfpv3 -mfloat-abi=hard -I../../rsa_design_example_bsp/ps7_cortexa9_0/include -MMD -MP -MF"src/main.d" -MT"src/main.o" -o "src/main.o" "../src/main.c"
../src/main.c: In function ‘main’:
../src/main.c:116:5: warning: format ‘%d’ expects argument of type ‘int’, but argument 2 has type ‘int32_t’ [-Wformat=]
     printf("diff=%d\n\r",(b-a));
     ^
../src/main.c:116:5: warning: format ‘%d’ expects argument of type ‘int’, but argument 2 has type ‘int32_t’ [-Wformat=]
Finished building: ../src/main.c
 
Building target: rsa_design_example.elf
Invoking: ARM v7 gcc linker
arm-none-eabi-gcc -mcpu=cortex-a9 -mfpu=vfpv3 -mfloat-abi=hard -Wl,-build-id=none -specs=Xilinx.spec -Wl,-T -Wl,../src/lscript.ld -L../../rsa_design_example_bsp/ps7_cortexa9_0/lib -o "rsa_design_example.elf"  ./src/main.o ./src/platform.o   -Wl,--start-group,-lxil,-lgcc,-lc,--end-group
Finished building target: rsa_design_example.elf
 
Invoking: ARM v7 Print Size
arm-none-eabi-size rsa_design_example.elf  |tee "rsa_design_example.elf.size"
   text	   data	    bss	    dec	    hex	filename
  78604	   2600	  23340	 104544	  19860	rsa_design_example.elf
Finished building: rsa_design_example.elf.size
 
make[1]: Leaving directory `/volume1/fturan/DDP/playground/2017-2018/work-packages/hw/rsa-project/src/sdk/rsa_design_example/Debug'
17:37:18 **** Incremental Build of configuration Debug for project rsa_design_example ****
make pre-build main-build 
make[1]: Entering directory `/volume1/fturan/DDP/playground/2017-2018/work-packages/hw/rsa-project/src/sdk/rsa_design_example/Debug'
a9-linaro-pre-build-step
 
make[1]: Nothing to be done for `main-build'.
make[1]: Leaving directory `/volume1/fturan/DDP/playground/2017-2018/work-packages/hw/rsa-project/src/sdk/rsa_design_example/Debug'
17:37:31 **** Incremental Build of configuration Debug for project rsa_design_example ****
make pre-build main-build 
make[1]: Entering directory `/volume1/fturan/DDP/playground/2017-2018/work-packages/hw/rsa-project/src/sdk/rsa_design_example/Debug'
a9-linaro-pre-build-step
 
make[1]: Nothing to be done for `main-build'.
make[1]: Leaving directory `/volume1/fturan/DDP/playground/2017-2018/work-packages/hw/rsa-project/src/sdk/rsa_design_example/Debug'
17:38:05 **** Incremental Build of configuration Debug for project rsa_design_example ****
make pre-build main-build 
make[1]: Entering directory `/volume1/fturan/DDP/playground/2017-2018/work-packages/hw/rsa-project/src/sdk/rsa_design_example/Debug'
a9-linaro-pre-build-step
 
make[1]: Nothing to be done for `main-build'.
make[1]: Leaving directory `/volume1/fturan/DDP/playground/2017-2018/work-packages/hw/rsa-project/src/sdk/rsa_design_example/Debug'
17:38:32 **** Incremental Build of configuration Debug for project rsa_design_example ****
make pre-build main-build 
make[1]: Entering directory `/volume1/fturan/DDP/playground/2017-2018/work-packages/hw/rsa-project/src/sdk/rsa_design_example/Debug'
a9-linaro-pre-build-step
 
make[1]: Nothing to be done for `main-build'.
make[1]: Leaving directory `/volume1/fturan/DDP/playground/2017-2018/work-packages/hw/rsa-project/src/sdk/rsa_design_example/Debug'
