12:03:14 **** Incremental Build of configuration Debug for project montgomery_sw_project ****
make pre-build main-build 
make[1]: Entering directory `/users/cosic/abeckers/ddp/2016-2017/work-packages/sw/ddp_sw/src/sdk/montgomery_sw_project/Debug'
a9-linaro-pre-build-step
 
make[1]: Nothing to be done for `main-build'.
make[1]: Leaving directory `/users/cosic/abeckers/ddp/2016-2017/work-packages/sw/ddp_sw/src/sdk/montgomery_sw_project/Debug'
12:03:17 **** Incremental Build of configuration Debug for project montgomery_sw_project ****
make pre-build main-build 
make[1]: Entering directory `/users/cosic/abeckers/ddp/2016-2017/work-packages/sw/ddp_sw/src/sdk/montgomery_sw_project/Debug'
a9-linaro-pre-build-step
 
make[1]: Nothing to be done for `main-build'.
make[1]: Leaving directory `/users/cosic/abeckers/ddp/2016-2017/work-packages/sw/ddp_sw/src/sdk/montgomery_sw_project/Debug'
18:07:52 **** Auto Build of project helloworld_bsp ****
make -k all 
make[1]: Entering directory `/users/start2015/r0575928/Desktop/ddplatforms_2017/ddp_sw/src/sdk/helloworld_bsp'
Running Make include in ps7_cortexa9_0/libsrc/qspips_v3_3/src
make -C ps7_cortexa9_0/libsrc/qspips_v3_3/src -s include  "SHELL=/bin/sh" "COMPILER=arm-none-eabi-gcc" "ARCHIVER=arm-none-eabi-ar" "COMPILER_FLAGS=  -O2 -c" "EXTRA_COMPILER_FLAGS=-mcpu=cortex-a9 -mfpu=vfpv3 -mfloat-abi=hard -nostartfiles"
make[2]: Entering directory `/users/start2015/r0575928/Desktop/ddplatforms_2017/ddp_sw/src/sdk/helloworld_bsp/ps7_cortexa9_0/libsrc/qspips_v3_3/src'
make[2]: Leaving directory `/users/start2015/r0575928/Desktop/ddplatforms_2017/ddp_sw/src/sdk/helloworld_bsp/ps7_cortexa9_0/libsrc/qspips_v3_3/src'
Running Make include in ps7_cortexa9_0/libsrc/ddrps_v1_0/src
make -C ps7_cortexa9_0/libsrc/ddrps_v1_0/src -s include  "SHELL=/bin/sh" "COMPILER=arm-none-eabi-gcc" "ARCHIVER=arm-none-eabi-ar" "COMPILER_FLAGS=  -O2 -c" "EXTRA_COMPILER_FLAGS=-mcpu=cortex-a9 -mfpu=vfpv3 -mfloat-abi=hard -nostartfiles"
make[2]: Entering directory `/users/start2015/r0575928/Desktop/ddplatforms_2017/ddp_sw/src/sdk/helloworld_bsp/ps7_cortexa9_0/libsrc/ddrps_v1_0/src'
make[2]: Leaving directory `/users/start2015/r0575928/Desktop/ddplatforms_2017/ddp_sw/src/sdk/helloworld_bsp/ps7_cortexa9_0/libsrc/ddrps_v1_0/src'
Running Make include in ps7_cortexa9_0/libsrc/gpio_v4_1/src
make -C ps7_cortexa9_0/libsrc/gpio_v4_1/src -s include  "SHELL=/bin/sh" "COMPILER=arm-none-eabi-gcc" "ARCHIVER=arm-none-eabi-ar" "COMPILER_FLAGS=  -O2 -c" "EXTRA_COMPILER_FLAGS=-mcpu=cortex-a9 -mfpu=vfpv3 -mfloat-abi=hard -nostartfiles"
make[2]: Entering directory `/users/start2015/r0575928/Desktop/ddplatforms_2017/ddp_sw/src/sdk/helloworld_bsp/ps7_cortexa9_0/libsrc/gpio_v4_1/src'
make[2]: Leaving directory `/users/start2015/r0575928/Desktop/ddplatforms_2017/ddp_sw/src/sdk/helloworld_bsp/ps7_cortexa9_0/libsrc/gpio_v4_1/src'
Running Make include in ps7_cortexa9_0/libsrc/cpu_cortexa9_v2_2/src
make -C ps7_cortexa9_0/libsrc/cpu_cortexa9_v2_2/src -s include  "SHELL=/bin/sh" "COMPILER=arm-none-eabi-gcc" "ARCHIVER=arm-none-eabi-ar" "COMPILER_FLAGS=  -O2 -c" "EXTRA_COMPILER_FLAGS=-mcpu=cortex-a9 -mfpu=vfpv3 -mfloat-abi=hard -nostartfiles"
make[2]: Entering directory `/users/start2015/r0575928/Desktop/ddplatforms_2017/ddp_sw/src/sdk/helloworld_bsp/ps7_cortexa9_0/libsrc/cpu_cortexa9_v2_2/src'
make[2]: Leaving directory `/users/start2015/r0575928/Desktop/ddplatforms_2017/ddp_sw/src/sdk/helloworld_bsp/ps7_cortexa9_0/libsrc/cpu_cortexa9_v2_2/src'
Running Make include in ps7_cortexa9_0/libsrc/sdps_v2_8/src
make -C ps7_cortexa9_0/libsrc/sdps_v2_8/src -s include  "SHELL=/bin/sh" "COMPILER=arm-none-eabi-gcc" "ARCHIVER=arm-none-eabi-ar" "COMPILER_FLAGS=  -O2 -c" "EXTRA_COMPILER_FLAGS=-mcpu=cortex-a9 -mfpu=vfpv3 -mfloat-abi=hard -nostartfiles"
make[2]: Entering directory `/users/start2015/r0575928/Desktop/ddplatforms_2017/ddp_sw/src/sdk/helloworld_bsp/ps7_cortexa9_0/libsrc/sdps_v2_8/src'
make[2]: Leaving directory `/users/start2015/r0575928/Desktop/ddplatforms_2017/ddp_sw/src/sdk/helloworld_bsp/ps7_cortexa9_0/libsrc/sdps_v2_8/src'
Running Make include in ps7_cortexa9_0/libsrc/emacps_v3_2/src
make -C ps7_cortexa9_0/libsrc/emacps_v3_2/src -s include  "SHELL=/bin/sh" "COMPILER=arm-none-eabi-gcc" "ARCHIVER=arm-none-eabi-ar" "COMPILER_FLAGS=  -O2 -c" "EXTRA_COMPILER_FLAGS=-mcpu=cortex-a9 -mfpu=vfpv3 -mfloat-abi=hard -nostartfiles"
make[2]: Entering directory `/users/start2015/r0575928/Desktop/ddplatforms_2017/ddp_sw/src/sdk/helloworld_bsp/ps7_cortexa9_0/libsrc/emacps_v3_2/src'
make[2]: Leaving directory `/users/start2015/r0575928/Desktop/ddplatforms_2017/ddp_sw/src/sdk/helloworld_bsp/ps7_cortexa9_0/libsrc/emacps_v3_2/src'
Running Make include in ps7_cortexa9_0/libsrc/uartps_v3_1/src
make -C ps7_cortexa9_0/libsrc/uartps_v3_1/src -s include  "SHELL=/bin/sh" "COMPILER=arm-none-eabi-gcc" "ARCHIVER=arm-none-eabi-ar" "COMPILER_FLAGS=  -O2 -c" "EXTRA_COMPILER_FLAGS=-mcpu=cortex-a9 -mfpu=vfpv3 -mfloat-abi=hard -nostartfiles"
make[2]: Entering directory `/users/start2015/r0575928/Desktop/ddplatforms_2017/ddp_sw/src/sdk/helloworld_bsp/ps7_cortexa9_0/libsrc/uartps_v3_1/src'
make[2]: Leaving directory `/users/start2015/r0575928/Desktop/ddplatforms_2017/ddp_sw/src/sdk/helloworld_bsp/ps7_cortexa9_0/libsrc/uartps_v3_1/src'
Running Make include in ps7_cortexa9_0/libsrc/scugic_v3_3/src
make -C ps7_cortexa9_0/libsrc/scugic_v3_3/src -s include  "SHELL=/bin/sh" "COMPILER=arm-none-eabi-gcc" "ARCHIVER=arm-none-eabi-ar" "COMPILER_FLAGS=  -O2 -c" "EXTRA_COMPILER_FLAGS=-mcpu=cortex-a9 -mfpu=vfpv3 -mfloat-abi=hard -nostartfiles"
make[2]: Entering directory `/users/start2015/r0575928/Desktop/ddplatforms_2017/ddp_sw/src/sdk/helloworld_bsp/ps7_cortexa9_0/libsrc/scugic_v3_3/src'
make[2]: Leaving directory `/users/start2015/r0575928/Desktop/ddplatforms_2017/ddp_sw/src/sdk/helloworld_bsp/ps7_cortexa9_0/libsrc/scugic_v3_3/src'
Running Make include in ps7_cortexa9_0/libsrc/xadcps_v2_2/src
make -C ps7_cortexa9_0/libsrc/xadcps_v2_2/src -s include  "SHELL=/bin/sh" "COMPILER=arm-none-eabi-gcc" "ARCHIVER=arm-none-eabi-ar" "COMPILER_FLAGS=  -O2 -c" "EXTRA_COMPILER_FLAGS=-mcpu=cortex-a9 -mfpu=vfpv3 -mfloat-abi=hard -nostartfiles"
make[2]: Entering directory `/users/start2015/r0575928/Desktop/ddplatforms_2017/ddp_sw/src/sdk/helloworld_bsp/ps7_cortexa9_0/libsrc/xadcps_v2_2/src'
make[2]: Leaving directory `/users/start2015/r0575928/Desktop/ddplatforms_2017/ddp_sw/src/sdk/helloworld_bsp/ps7_cortexa9_0/libsrc/xadcps_v2_2/src'
Running Make include in ps7_cortexa9_0/libsrc/devcfg_v3_4/src
make -C ps7_cortexa9_0/libsrc/devcfg_v3_4/src -s include  "SHELL=/bin/sh" "COMPILER=arm-none-eabi-gcc" "ARCHIVER=arm-none-eabi-ar" "COMPILER_FLAGS=  -O2 -c" "EXTRA_COMPILER_FLAGS=-mcpu=cortex-a9 -mfpu=vfpv3 -mfloat-abi=hard -nostartfiles"
make[2]: Entering directory `/users/start2015/r0575928/Desktop/ddplatforms_2017/ddp_sw/src/sdk/helloworld_bsp/ps7_cortexa9_0/libsrc/devcfg_v3_4/src'
make[2]: Leaving directory `/users/start2015/r0575928/Desktop/ddplatforms_2017/ddp_sw/src/sdk/helloworld_bsp/ps7_cortexa9_0/libsrc/devcfg_v3_4/src'
Running Make include in ps7_cortexa9_0/libsrc/dmaps_v2_1/src
make -C ps7_cortexa9_0/libsrc/dmaps_v2_1/src -s include  "SHELL=/bin/sh" "COMPILER=arm-none-eabi-gcc" "ARCHIVER=arm-none-eabi-ar" "COMPILER_FLAGS=  -O2 -c" "EXTRA_COMPILER_FLAGS=-mcpu=cortex-a9 -mfpu=vfpv3 -mfloat-abi=hard -nostartfiles"
make[2]: Entering directory `/users/start2015/r0575928/Desktop/ddplatforms_2017/ddp_sw/src/sdk/helloworld_bsp/ps7_cortexa9_0/libsrc/dmaps_v2_1/src'
make[2]: Leaving directory `/users/start2015/r0575928/Desktop/ddplatforms_2017/ddp_sw/src/sdk/helloworld_bsp/ps7_cortexa9_0/libsrc/dmaps_v2_1/src'
Running Make include in ps7_cortexa9_0/libsrc/gpiops_v3_1/src
make -C ps7_cortexa9_0/libsrc/gpiops_v3_1/src -s include  "SHELL=/bin/sh" "COMPILER=arm-none-eabi-gcc" "ARCHIVER=arm-none-eabi-ar" "COMPILER_FLAGS=  -O2 -c" "EXTRA_COMPILER_FLAGS=-mcpu=cortex-a9 -mfpu=vfpv3 -mfloat-abi=hard -nostartfiles"
make[2]: Entering directory `/users/start2015/r0575928/Desktop/ddplatforms_2017/ddp_sw/src/sdk/helloworld_bsp/ps7_cortexa9_0/libsrc/gpiops_v3_1/src'
make[2]: Leaving directory `/users/start2015/r0575928/Desktop/ddplatforms_2017/ddp_sw/src/sdk/helloworld_bsp/ps7_cortexa9_0/libsrc/gpiops_v3_1/src'
Running Make include in ps7_cortexa9_0/libsrc/scuwdt_v2_1/src
make -C ps7_cortexa9_0/libsrc/scuwdt_v2_1/src -s include  "SHELL=/bin/sh" "COMPILER=arm-none-eabi-gcc" "ARCHIVER=arm-none-eabi-ar" "COMPILER_FLAGS=  -O2 -c" "EXTRA_COMPILER_FLAGS=-mcpu=cortex-a9 -mfpu=vfpv3 -mfloat-abi=hard -nostartfiles"
make[2]: Entering directory `/users/start2015/r0575928/Desktop/ddplatforms_2017/ddp_sw/src/sdk/helloworld_bsp/ps7_cortexa9_0/libsrc/scuwdt_v2_1/src'
make[2]: Leaving directory `/users/start2015/r0575928/Desktop/ddplatforms_2017/ddp_sw/src/sdk/helloworld_bsp/ps7_cortexa9_0/libsrc/scuwdt_v2_1/src'
Running Make include in ps7_cortexa9_0/libsrc/ttcps_v3_1/src
make -C ps7_cortexa9_0/libsrc/ttcps_v3_1/src -s include  "SHELL=/bin/sh" "COMPILER=arm-none-eabi-gcc" "ARCHIVER=arm-none-eabi-ar" "COMPILER_FLAGS=  -O2 -c" "EXTRA_COMPILER_FLAGS=-mcpu=cortex-a9 -mfpu=vfpv3 -mfloat-abi=hard -nostartfiles"
make[2]: Entering directory `/users/start2015/r0575928/Desktop/ddplatforms_2017/ddp_sw/src/sdk/helloworld_bsp/ps7_cortexa9_0/libsrc/ttcps_v3_1/src'
make[2]: Leaving directory `/users/start2015/r0575928/Desktop/ddplatforms_2017/ddp_sw/src/sdk/helloworld_bsp/ps7_cortexa9_0/libsrc/ttcps_v3_1/src'
Running Make include in ps7_cortexa9_0/libsrc/coresightps_dcc_v1_2/src
make -C ps7_cortexa9_0/libsrc/coresightps_dcc_v1_2/src -s include  "SHELL=/bin/sh" "COMPILER=arm-none-eabi-gcc" "ARCHIVER=arm-none-eabi-ar" "COMPILER_FLAGS=  -O2 -c" "EXTRA_COMPILER_FLAGS=-mcpu=cortex-a9 -mfpu=vfpv3 -mfloat-abi=hard -nostartfiles"
make[2]: Entering directory `/users/start2015/r0575928/Desktop/ddplatforms_2017/ddp_sw/src/sdk/helloworld_bsp/ps7_cortexa9_0/libsrc/coresightps_dcc_v1_2/src'
make[2]: Leaving directory `/users/start2015/r0575928/Desktop/ddplatforms_2017/ddp_sw/src/sdk/helloworld_bsp/ps7_cortexa9_0/libsrc/coresightps_dcc_v1_2/src'
Running Make include in ps7_cortexa9_0/libsrc/standalone_v5_5/src
make -C ps7_cortexa9_0/libsrc/standalone_v5_5/src -s include  "SHELL=/bin/sh" "COMPILER=arm-none-eabi-gcc" "ARCHIVER=arm-none-eabi-ar" "COMPILER_FLAGS=  -O2 -c" "EXTRA_COMPILER_FLAGS=-mcpu=cortex-a9 -mfpu=vfpv3 -mfloat-abi=hard -nostartfiles"
make[2]: Entering directory `/users/start2015/r0575928/Desktop/ddplatforms_2017/ddp_sw/src/sdk/helloworld_bsp/ps7_cortexa9_0/libsrc/standalone_v5_5/src'
make[3]: Entering directory `/users/start2015/r0575928/Desktop/ddplatforms_2017/ddp_sw/src/sdk/helloworld_bsp/ps7_cortexa9_0/libsrc/standalone_v5_5/src/profile'
make[3]: Leaving directory `/users/start2015/r0575928/Desktop/ddplatforms_2017/ddp_sw/src/sdk/helloworld_bsp/ps7_cortexa9_0/libsrc/standalone_v5_5/src/profile'
make[2]: Leaving directory `/users/start2015/r0575928/Desktop/ddplatforms_2017/ddp_sw/src/sdk/helloworld_bsp/ps7_cortexa9_0/libsrc/standalone_v5_5/src'
Running Make include in ps7_cortexa9_0/libsrc/usbps_v2_4/src
make -C ps7_cortexa9_0/libsrc/usbps_v2_4/src -s include  "SHELL=/bin/sh" "COMPILER=arm-none-eabi-gcc" "ARCHIVER=arm-none-eabi-ar" "COMPILER_FLAGS=  -O2 -c" "EXTRA_COMPILER_FLAGS=-mcpu=cortex-a9 -mfpu=vfpv3 -mfloat-abi=hard -nostartfiles"
make[2]: Entering directory `/users/start2015/r0575928/Desktop/ddplatforms_2017/ddp_sw/src/sdk/helloworld_bsp/ps7_cortexa9_0/libsrc/usbps_v2_4/src'
make[2]: Leaving directory `/users/start2015/r0575928/Desktop/ddplatforms_2017/ddp_sw/src/sdk/helloworld_bsp/ps7_cortexa9_0/libsrc/usbps_v2_4/src'
Running Make include in ps7_cortexa9_0/libsrc/scutimer_v2_1/src
make -C ps7_cortexa9_0/libsrc/scutimer_v2_1/src -s include  "SHELL=/bin/sh" "COMPILER=arm-none-eabi-gcc" "ARCHIVER=arm-none-eabi-ar" "COMPILER_FLAGS=  -O2 -c" "EXTRA_COMPILER_FLAGS=-mcpu=cortex-a9 -mfpu=vfpv3 -mfloat-abi=hard -nostartfiles"
make[2]: Entering directory `/users/start2015/r0575928/Desktop/ddplatforms_2017/ddp_sw/src/sdk/helloworld_bsp/ps7_cortexa9_0/libsrc/scutimer_v2_1/src'
make[2]: Leaving directory `/users/start2015/r0575928/Desktop/ddplatforms_2017/ddp_sw/src/sdk/helloworld_bsp/ps7_cortexa9_0/libsrc/scutimer_v2_1/src'
Running Make libs in ps7_cortexa9_0/libsrc/qspips_v3_3/src
make -C ps7_cortexa9_0/libsrc/qspips_v3_3/src -s libs  "SHELL=/bin/sh" "COMPILER=arm-none-eabi-gcc" "ARCHIVER=arm-none-eabi-ar" "COMPILER_FLAGS=  -O2 -c" "EXTRA_COMPILER_FLAGS=-mcpu=cortex-a9 -mfpu=vfpv3 -mfloat-abi=hard -nostartfiles"
make[2]: Entering directory `/users/start2015/r0575928/Desktop/ddplatforms_2017/ddp_sw/src/sdk/helloworld_bsp/ps7_cortexa9_0/libsrc/qspips_v3_3/src'
Compiling qspips
make[2]: Leaving directory `/users/start2015/r0575928/Desktop/ddplatforms_2017/ddp_sw/src/sdk/helloworld_bsp/ps7_cortexa9_0/libsrc/qspips_v3_3/src'
Running Make libs in ps7_cortexa9_0/libsrc/ddrps_v1_0/src
make -C ps7_cortexa9_0/libsrc/ddrps_v1_0/src -s libs  "SHELL=/bin/sh" "COMPILER=arm-none-eabi-gcc" "ARCHIVER=arm-none-eabi-ar" "COMPILER_FLAGS=  -O2 -c" "EXTRA_COMPILER_FLAGS=-mcpu=cortex-a9 -mfpu=vfpv3 -mfloat-abi=hard -nostartfiles"
make[2]: Entering directory `/users/start2015/r0575928/Desktop/ddplatforms_2017/ddp_sw/src/sdk/helloworld_bsp/ps7_cortexa9_0/libsrc/ddrps_v1_0/src'
Compiling ddrps
make[2]: Leaving directory `/users/start2015/r0575928/Desktop/ddplatforms_2017/ddp_sw/src/sdk/helloworld_bsp/ps7_cortexa9_0/libsrc/ddrps_v1_0/src'
Running Make libs in ps7_cortexa9_0/libsrc/gpio_v4_1/src
make -C ps7_cortexa9_0/libsrc/gpio_v4_1/src -s libs  "SHELL=/bin/sh" "COMPILER=arm-none-eabi-gcc" "ARCHIVER=arm-none-eabi-ar" "COMPILER_FLAGS=  -O2 -c" "EXTRA_COMPILER_FLAGS=-mcpu=cortex-a9 -mfpu=vfpv3 -mfloat-abi=hard -nostartfiles"
make[2]: Entering directory `/users/start2015/r0575928/Desktop/ddplatforms_2017/ddp_sw/src/sdk/helloworld_bsp/ps7_cortexa9_0/libsrc/gpio_v4_1/src'
Compiling gpio
make[3]: Entering directory `/users/start2015/r0575928/Desktop/ddplatforms_2017/ddp_sw/src/sdk/helloworld_bsp/ps7_cortexa9_0/libsrc/gpio_v4_1/src'
make[3]: Leaving directory `/users/start2015/r0575928/Desktop/ddplatforms_2017/ddp_sw/src/sdk/helloworld_bsp/ps7_cortexa9_0/libsrc/gpio_v4_1/src'
make[2]: Leaving directory `/users/start2015/r0575928/Desktop/ddplatforms_2017/ddp_sw/src/sdk/helloworld_bsp/ps7_cortexa9_0/libsrc/gpio_v4_1/src'
Running Make libs in ps7_cortexa9_0/libsrc/cpu_cortexa9_v2_2/src
make -C ps7_cortexa9_0/libsrc/cpu_cortexa9_v2_2/src -s libs  "SHELL=/bin/sh" "COMPILER=arm-none-eabi-gcc" "ARCHIVER=arm-none-eabi-ar" "COMPILER_FLAGS=  -O2 -c" "EXTRA_COMPILER_FLAGS=-mcpu=cortex-a9 -mfpu=vfpv3 -mfloat-abi=hard -nostartfiles"
make[2]: Entering directory `/users/start2015/r0575928/Desktop/ddplatforms_2017/ddp_sw/src/sdk/helloworld_bsp/ps7_cortexa9_0/libsrc/cpu_cortexa9_v2_2/src'
Compiling cpu_cortexa9
make[2]: Leaving directory `/users/start2015/r0575928/Desktop/ddplatforms_2017/ddp_sw/src/sdk/helloworld_bsp/ps7_cortexa9_0/libsrc/cpu_cortexa9_v2_2/src'
Running Make libs in ps7_cortexa9_0/libsrc/sdps_v2_8/src
make -C ps7_cortexa9_0/libsrc/sdps_v2_8/src -s libs  "SHELL=/bin/sh" "COMPILER=arm-none-eabi-gcc" "ARCHIVER=arm-none-eabi-ar" "COMPILER_FLAGS=  -O2 -c" "EXTRA_COMPILER_FLAGS=-mcpu=cortex-a9 -mfpu=vfpv3 -mfloat-abi=hard -nostartfiles"
make[2]: Entering directory `/users/start2015/r0575928/Desktop/ddplatforms_2017/ddp_sw/src/sdk/helloworld_bsp/ps7_cortexa9_0/libsrc/sdps_v2_8/src'
Compiling sdps
make[2]: Leaving directory `/users/start2015/r0575928/Desktop/ddplatforms_2017/ddp_sw/src/sdk/helloworld_bsp/ps7_cortexa9_0/libsrc/sdps_v2_8/src'
Running Make libs in ps7_cortexa9_0/libsrc/emacps_v3_2/src
make -C ps7_cortexa9_0/libsrc/emacps_v3_2/src -s libs  "SHELL=/bin/sh" "COMPILER=arm-none-eabi-gcc" "ARCHIVER=arm-none-eabi-ar" "COMPILER_FLAGS=  -O2 -c" "EXTRA_COMPILER_FLAGS=-mcpu=cortex-a9 -mfpu=vfpv3 -mfloat-abi=hard -nostartfiles"
make[2]: Entering directory `/users/start2015/r0575928/Desktop/ddplatforms_2017/ddp_sw/src/sdk/helloworld_bsp/ps7_cortexa9_0/libsrc/emacps_v3_2/src'
Compiling emacps
make[2]: Leaving directory `/users/start2015/r0575928/Desktop/ddplatforms_2017/ddp_sw/src/sdk/helloworld_bsp/ps7_cortexa9_0/libsrc/emacps_v3_2/src'
Running Make libs in ps7_cortexa9_0/libsrc/uartps_v3_1/src
make -C ps7_cortexa9_0/libsrc/uartps_v3_1/src -s libs  "SHELL=/bin/sh" "COMPILER=arm-none-eabi-gcc" "ARCHIVER=arm-none-eabi-ar" "COMPILER_FLAGS=  -O2 -c" "EXTRA_COMPILER_FLAGS=-mcpu=cortex-a9 -mfpu=vfpv3 -mfloat-abi=hard -nostartfiles"
make[2]: Entering directory `/users/start2015/r0575928/Desktop/ddplatforms_2017/ddp_sw/src/sdk/helloworld_bsp/ps7_cortexa9_0/libsrc/uartps_v3_1/src'
Compiling uartps
make[2]: Leaving directory `/users/start2015/r0575928/Desktop/ddplatforms_2017/ddp_sw/src/sdk/helloworld_bsp/ps7_cortexa9_0/libsrc/uartps_v3_1/src'
Running Make libs in ps7_cortexa9_0/libsrc/scugic_v3_3/src
make -C ps7_cortexa9_0/libsrc/scugic_v3_3/src -s libs  "SHELL=/bin/sh" "COMPILER=arm-none-eabi-gcc" "ARCHIVER=arm-none-eabi-ar" "COMPILER_FLAGS=  -O2 -c" "EXTRA_COMPILER_FLAGS=-mcpu=cortex-a9 -mfpu=vfpv3 -mfloat-abi=hard -nostartfiles"
make[2]: Entering directory `/users/start2015/r0575928/Desktop/ddplatforms_2017/ddp_sw/src/sdk/helloworld_bsp/ps7_cortexa9_0/libsrc/scugic_v3_3/src'
Compiling scugic
make[2]: Leaving directory `/users/start2015/r0575928/Desktop/ddplatforms_2017/ddp_sw/src/sdk/helloworld_bsp/ps7_cortexa9_0/libsrc/scugic_v3_3/src'
Running Make libs in ps7_cortexa9_0/libsrc/xadcps_v2_2/src
make -C ps7_cortexa9_0/libsrc/xadcps_v2_2/src -s libs  "SHELL=/bin/sh" "COMPILER=arm-none-eabi-gcc" "ARCHIVER=arm-none-eabi-ar" "COMPILER_FLAGS=  -O2 -c" "EXTRA_COMPILER_FLAGS=-mcpu=cortex-a9 -mfpu=vfpv3 -mfloat-abi=hard -nostartfiles"
make[2]: Entering directory `/users/start2015/r0575928/Desktop/ddplatforms_2017/ddp_sw/src/sdk/helloworld_bsp/ps7_cortexa9_0/libsrc/xadcps_v2_2/src'
Compiling xadcps
make[2]: Leaving directory `/users/start2015/r0575928/Desktop/ddplatforms_2017/ddp_sw/src/sdk/helloworld_bsp/ps7_cortexa9_0/libsrc/xadcps_v2_2/src'
Running Make libs in ps7_cortexa9_0/libsrc/devcfg_v3_4/src
make -C ps7_cortexa9_0/libsrc/devcfg_v3_4/src -s libs  "SHELL=/bin/sh" "COMPILER=arm-none-eabi-gcc" "ARCHIVER=arm-none-eabi-ar" "COMPILER_FLAGS=  -O2 -c" "EXTRA_COMPILER_FLAGS=-mcpu=cortex-a9 -mfpu=vfpv3 -mfloat-abi=hard -nostartfiles"
make[2]: Entering directory `/users/start2015/r0575928/Desktop/ddplatforms_2017/ddp_sw/src/sdk/helloworld_bsp/ps7_cortexa9_0/libsrc/devcfg_v3_4/src'
Compiling devcfg
make[2]: Leaving directory `/users/start2015/r0575928/Desktop/ddplatforms_2017/ddp_sw/src/sdk/helloworld_bsp/ps7_cortexa9_0/libsrc/devcfg_v3_4/src'
Running Make libs in ps7_cortexa9_0/libsrc/dmaps_v2_1/src
make -C ps7_cortexa9_0/libsrc/dmaps_v2_1/src -s libs  "SHELL=/bin/sh" "COMPILER=arm-none-eabi-gcc" "ARCHIVER=arm-none-eabi-ar" "COMPILER_FLAGS=  -O2 -c" "EXTRA_COMPILER_FLAGS=-mcpu=cortex-a9 -mfpu=vfpv3 -mfloat-abi=hard -nostartfiles"
make[2]: Entering directory `/users/start2015/r0575928/Desktop/ddplatforms_2017/ddp_sw/src/sdk/helloworld_bsp/ps7_cortexa9_0/libsrc/dmaps_v2_1/src'
Compiling dmaps
make[2]: Leaving directory `/users/start2015/r0575928/Desktop/ddplatforms_2017/ddp_sw/src/sdk/helloworld_bsp/ps7_cortexa9_0/libsrc/dmaps_v2_1/src'
Running Make libs in ps7_cortexa9_0/libsrc/gpiops_v3_1/src
make -C ps7_cortexa9_0/libsrc/gpiops_v3_1/src -s libs  "SHELL=/bin/sh" "COMPILER=arm-none-eabi-gcc" "ARCHIVER=arm-none-eabi-ar" "COMPILER_FLAGS=  -O2 -c" "EXTRA_COMPILER_FLAGS=-mcpu=cortex-a9 -mfpu=vfpv3 -mfloat-abi=hard -nostartfiles"
make[2]: Entering directory `/users/start2015/r0575928/Desktop/ddplatforms_2017/ddp_sw/src/sdk/helloworld_bsp/ps7_cortexa9_0/libsrc/gpiops_v3_1/src'
Compiling gpiops
make[2]: Leaving directory `/users/start2015/r0575928/Desktop/ddplatforms_2017/ddp_sw/src/sdk/helloworld_bsp/ps7_cortexa9_0/libsrc/gpiops_v3_1/src'
Running Make libs in ps7_cortexa9_0/libsrc/scuwdt_v2_1/src
make -C ps7_cortexa9_0/libsrc/scuwdt_v2_1/src -s libs  "SHELL=/bin/sh" "COMPILER=arm-none-eabi-gcc" "ARCHIVER=arm-none-eabi-ar" "COMPILER_FLAGS=  -O2 -c" "EXTRA_COMPILER_FLAGS=-mcpu=cortex-a9 -mfpu=vfpv3 -mfloat-abi=hard -nostartfiles"
make[2]: Entering directory `/users/start2015/r0575928/Desktop/ddplatforms_2017/ddp_sw/src/sdk/helloworld_bsp/ps7_cortexa9_0/libsrc/scuwdt_v2_1/src'
Compiling scuwdt
make[2]: Leaving directory `/users/start2015/r0575928/Desktop/ddplatforms_2017/ddp_sw/src/sdk/helloworld_bsp/ps7_cortexa9_0/libsrc/scuwdt_v2_1/src'
Running Make libs in ps7_cortexa9_0/libsrc/ttcps_v3_1/src
make -C ps7_cortexa9_0/libsrc/ttcps_v3_1/src -s libs  "SHELL=/bin/sh" "COMPILER=arm-none-eabi-gcc" "ARCHIVER=arm-none-eabi-ar" "COMPILER_FLAGS=  -O2 -c" "EXTRA_COMPILER_FLAGS=-mcpu=cortex-a9 -mfpu=vfpv3 -mfloat-abi=hard -nostartfiles"
make[2]: Entering directory `/users/start2015/r0575928/Desktop/ddplatforms_2017/ddp_sw/src/sdk/helloworld_bsp/ps7_cortexa9_0/libsrc/ttcps_v3_1/src'
Compiling ttcps
make[2]: Leaving directory `/users/start2015/r0575928/Desktop/ddplatforms_2017/ddp_sw/src/sdk/helloworld_bsp/ps7_cortexa9_0/libsrc/ttcps_v3_1/src'
Running Make libs in ps7_cortexa9_0/libsrc/coresightps_dcc_v1_2/src
make -C ps7_cortexa9_0/libsrc/coresightps_dcc_v1_2/src -s libs  "SHELL=/bin/sh" "COMPILER=arm-none-eabi-gcc" "ARCHIVER=arm-none-eabi-ar" "COMPILER_FLAGS=  -O2 -c" "EXTRA_COMPILER_FLAGS=-mcpu=cortex-a9 -mfpu=vfpv3 -mfloat-abi=hard -nostartfiles"
make[2]: Entering directory `/users/start2015/r0575928/Desktop/ddplatforms_2017/ddp_sw/src/sdk/helloworld_bsp/ps7_cortexa9_0/libsrc/coresightps_dcc_v1_2/src'
Compiling coresightps_dcc
make[2]: Leaving directory `/users/start2015/r0575928/Desktop/ddplatforms_2017/ddp_sw/src/sdk/helloworld_bsp/ps7_cortexa9_0/libsrc/coresightps_dcc_v1_2/src'
Running Make libs in ps7_cortexa9_0/libsrc/standalone_v5_5/src
make -C ps7_cortexa9_0/libsrc/standalone_v5_5/src -s libs  "SHELL=/bin/sh" "COMPILER=arm-none-eabi-gcc" "ARCHIVER=arm-none-eabi-ar" "COMPILER_FLAGS=  -O2 -c" "EXTRA_COMPILER_FLAGS=-mcpu=cortex-a9 -mfpu=vfpv3 -mfloat-abi=hard -nostartfiles"
make[2]: Entering directory `/users/start2015/r0575928/Desktop/ddplatforms_2017/ddp_sw/src/sdk/helloworld_bsp/ps7_cortexa9_0/libsrc/standalone_v5_5/src'
Compiling standalone
make[2]: Leaving directory `/users/start2015/r0575928/Desktop/ddplatforms_2017/ddp_sw/src/sdk/helloworld_bsp/ps7_cortexa9_0/libsrc/standalone_v5_5/src'
Running Make libs in ps7_cortexa9_0/libsrc/usbps_v2_4/src
make -C ps7_cortexa9_0/libsrc/usbps_v2_4/src -s libs  "SHELL=/bin/sh" "COMPILER=arm-none-eabi-gcc" "ARCHIVER=arm-none-eabi-ar" "COMPILER_FLAGS=  -O2 -c" "EXTRA_COMPILER_FLAGS=-mcpu=cortex-a9 -mfpu=vfpv3 -mfloat-abi=hard -nostartfiles"
make[2]: Entering directory `/users/start2015/r0575928/Desktop/ddplatforms_2017/ddp_sw/src/sdk/helloworld_bsp/ps7_cortexa9_0/libsrc/usbps_v2_4/src'
Compiling usbps
make[2]: Leaving directory `/users/start2015/r0575928/Desktop/ddplatforms_2017/ddp_sw/src/sdk/helloworld_bsp/ps7_cortexa9_0/libsrc/usbps_v2_4/src'
Running Make libs in ps7_cortexa9_0/libsrc/scutimer_v2_1/src
make -C ps7_cortexa9_0/libsrc/scutimer_v2_1/src -s libs  "SHELL=/bin/sh" "COMPILER=arm-none-eabi-gcc" "ARCHIVER=arm-none-eabi-ar" "COMPILER_FLAGS=  -O2 -c" "EXTRA_COMPILER_FLAGS=-mcpu=cortex-a9 -mfpu=vfpv3 -mfloat-abi=hard -nostartfiles"
make[2]: Entering directory `/users/start2015/r0575928/Desktop/ddplatforms_2017/ddp_sw/src/sdk/helloworld_bsp/ps7_cortexa9_0/libsrc/scutimer_v2_1/src'
Compiling scutimer
make[2]: Leaving directory `/users/start2015/r0575928/Desktop/ddplatforms_2017/ddp_sw/src/sdk/helloworld_bsp/ps7_cortexa9_0/libsrc/scutimer_v2_1/src'
Finished building libraries
make[1]: Leaving directory `/users/start2015/r0575928/Desktop/ddplatforms_2017/ddp_sw/src/sdk/helloworld_bsp'
18:08:01 **** Auto Build of configuration Debug for project montgomery_sw_project ****
make pre-build main-build 
make[1]: Entering directory `/users/start2015/r0575928/Desktop/ddplatforms_2017/ddp_sw/src/sdk/montgomery_sw_project/Debug'
a9-linaro-pre-build-step
 
Building file: ../src/main.c
Invoking: ARM v7 gcc compiler
arm-none-eabi-gcc -Wall -O0 -g3 -c -fmessage-length=0 -MT"src/main.o" -mcpu=cortex-a9 -mfpu=vfpv3 -mfloat-abi=hard -I../../helloworld_bsp/ps7_cortexa9_0/include -MMD -MP -MF"src/main.d" -MT"src/main.o" -o "src/main.o" "../src/main.c"
Finished building: ../src/main.c
 
Building file: ../src/platform.c
Invoking: ARM v7 gcc compiler
arm-none-eabi-gcc -Wall -O0 -g3 -c -fmessage-length=0 -MT"src/platform.o" -mcpu=cortex-a9 -mfpu=vfpv3 -mfloat-abi=hard -I../../helloworld_bsp/ps7_cortexa9_0/include -MMD -MP -MF"src/platform.d" -MT"src/platform.o" -o "src/platform.o" "../src/platform.c"
Finished building: ../src/platform.c
 
Building target: montgomery_sw_project.elf
Invoking: ARM v7 gcc linker
arm-none-eabi-gcc -mcpu=cortex-a9 -mfpu=vfpv3 -mfloat-abi=hard -Wl,-build-id=none -specs=Xilinx.spec -Wl,-T -Wl,../src/lscript.ld -L../../helloworld_bsp/ps7_cortexa9_0/lib -o "montgomery_sw_project.elf"  ./src/asm_func.o ./src/main.o ./src/montgomery.o ./src/mp_arith.o ./src/platform.o   -Wl,--start-group,-lxil,-lgcc,-lc,--end-group
Finished building target: montgomery_sw_project.elf
 
Invoking: ARM v7 Print Size
arm-none-eabi-size montgomery_sw_project.elf  |tee "montgomery_sw_project.elf.size"
   text	   data	    bss	    dec	    hex	filename
  25560	   1152	  23220	  49932	   c30c	montgomery_sw_project.elf
Finished building: montgomery_sw_project.elf.size
 
make[1]: Leaving directory `/users/start2015/r0575928/Desktop/ddplatforms_2017/ddp_sw/src/sdk/montgomery_sw_project/Debug'
18:11:52 **** Incremental Build of configuration Debug for project montgomery_sw_project ****
make pre-build main-build 
make[1]: Entering directory `/users/start2015/r0575928/Desktop/ddplatforms_2017/ddp_sw/src/sdk/montgomery_sw_project/Debug'
a9-linaro-pre-build-step
 
make[1]: Nothing to be done for `main-build'.
make[1]: Leaving directory `/users/start2015/r0575928/Desktop/ddplatforms_2017/ddp_sw/src/sdk/montgomery_sw_project/Debug'
18:13:37 **** Incremental Build of configuration Debug for project montgomery_sw_project ****
make pre-build main-build 
make[1]: Entering directory `/users/start2015/r0575928/Desktop/ddplatforms_2017/ddp_sw/src/sdk/montgomery_sw_project/Debug'
a9-linaro-pre-build-step
 
make[1]: Nothing to be done for `main-build'.
make[1]: Leaving directory `/users/start2015/r0575928/Desktop/ddplatforms_2017/ddp_sw/src/sdk/montgomery_sw_project/Debug'
17:35:59 **** Auto Build of configuration Debug for project montgomery_sw_project ****
make pre-build main-build 
make[1]: Entering directory `/users/start2015/r0575928/Desktop/ddplatforms_2017/ddp_sw/src/sdk/montgomery_sw_project/Debug'
a9-linaro-pre-build-step
 
Building file: ../src/main.c
Invoking: ARM v7 gcc compiler
arm-none-eabi-gcc -Wall -O0 -g3 -c -fmessage-length=0 -MT"src/main.o" -mcpu=cortex-a9 -mfpu=vfpv3 -mfloat-abi=hard -I../../helloworld_bsp/ps7_cortexa9_0/include -MMD -MP -MF"src/main.d" -MT"src/main.o" -o "src/main.o" "../src/main.c"
Finished building: ../src/main.c
 
Building file: ../src/montgomery.c
Invoking: ARM v7 gcc compiler
arm-none-eabi-gcc -Wall -O0 -g3 -c -fmessage-length=0 -MT"src/montgomery.o" -mcpu=cortex-a9 -mfpu=vfpv3 -mfloat-abi=hard -I../../helloworld_bsp/ps7_cortexa9_0/include -MMD -MP -MF"src/montgomery.d" -MT"src/montgomery.o" -o "src/montgomery.o" "../src/montgomery.c"
Finished building: ../src/montgomery.c
 
Building file: ../src/platform.c
Invoking: ARM v7 gcc compiler
arm-none-eabi-gcc -Wall -O0 -g3 -c -fmessage-length=0 -MT"src/platform.o" -mcpu=cortex-a9 -mfpu=vfpv3 -mfloat-abi=hard -I../../helloworld_bsp/ps7_cortexa9_0/include -MMD -MP -MF"src/platform.d" -MT"src/platform.o" -o "src/platform.o" "../src/platform.c"
Finished building: ../src/platform.c
 
Building target: montgomery_sw_project.elf
Invoking: ARM v7 gcc linker
arm-none-eabi-gcc -mcpu=cortex-a9 -mfpu=vfpv3 -mfloat-abi=hard -Wl,-build-id=none -specs=Xilinx.spec -Wl,-T -Wl,../src/lscript.ld -L../../helloworld_bsp/ps7_cortexa9_0/lib -o "montgomery_sw_project.elf"  ./src/asm_func.o ./src/main.o ./src/montgomery.o ./src/mp_arith.o ./src/platform.o   -Wl,--start-group,-lxil,-lgcc,-lc,--end-group
./src/montgomery.o: In function `mont':
/users/start2015/r0575928/Desktop/ddplatforms_2017/ddp_sw/src/sdk/montgomery_sw_project/Debug/../src/montgomery.c:27: undefined reference to `asm_sum1'
make[1]: Leaving directory `/users/start2015/r0575928/Desktop/ddplatforms_2017/ddp_sw/src/sdk/montgomery_sw_project/Debug'
/users/start2015/r0575928/Desktop/ddplatforms_2017/ddp_sw/src/sdk/montgomery_sw_project/Debug/../src/montgomery.c:28: undefined reference to `add_c'
/users/start2015/r0575928/Desktop/ddplatforms_2017/ddp_sw/src/sdk/montgomery_sw_project/Debug/../src/montgomery.c:33: undefined reference to `asm_sum2'
/users/start2015/r0575928/Desktop/ddplatforms_2017/ddp_sw/src/sdk/montgomery_sw_project/Debug/../src/montgomery.c:34: undefined reference to `inner_loop2'
/users/start2015/r0575928/Desktop/ddplatforms_2017/ddp_sw/src/sdk/montgomery_sw_project/Debug/../src/montgomery.c:40: undefined reference to `asm_sum_1'
/users/start2015/r0575928/Desktop/ddplatforms_2017/ddp_sw/src/sdk/montgomery_sw_project/Debug/../src/montgomery.c:42: undefined reference to `add_1'
/users/start2015/r0575928/Desktop/ddplatforms_2017/ddp_sw/src/sdk/montgomery_sw_project/Debug/../src/montgomery.c:46: undefined reference to `asm_sum_2'
/users/start2015/r0575928/Desktop/ddplatforms_2017/ddp_sw/src/sdk/montgomery_sw_project/Debug/../src/montgomery.c:53: undefined reference to `asm_sum4'
collect2: error: ld returned 1 exit status
make[1]: *** [montgomery_sw_project.elf] Error 1
17:36:31 **** Incremental Build of configuration Debug for project montgomery_sw_project ****
make pre-build main-build 
make[1]: Entering directory `/users/start2015/r0575928/Desktop/ddplatforms_2017/ddp_sw/src/sdk/montgomery_sw_project/Debug'
a9-linaro-pre-build-step
 
Building file: ../src/inner_loop2.S
Invoking: ARM v7 gcc compiler
arm-none-eabi-gcc -Wall -O0 -g3 -c -fmessage-length=0 -MT"src/inner_loop2.o" -mcpu=cortex-a9 -mfpu=vfpv3 -mfloat-abi=hard -I../../helloworld_bsp/ps7_cortexa9_0/include -MMD -MP -MF"src/inner_loop2.d" -MT"src/inner_loop2.o" -o "src/inner_loop2.o" "../src/inner_loop2.S"
Finished building: ../src/inner_loop2.S
 
Building target: montgomery_sw_project.elf
Invoking: ARM v7 gcc linker
arm-none-eabi-gcc -mcpu=cortex-a9 -mfpu=vfpv3 -mfloat-abi=hard -Wl,-build-id=none -specs=Xilinx.spec -Wl,-T -Wl,../src/lscript.ld -L../../helloworld_bsp/ps7_cortexa9_0/lib -o "montgomery_sw_project.elf"  ./src/asm_add.o ./src/asm_func.o ./src/inner_loop.o ./src/inner_loop2.o ./src/main.o ./src/montgomery.o ./src/mp_arith.o ./src/platform.o   -Wl,--start-group,-lxil,-lgcc,-lc,--end-group
Finished building target: montgomery_sw_project.elf
 
Invoking: ARM v7 Print Size
arm-none-eabi-size montgomery_sw_project.elf  |tee "montgomery_sw_project.elf.size"
   text	   data	    bss	    dec	    hex	filename
  28812	   1672	  23220	  53704	   d1c8	montgomery_sw_project.elf
Finished building: montgomery_sw_project.elf.size
 
make[1]: Leaving directory `/users/start2015/r0575928/Desktop/ddplatforms_2017/ddp_sw/src/sdk/montgomery_sw_project/Debug'
17:36:41 **** Auto Build of configuration Debug for project montgomery_sw_project ****
make pre-build main-build 
make[1]: Entering directory `/users/start2015/r0575928/Desktop/ddplatforms_2017/ddp_sw/src/sdk/montgomery_sw_project/Debug'
a9-linaro-pre-build-step
 
Building file: ../src/montgomery.c
Invoking: ARM v7 gcc compiler
arm-none-eabi-gcc -Wall -O0 -g3 -c -fmessage-length=0 -MT"src/montgomery.o" -mcpu=cortex-a9 -mfpu=vfpv3 -mfloat-abi=hard -I../../helloworld_bsp/ps7_cortexa9_0/include -MMD -MP -MF"src/montgomery.d" -MT"src/montgomery.o" -o "src/montgomery.o" "../src/montgomery.c"
Finished building: ../src/montgomery.c
 
Building target: montgomery_sw_project.elf
Invoking: ARM v7 gcc linker
arm-none-eabi-gcc -mcpu=cortex-a9 -mfpu=vfpv3 -mfloat-abi=hard -Wl,-build-id=none -specs=Xilinx.spec -Wl,-T -Wl,../src/lscript.ld -L../../helloworld_bsp/ps7_cortexa9_0/lib -o "montgomery_sw_project.elf"  ./src/asm_add.o ./src/asm_func.o ./src/inner_loop.o ./src/inner_loop2.o ./src/main.o ./src/montgomery.o ./src/mp_arith.o ./src/platform.o   -Wl,--start-group,-lxil,-lgcc,-lc,--end-group
Finished building target: montgomery_sw_project.elf
 
Invoking: ARM v7 Print Size
arm-none-eabi-size montgomery_sw_project.elf  |tee "montgomery_sw_project.elf.size"
   text	   data	    bss	    dec	    hex	filename
  28748	   1672	  23220	  53640	   d188	montgomery_sw_project.elf
Finished building: montgomery_sw_project.elf.size
 
make[1]: Leaving directory `/users/start2015/r0575928/Desktop/ddplatforms_2017/ddp_sw/src/sdk/montgomery_sw_project/Debug'
17:36:53 **** Incremental Build of configuration Debug for project montgomery_sw_project ****
make pre-build main-build 
make[1]: Entering directory `/users/start2015/r0575928/Desktop/ddplatforms_2017/ddp_sw/src/sdk/montgomery_sw_project/Debug'
a9-linaro-pre-build-step
 
make[1]: Nothing to be done for `main-build'.
make[1]: Leaving directory `/users/start2015/r0575928/Desktop/ddplatforms_2017/ddp_sw/src/sdk/montgomery_sw_project/Debug'
17:48:05 **** Auto Build of configuration Debug for project montgomery_sw_project ****
make pre-build main-build 
make[1]: Entering directory `/users/start2015/r0575928/Desktop/ddplatforms_2017/ddp_sw/src/sdk/montgomery_sw_project/Debug'
a9-linaro-pre-build-step
 
Building file: ../src/montgomery.c
Invoking: ARM v7 gcc compiler
arm-none-eabi-gcc -Wall -O0 -g3 -c -fmessage-length=0 -MT"src/montgomery.o" -mcpu=cortex-a9 -mfpu=vfpv3 -mfloat-abi=hard -I../../helloworld_bsp/ps7_cortexa9_0/include -MMD -MP -MF"src/montgomery.d" -MT"src/montgomery.o" -o "src/montgomery.o" "../src/montgomery.c"
Finished building: ../src/montgomery.c
 
Building target: montgomery_sw_project.elf
Invoking: ARM v7 gcc linker
arm-none-eabi-gcc -mcpu=cortex-a9 -mfpu=vfpv3 -mfloat-abi=hard -Wl,-build-id=none -specs=Xilinx.spec -Wl,-T -Wl,../src/lscript.ld -L../../helloworld_bsp/ps7_cortexa9_0/lib -o "montgomery_sw_project.elf"  ./src/asm_add.o ./src/asm_func.o ./src/inner_loop.o ./src/inner_loop2.o ./src/main.o ./src/montgomery.o ./src/mp_arith.o ./src/platform.o   -Wl,--start-group,-lxil,-lgcc,-lc,--end-group
Finished building target: montgomery_sw_project.elf
 
Invoking: ARM v7 Print Size
arm-none-eabi-size montgomery_sw_project.elf  |tee "montgomery_sw_project.elf.size"
   text	   data	    bss	    dec	    hex	filename
  28748	   1672	  23220	  53640	   d188	montgomery_sw_project.elf
Finished building: montgomery_sw_project.elf.size
 
make[1]: Leaving directory `/users/start2015/r0575928/Desktop/ddplatforms_2017/ddp_sw/src/sdk/montgomery_sw_project/Debug'
17:48:17 **** Incremental Build of configuration Debug for project montgomery_sw_project ****
make pre-build main-build 
make[1]: Entering directory `/users/start2015/r0575928/Desktop/ddplatforms_2017/ddp_sw/src/sdk/montgomery_sw_project/Debug'
a9-linaro-pre-build-step
 
make[1]: Nothing to be done for `main-build'.
make[1]: Leaving directory `/users/start2015/r0575928/Desktop/ddplatforms_2017/ddp_sw/src/sdk/montgomery_sw_project/Debug'
17:50:51 **** Auto Build of configuration Debug for project montgomery_sw_project ****
make pre-build main-build 
make[1]: Entering directory `/users/start2015/r0575928/Desktop/ddplatforms_2017/ddp_sw/src/sdk/montgomery_sw_project/Debug'
a9-linaro-pre-build-step
 
Building file: ../src/montgomery.c
Invoking: ARM v7 gcc compiler
arm-none-eabi-gcc -Wall -O0 -g3 -c -fmessage-length=0 -MT"src/montgomery.o" -mcpu=cortex-a9 -mfpu=vfpv3 -mfloat-abi=hard -I../../helloworld_bsp/ps7_cortexa9_0/include -MMD -MP -MF"src/montgomery.d" -MT"src/montgomery.o" -o "src/montgomery.o" "../src/montgomery.c"
Finished building: ../src/montgomery.c
 
Building target: montgomery_sw_project.elf
Invoking: ARM v7 gcc linker
arm-none-eabi-gcc -mcpu=cortex-a9 -mfpu=vfpv3 -mfloat-abi=hard -Wl,-build-id=none -specs=Xilinx.spec -Wl,-T -Wl,../src/lscript.ld -L../../helloworld_bsp/ps7_cortexa9_0/lib -o "montgomery_sw_project.elf"  ./src/asm_add.o ./src/asm_func.o ./src/inner_loop.o ./src/inner_loop2.o ./src/main.o ./src/montgomery.o ./src/mp_arith.o ./src/platform.o   -Wl,--start-group,-lxil,-lgcc,-lc,--end-group
Finished building target: montgomery_sw_project.elf
 
Invoking: ARM v7 Print Size
arm-none-eabi-size montgomery_sw_project.elf  |tee "montgomery_sw_project.elf.size"
   text	   data	    bss	    dec	    hex	filename
  28812	   1672	  23220	  53704	   d1c8	montgomery_sw_project.elf
Finished building: montgomery_sw_project.elf.size
 
make[1]: Leaving directory `/users/start2015/r0575928/Desktop/ddplatforms_2017/ddp_sw/src/sdk/montgomery_sw_project/Debug'
17:50:54 **** Incremental Build of configuration Debug for project montgomery_sw_project ****
make pre-build main-build 
make[1]: Entering directory `/users/start2015/r0575928/Desktop/ddplatforms_2017/ddp_sw/src/sdk/montgomery_sw_project/Debug'
a9-linaro-pre-build-step
 
make[1]: Nothing to be done for `main-build'.
make[1]: Leaving directory `/users/start2015/r0575928/Desktop/ddplatforms_2017/ddp_sw/src/sdk/montgomery_sw_project/Debug'
17:52:42 **** Auto Build of configuration Debug for project montgomery_sw_project ****
make pre-build main-build 
make[1]: Entering directory `/users/start2015/r0575928/Desktop/ddplatforms_2017/ddp_sw/src/sdk/montgomery_sw_project/Debug'
a9-linaro-pre-build-step
 
Building file: ../src/montgomery.c
Invoking: ARM v7 gcc compiler
arm-none-eabi-gcc -Wall -O0 -g3 -c -fmessage-length=0 -MT"src/montgomery.o" -mcpu=cortex-a9 -mfpu=vfpv3 -mfloat-abi=hard -I../../helloworld_bsp/ps7_cortexa9_0/include -MMD -MP -MF"src/montgomery.d" -MT"src/montgomery.o" -o "src/montgomery.o" "../src/montgomery.c"
../src/montgomery.c: In function 'mont':
../src/montgomery.c:19:11: warning: unused variable 'sum' [-Wunused-variable]
  uint64_t sum=0;
           ^
Finished building: ../src/montgomery.c
 
Building target: montgomery_sw_project.elf
Invoking: ARM v7 gcc linker
arm-none-eabi-gcc -mcpu=cortex-a9 -mfpu=vfpv3 -mfloat-abi=hard -Wl,-build-id=none -specs=Xilinx.spec -Wl,-T -Wl,../src/lscript.ld -L../../helloworld_bsp/ps7_cortexa9_0/lib -o "montgomery_sw_project.elf"  ./src/asm_add.o ./src/asm_func.o ./src/inner_loop.o ./src/inner_loop2.o ./src/main.o ./src/montgomery.o ./src/mp_arith.o ./src/platform.o   -Wl,--start-group,-lxil,-lgcc,-lc,--end-group
Finished building target: montgomery_sw_project.elf
 
Invoking: ARM v7 Print Size
arm-none-eabi-size montgomery_sw_project.elf  |tee "montgomery_sw_project.elf.size"
   text	   data	    bss	    dec	    hex	filename
  28428	   1672	  23220	  53320	   d048	montgomery_sw_project.elf
Finished building: montgomery_sw_project.elf.size
 
make[1]: Leaving directory `/users/start2015/r0575928/Desktop/ddplatforms_2017/ddp_sw/src/sdk/montgomery_sw_project/Debug'
17:52:44 **** Incremental Build of configuration Debug for project montgomery_sw_project ****
make pre-build main-build 
make[1]: Entering directory `/users/start2015/r0575928/Desktop/ddplatforms_2017/ddp_sw/src/sdk/montgomery_sw_project/Debug'
a9-linaro-pre-build-step
 
make[1]: Nothing to be done for `main-build'.
make[1]: Leaving directory `/users/start2015/r0575928/Desktop/ddplatforms_2017/ddp_sw/src/sdk/montgomery_sw_project/Debug'
17:53:51 **** Auto Build of configuration Debug for project montgomery_sw_project ****
make pre-build main-build 
make[1]: Entering directory `/users/start2015/r0575928/Desktop/ddplatforms_2017/ddp_sw/src/sdk/montgomery_sw_project/Debug'
a9-linaro-pre-build-step
 
Building file: ../src/montgomery.c
Invoking: ARM v7 gcc compiler
arm-none-eabi-gcc -Wall -O0 -g3 -c -fmessage-length=0 -MT"src/montgomery.o" -mcpu=cortex-a9 -mfpu=vfpv3 -mfloat-abi=hard -I../../helloworld_bsp/ps7_cortexa9_0/include -MMD -MP -MF"src/montgomery.d" -MT"src/montgomery.o" -o "src/montgomery.o" "../src/montgomery.c"
../src/montgomery.c: In function 'mont':
../src/montgomery.c:19:11: warning: unused variable 'sum' [-Wunused-variable]
  uint64_t sum=0;
           ^
Finished building: ../src/montgomery.c
 
Building target: montgomery_sw_project.elf
Invoking: ARM v7 gcc linker
arm-none-eabi-gcc -mcpu=cortex-a9 -mfpu=vfpv3 -mfloat-abi=hard -Wl,-build-id=none -specs=Xilinx.spec -Wl,-T -Wl,../src/lscript.ld -L../../helloworld_bsp/ps7_cortexa9_0/lib -o "montgomery_sw_project.elf"  ./src/asm_add.o ./src/asm_func.o ./src/inner_loop.o ./src/inner_loop2.o ./src/main.o ./src/montgomery.o ./src/mp_arith.o ./src/platform.o   -Wl,--start-group,-lxil,-lgcc,-lc,--end-group
Finished building target: montgomery_sw_project.elf
 
Invoking: ARM v7 Print Size
arm-none-eabi-size montgomery_sw_project.elf  |tee "montgomery_sw_project.elf.size"
   text	   data	    bss	    dec	    hex	filename
  28428	   1672	  23220	  53320	   d048	montgomery_sw_project.elf
Finished building: montgomery_sw_project.elf.size
 
make[1]: Leaving directory `/users/start2015/r0575928/Desktop/ddplatforms_2017/ddp_sw/src/sdk/montgomery_sw_project/Debug'
17:53:53 **** Incremental Build of configuration Debug for project montgomery_sw_project ****
make pre-build main-build 
make[1]: Entering directory `/users/start2015/r0575928/Desktop/ddplatforms_2017/ddp_sw/src/sdk/montgomery_sw_project/Debug'
a9-linaro-pre-build-step
 
make[1]: Nothing to be done for `main-build'.
make[1]: Leaving directory `/users/start2015/r0575928/Desktop/ddplatforms_2017/ddp_sw/src/sdk/montgomery_sw_project/Debug'
17:54:24 **** Auto Build of configuration Debug for project montgomery_sw_project ****
make pre-build main-build 
make[1]: Entering directory `/users/start2015/r0575928/Desktop/ddplatforms_2017/ddp_sw/src/sdk/montgomery_sw_project/Debug'
a9-linaro-pre-build-step
 
Building file: ../src/montgomery.c
Invoking: ARM v7 gcc compiler
arm-none-eabi-gcc -Wall -O0 -g3 -c -fmessage-length=0 -MT"src/montgomery.o" -mcpu=cortex-a9 -mfpu=vfpv3 -mfloat-abi=hard -I../../helloworld_bsp/ps7_cortexa9_0/include -MMD -MP -MF"src/montgomery.d" -MT"src/montgomery.o" -o "src/montgomery.o" "../src/montgomery.c"
../src/montgomery.c: In function 'mont':
../src/montgomery.c:19:11: warning: unused variable 'sum' [-Wunused-variable]
  uint64_t sum=0;
           ^
Finished building: ../src/montgomery.c
 
Building target: montgomery_sw_project.elf
Invoking: ARM v7 gcc linker
arm-none-eabi-gcc -mcpu=cortex-a9 -mfpu=vfpv3 -mfloat-abi=hard -Wl,-build-id=none -specs=Xilinx.spec -Wl,-T -Wl,../src/lscript.ld -L../../helloworld_bsp/ps7_cortexa9_0/lib -o "montgomery_sw_project.elf"  ./src/asm_add.o ./src/asm_func.o ./src/inner_loop.o ./src/inner_loop2.o ./src/main.o ./src/montgomery.o ./src/mp_arith.o ./src/platform.o   -Wl,--start-group,-lxil,-lgcc,-lc,--end-group
Finished building target: montgomery_sw_project.elf
 
Invoking: ARM v7 Print Size
arm-none-eabi-size montgomery_sw_project.elf  |tee "montgomery_sw_project.elf.size"
   text	   data	    bss	    dec	    hex	filename
  28428	   1672	  23220	  53320	   d048	montgomery_sw_project.elf
Finished building: montgomery_sw_project.elf.size
 
make[1]: Leaving directory `/users/start2015/r0575928/Desktop/ddplatforms_2017/ddp_sw/src/sdk/montgomery_sw_project/Debug'
17:54:27 **** Incremental Build of configuration Debug for project montgomery_sw_project ****
make pre-build main-build 
make[1]: Entering directory `/users/start2015/r0575928/Desktop/ddplatforms_2017/ddp_sw/src/sdk/montgomery_sw_project/Debug'
a9-linaro-pre-build-step
 
make[1]: Nothing to be done for `main-build'.
make[1]: Leaving directory `/users/start2015/r0575928/Desktop/ddplatforms_2017/ddp_sw/src/sdk/montgomery_sw_project/Debug'
17:54:54 **** Auto Build of configuration Debug for project montgomery_sw_project ****
make pre-build main-build 
make[1]: Entering directory `/users/start2015/r0575928/Desktop/ddplatforms_2017/ddp_sw/src/sdk/montgomery_sw_project/Debug'
a9-linaro-pre-build-step
 
Building file: ../src/montgomery.c
Invoking: ARM v7 gcc compiler
arm-none-eabi-gcc -Wall -O0 -g3 -c -fmessage-length=0 -MT"src/montgomery.o" -mcpu=cortex-a9 -mfpu=vfpv3 -mfloat-abi=hard -I../../helloworld_bsp/ps7_cortexa9_0/include -MMD -MP -MF"src/montgomery.d" -MT"src/montgomery.o" -o "src/montgomery.o" "../src/montgomery.c"
../src/montgomery.c: In function 'mont':
../src/montgomery.c:19:11: warning: unused variable 'sum' [-Wunused-variable]
  uint64_t sum=0;
           ^
Finished building: ../src/montgomery.c
 
Building target: montgomery_sw_project.elf
Invoking: ARM v7 gcc linker
arm-none-eabi-gcc -mcpu=cortex-a9 -mfpu=vfpv3 -mfloat-abi=hard -Wl,-build-id=none -specs=Xilinx.spec -Wl,-T -Wl,../src/lscript.ld -L../../helloworld_bsp/ps7_cortexa9_0/lib -o "montgomery_sw_project.elf"  ./src/asm_add.o ./src/asm_func.o ./src/inner_loop.o ./src/inner_loop2.o ./src/main.o ./src/montgomery.o ./src/mp_arith.o ./src/platform.o   -Wl,--start-group,-lxil,-lgcc,-lc,--end-group
Finished building target: montgomery_sw_project.elf
 
Invoking: ARM v7 Print Size
arm-none-eabi-size montgomery_sw_project.elf  |tee "montgomery_sw_project.elf.size"
   text	   data	    bss	    dec	    hex	filename
  28428	   1672	  23220	  53320	   d048	montgomery_sw_project.elf
Finished building: montgomery_sw_project.elf.size
 
make[1]: Leaving directory `/users/start2015/r0575928/Desktop/ddplatforms_2017/ddp_sw/src/sdk/montgomery_sw_project/Debug'
17:54:56 **** Incremental Build of configuration Debug for project montgomery_sw_project ****
make pre-build main-build 
make[1]: Entering directory `/users/start2015/r0575928/Desktop/ddplatforms_2017/ddp_sw/src/sdk/montgomery_sw_project/Debug'
a9-linaro-pre-build-step
 
make[1]: Nothing to be done for `main-build'.
make[1]: Leaving directory `/users/start2015/r0575928/Desktop/ddplatforms_2017/ddp_sw/src/sdk/montgomery_sw_project/Debug'
17:58:00 **** Auto Build of configuration Debug for project montgomery_sw_project ****
make pre-build main-build 
make[1]: Entering directory `/users/start2015/r0575928/Desktop/ddplatforms_2017/ddp_sw/src/sdk/montgomery_sw_project/Debug'
a9-linaro-pre-build-step
 
Building file: ../src/inner_loop2.S
Invoking: ARM v7 gcc compiler
arm-none-eabi-gcc -Wall -O0 -g3 -c -fmessage-length=0 -MT"src/inner_loop2.o" -mcpu=cortex-a9 -mfpu=vfpv3 -mfloat-abi=hard -I../../helloworld_bsp/ps7_cortexa9_0/include -MMD -MP -MF"src/inner_loop2.d" -MT"src/inner_loop2.o" -o "src/inner_loop2.o" "../src/inner_loop2.S"
../src/inner_loop2.S: Assembler messages:
../src/inner_loop2.S:130: Error: bad instruction `pop{lr}'
make[1]: Leaving directory `/users/start2015/r0575928/Desktop/ddplatforms_2017/ddp_sw/src/sdk/montgomery_sw_project/Debug'
make[1]: *** [src/inner_loop2.o] Error 1
17:58:49 **** Auto Build of configuration Debug for project montgomery_sw_project ****
make pre-build main-build 
make[1]: Entering directory `/users/start2015/r0575928/Desktop/ddplatforms_2017/ddp_sw/src/sdk/montgomery_sw_project/Debug'
a9-linaro-pre-build-step
 
Building file: ../src/inner_loop2.S
Invoking: ARM v7 gcc compiler
arm-none-eabi-gcc -Wall -O0 -g3 -c -fmessage-length=0 -MT"src/inner_loop2.o" -mcpu=cortex-a9 -mfpu=vfpv3 -mfloat-abi=hard -I../../helloworld_bsp/ps7_cortexa9_0/include -MMD -MP -MF"src/inner_loop2.d" -MT"src/inner_loop2.o" -o "src/inner_loop2.o" "../src/inner_loop2.S"
Finished building: ../src/inner_loop2.S
 
Building target: montgomery_sw_project.elf
Invoking: ARM v7 gcc linker
arm-none-eabi-gcc -mcpu=cortex-a9 -mfpu=vfpv3 -mfloat-abi=hard -Wl,-build-id=none -specs=Xilinx.spec -Wl,-T -Wl,../src/lscript.ld -L../../helloworld_bsp/ps7_cortexa9_0/lib -o "montgomery_sw_project.elf"  ./src/asm_add.o ./src/asm_func.o ./src/inner_loop.o ./src/inner_loop2.o ./src/main.o ./src/montgomery.o ./src/mp_arith.o ./src/platform.o   -Wl,--start-group,-lxil,-lgcc,-lc,--end-group
Finished building target: montgomery_sw_project.elf
 
Invoking: ARM v7 Print Size
arm-none-eabi-size montgomery_sw_project.elf  |tee "montgomery_sw_project.elf.size"
   text	   data	    bss	    dec	    hex	filename
  28492	   1672	  23220	  53384	   d088	montgomery_sw_project.elf
Finished building: montgomery_sw_project.elf.size
 
make[1]: Leaving directory `/users/start2015/r0575928/Desktop/ddplatforms_2017/ddp_sw/src/sdk/montgomery_sw_project/Debug'
17:59:05 **** Incremental Build of configuration Debug for project montgomery_sw_project ****
make pre-build main-build 
make[1]: Entering directory `/users/start2015/r0575928/Desktop/ddplatforms_2017/ddp_sw/src/sdk/montgomery_sw_project/Debug'
a9-linaro-pre-build-step
 
make[1]: Nothing to be done for `main-build'.
make[1]: Leaving directory `/users/start2015/r0575928/Desktop/ddplatforms_2017/ddp_sw/src/sdk/montgomery_sw_project/Debug'
17:59:46 **** Auto Build of configuration Debug for project montgomery_sw_project ****
make pre-build main-build 
make[1]: Entering directory `/users/start2015/r0575928/Desktop/ddplatforms_2017/ddp_sw/src/sdk/montgomery_sw_project/Debug'
a9-linaro-pre-build-step
 
Building file: ../src/montgomery.c
Invoking: ARM v7 gcc compiler
arm-none-eabi-gcc -Wall -O0 -g3 -c -fmessage-length=0 -MT"src/montgomery.o" -mcpu=cortex-a9 -mfpu=vfpv3 -mfloat-abi=hard -I../../helloworld_bsp/ps7_cortexa9_0/include -MMD -MP -MF"src/montgomery.d" -MT"src/montgomery.o" -o "src/montgomery.o" "../src/montgomery.c"
../src/montgomery.c: In function 'mont':
../src/montgomery.c:19:11: warning: unused variable 'sum' [-Wunused-variable]
  uint64_t sum=0;
           ^
../src/montgomery.c:18:11: warning: unused variable 'j' [-Wunused-variable]
  uint32_t j=0;
           ^
Finished building: ../src/montgomery.c
 
Building target: montgomery_sw_project.elf
Invoking: ARM v7 gcc linker
arm-none-eabi-gcc -mcpu=cortex-a9 -mfpu=vfpv3 -mfloat-abi=hard -Wl,-build-id=none -specs=Xilinx.spec -Wl,-T -Wl,../src/lscript.ld -L../../helloworld_bsp/ps7_cortexa9_0/lib -o "montgomery_sw_project.elf"  ./src/asm_add.o ./src/asm_func.o ./src/inner_loop.o ./src/inner_loop2.o ./src/main.o ./src/montgomery.o ./src/mp_arith.o ./src/platform.o   -Wl,--start-group,-lxil,-lgcc,-lc,--end-group
Finished building target: montgomery_sw_project.elf
 
Invoking: ARM v7 Print Size
arm-none-eabi-size montgomery_sw_project.elf  |tee "montgomery_sw_project.elf.size"
   text	   data	    bss	    dec	    hex	filename
  28364	   1672	  23220	  53256	   d008	montgomery_sw_project.elf
Finished building: montgomery_sw_project.elf.size
 
make[1]: Leaving directory `/users/start2015/r0575928/Desktop/ddplatforms_2017/ddp_sw/src/sdk/montgomery_sw_project/Debug'
18:00:19 **** Incremental Build of configuration Debug for project montgomery_sw_project ****
make pre-build main-build 
make[1]: Entering directory `/users/start2015/r0575928/Desktop/ddplatforms_2017/ddp_sw/src/sdk/montgomery_sw_project/Debug'
a9-linaro-pre-build-step
 
make[1]: Nothing to be done for `main-build'.
make[1]: Leaving directory `/users/start2015/r0575928/Desktop/ddplatforms_2017/ddp_sw/src/sdk/montgomery_sw_project/Debug'
18:10:38 **** Auto Build of configuration Debug for project montgomery_sw_project ****
make pre-build main-build 
make[1]: Entering directory `/users/start2015/r0575928/Desktop/ddplatforms_2017/ddp_sw/src/sdk/montgomery_sw_project/Debug'
a9-linaro-pre-build-step
 
Building file: ../src/montgomery.c
Invoking: ARM v7 gcc compiler
arm-none-eabi-gcc -Wall -O0 -g3 -c -fmessage-length=0 -MT"src/montgomery.o" -mcpu=cortex-a9 -mfpu=vfpv3 -mfloat-abi=hard -I../../helloworld_bsp/ps7_cortexa9_0/include -MMD -MP -MF"src/montgomery.d" -MT"src/montgomery.o" -o "src/montgomery.o" "../src/montgomery.c"
../src/montgomery.c: In function 'mont':
../src/montgomery.c:19:11: warning: unused variable 'sum' [-Wunused-variable]
  uint64_t sum=0;
           ^
Finished building: ../src/montgomery.c
 
Building target: montgomery_sw_project.elf
Invoking: ARM v7 gcc linker
arm-none-eabi-gcc -mcpu=cortex-a9 -mfpu=vfpv3 -mfloat-abi=hard -Wl,-build-id=none -specs=Xilinx.spec -Wl,-T -Wl,../src/lscript.ld -L../../helloworld_bsp/ps7_cortexa9_0/lib -o "montgomery_sw_project.elf"  ./src/asm_add.o ./src/asm_func.o ./src/inner_loop.o ./src/inner_loop2.o ./src/main.o ./src/montgomery.o ./src/mp_arith.o ./src/platform.o   -Wl,--start-group,-lxil,-lgcc,-lc,--end-group
Finished building target: montgomery_sw_project.elf
 
Invoking: ARM v7 Print Size
arm-none-eabi-size montgomery_sw_project.elf  |tee "montgomery_sw_project.elf.size"
   text	   data	    bss	    dec	    hex	filename
  28492	   1672	  23220	  53384	   d088	montgomery_sw_project.elf
Finished building: montgomery_sw_project.elf.size
 
make[1]: Leaving directory `/users/start2015/r0575928/Desktop/ddplatforms_2017/ddp_sw/src/sdk/montgomery_sw_project/Debug'
18:10:41 **** Incremental Build of configuration Debug for project montgomery_sw_project ****
make pre-build main-build 
make[1]: Entering directory `/users/start2015/r0575928/Desktop/ddplatforms_2017/ddp_sw/src/sdk/montgomery_sw_project/Debug'
a9-linaro-pre-build-step
 
make[1]: Nothing to be done for `main-build'.
make[1]: Leaving directory `/users/start2015/r0575928/Desktop/ddplatforms_2017/ddp_sw/src/sdk/montgomery_sw_project/Debug'
18:12:15 **** Auto Build of configuration Debug for project montgomery_sw_project ****
make pre-build main-build 
make[1]: Entering directory `/users/start2015/r0575928/Desktop/ddplatforms_2017/ddp_sw/src/sdk/montgomery_sw_project/Debug'
a9-linaro-pre-build-step
 
Building file: ../src/montgomery.c
Invoking: ARM v7 gcc compiler
arm-none-eabi-gcc -Wall -O0 -g3 -c -fmessage-length=0 -MT"src/montgomery.o" -mcpu=cortex-a9 -mfpu=vfpv3 -mfloat-abi=hard -I../../helloworld_bsp/ps7_cortexa9_0/include -MMD -MP -MF"src/montgomery.d" -MT"src/montgomery.o" -o "src/montgomery.o" "../src/montgomery.c"
../src/montgomery.c: In function 'mont':
../src/montgomery.c:19:11: warning: unused variable 'sum' [-Wunused-variable]
  uint64_t sum=0;
           ^
../src/montgomery.c:18:11: warning: unused variable 'j' [-Wunused-variable]
  uint32_t j=0;
           ^
Finished building: ../src/montgomery.c
 
Building target: montgomery_sw_project.elf
Invoking: ARM v7 gcc linker
arm-none-eabi-gcc -mcpu=cortex-a9 -mfpu=vfpv3 -mfloat-abi=hard -Wl,-build-id=none -specs=Xilinx.spec -Wl,-T -Wl,../src/lscript.ld -L../../helloworld_bsp/ps7_cortexa9_0/lib -o "montgomery_sw_project.elf"  ./src/asm_add.o ./src/asm_func.o ./src/inner_loop.o ./src/inner_loop2.o ./src/main.o ./src/montgomery.o ./src/mp_arith.o ./src/platform.o   -Wl,--start-group,-lxil,-lgcc,-lc,--end-group
Finished building target: montgomery_sw_project.elf
 
Invoking: ARM v7 Print Size
arm-none-eabi-size montgomery_sw_project.elf  |tee "montgomery_sw_project.elf.size"
   text	   data	    bss	    dec	    hex	filename
  28364	   1672	  23220	  53256	   d008	montgomery_sw_project.elf
Finished building: montgomery_sw_project.elf.size
 
make[1]: Leaving directory `/users/start2015/r0575928/Desktop/ddplatforms_2017/ddp_sw/src/sdk/montgomery_sw_project/Debug'
18:12:35 **** Incremental Build of configuration Debug for project montgomery_sw_project ****
make pre-build main-build 
make[1]: Entering directory `/users/start2015/r0575928/Desktop/ddplatforms_2017/ddp_sw/src/sdk/montgomery_sw_project/Debug'
a9-linaro-pre-build-step
 
make[1]: Nothing to be done for `main-build'.
make[1]: Leaving directory `/users/start2015/r0575928/Desktop/ddplatforms_2017/ddp_sw/src/sdk/montgomery_sw_project/Debug'
12:35:25 **** Auto Build of configuration Debug for project montgomery_sw_project ****
make pre-build main-build 
make[1]: Entering directory `/users/start2015/r0575928/Desktop/ddplatforms_2017/ddp_sw/src/sdk/montgomery_sw_project/Debug'
a9-linaro-pre-build-step
 
Building file: ../src/montgomery.c
Invoking: ARM v7 gcc compiler
arm-none-eabi-gcc -Wall -O0 -g3 -c -fmessage-length=0 -MT"src/montgomery.o" -mcpu=cortex-a9 -mfpu=vfpv3 -mfloat-abi=hard -I../../helloworld_bsp/ps7_cortexa9_0/include -MMD -MP -MF"src/montgomery.d" -MT"src/montgomery.o" -o "src/montgomery.o" "../src/montgomery.c"
../src/montgomery.c: In function 'mont':
../src/montgomery.c:34:3: warning: implicit declaration of function 'inner_loop' [-Wimplicit-function-declaration]
   inner_loop(&C, &S, t, a, b, m, n, i, SIZE-1);
   ^
../src/montgomery.c:19:11: warning: unused variable 'sum' [-Wunused-variable]
  uint64_t sum=0;
           ^
../src/montgomery.c:18:11: warning: unused variable 'j' [-Wunused-variable]
  uint32_t j=0;
           ^
Finished building: ../src/montgomery.c
 
Building target: montgomery_sw_project.elf
Invoking: ARM v7 gcc linker
arm-none-eabi-gcc -mcpu=cortex-a9 -mfpu=vfpv3 -mfloat-abi=hard -Wl,-build-id=none -specs=Xilinx.spec -Wl,-T -Wl,../src/lscript.ld -L../../helloworld_bsp/ps7_cortexa9_0/lib -o "montgomery_sw_project.elf"  ./src/asm_add.o ./src/asm_func.o ./src/inner_loop.o ./src/inner_loop2.o ./src/main.o ./src/montgomery.o ./src/mp_arith.o ./src/platform.o   -Wl,--start-group,-lxil,-lgcc,-lc,--end-group
Finished building target: montgomery_sw_project.elf
 
Invoking: ARM v7 Print Size
arm-none-eabi-size montgomery_sw_project.elf  |tee "montgomery_sw_project.elf.size"
   text	   data	    bss	    dec	    hex	filename
  28364	   1672	  23220	  53256	   d008	montgomery_sw_project.elf
Finished building: montgomery_sw_project.elf.size
 
make[1]: Leaving directory `/users/start2015/r0575928/Desktop/ddplatforms_2017/ddp_sw/src/sdk/montgomery_sw_project/Debug'
12:36:32 **** Auto Build of configuration Debug for project montgomery_sw_project ****
make pre-build main-build 
make[1]: Entering directory `/users/start2015/r0575928/Desktop/ddplatforms_2017/ddp_sw/src/sdk/montgomery_sw_project/Debug'
a9-linaro-pre-build-step
 
Building file: ../src/montgomery.c
Invoking: ARM v7 gcc compiler
arm-none-eabi-gcc -Wall -O0 -g3 -c -fmessage-length=0 -MT"src/montgomery.o" -mcpu=cortex-a9 -mfpu=vfpv3 -mfloat-abi=hard -I../../helloworld_bsp/ps7_cortexa9_0/include -MMD -MP -MF"src/montgomery.d" -MT"src/montgomery.o" -o "src/montgomery.o" "../src/montgomery.c"
../src/montgomery.c: In function 'mont':
../src/montgomery.c:20:11: warning: unused variable 'sum' [-Wunused-variable]
  uint64_t sum=0;
           ^
../src/montgomery.c:19:11: warning: unused variable 'j' [-Wunused-variable]
  uint32_t j=0;
           ^
Finished building: ../src/montgomery.c
 
Building target: montgomery_sw_project.elf
Invoking: ARM v7 gcc linker
arm-none-eabi-gcc -mcpu=cortex-a9 -mfpu=vfpv3 -mfloat-abi=hard -Wl,-build-id=none -specs=Xilinx.spec -Wl,-T -Wl,../src/lscript.ld -L../../helloworld_bsp/ps7_cortexa9_0/lib -o "montgomery_sw_project.elf"  ./src/asm_add.o ./src/asm_func.o ./src/inner_loop.o ./src/inner_loop2.o ./src/main.o ./src/montgomery.o ./src/mp_arith.o ./src/platform.o   -Wl,--start-group,-lxil,-lgcc,-lc,--end-group
Finished building target: montgomery_sw_project.elf
 
Invoking: ARM v7 Print Size
arm-none-eabi-size montgomery_sw_project.elf  |tee "montgomery_sw_project.elf.size"
   text	   data	    bss	    dec	    hex	filename
  28364	   1672	  23220	  53256	   d008	montgomery_sw_project.elf
Finished building: montgomery_sw_project.elf.size
 
make[1]: Leaving directory `/users/start2015/r0575928/Desktop/ddplatforms_2017/ddp_sw/src/sdk/montgomery_sw_project/Debug'
12:36:56 **** Incremental Build of configuration Debug for project montgomery_sw_project ****
make pre-build main-build 
make[1]: Entering directory `/users/start2015/r0575928/Desktop/ddplatforms_2017/ddp_sw/src/sdk/montgomery_sw_project/Debug'
a9-linaro-pre-build-step
 
make[1]: Nothing to be done for `main-build'.
make[1]: Leaving directory `/users/start2015/r0575928/Desktop/ddplatforms_2017/ddp_sw/src/sdk/montgomery_sw_project/Debug'
12:40:39 **** Auto Build of configuration Debug for project montgomery_sw_project ****
make pre-build main-build 
make[1]: Entering directory `/users/start2015/r0575928/Desktop/ddplatforms_2017/ddp_sw/src/sdk/montgomery_sw_project/Debug'
a9-linaro-pre-build-step
 
Building file: ../src/main.c
Invoking: ARM v7 gcc compiler
arm-none-eabi-gcc -Wall -O0 -g3 -c -fmessage-length=0 -MT"src/main.o" -mcpu=cortex-a9 -mfpu=vfpv3 -mfloat-abi=hard -I../../helloworld_bsp/ps7_cortexa9_0/include -MMD -MP -MF"src/main.d" -MT"src/main.o" -o "src/main.o" "../src/main.c"
Finished building: ../src/main.c
 
Building target: montgomery_sw_project.elf
Invoking: ARM v7 gcc linker
arm-none-eabi-gcc -mcpu=cortex-a9 -mfpu=vfpv3 -mfloat-abi=hard -Wl,-build-id=none -specs=Xilinx.spec -Wl,-T -Wl,../src/lscript.ld -L../../helloworld_bsp/ps7_cortexa9_0/lib -o "montgomery_sw_project.elf"  ./src/asm_add.o ./src/asm_func.o ./src/inner_loop.o ./src/inner_loop2.o ./src/main.o ./src/montgomery.o ./src/mp_arith.o ./src/platform.o   -Wl,--start-group,-lxil,-lgcc,-lc,--end-group
Finished building target: montgomery_sw_project.elf
 
Invoking: ARM v7 Print Size
arm-none-eabi-size montgomery_sw_project.elf  |tee "montgomery_sw_project.elf.size"
   text	   data	    bss	    dec	    hex	filename
  28364	   1672	  23220	  53256	   d008	montgomery_sw_project.elf
Finished building: montgomery_sw_project.elf.size
 
make[1]: Leaving directory `/users/start2015/r0575928/Desktop/ddplatforms_2017/ddp_sw/src/sdk/montgomery_sw_project/Debug'
12:40:50 **** Incremental Build of configuration Debug for project montgomery_sw_project ****
make pre-build main-build 
make[1]: Entering directory `/users/start2015/r0575928/Desktop/ddplatforms_2017/ddp_sw/src/sdk/montgomery_sw_project/Debug'
a9-linaro-pre-build-step
 
make[1]: Nothing to be done for `main-build'.
make[1]: Leaving directory `/users/start2015/r0575928/Desktop/ddplatforms_2017/ddp_sw/src/sdk/montgomery_sw_project/Debug'
12:41:56 **** Incremental Build of configuration Debug for project montgomery_sw_project ****
make pre-build main-build 
make[1]: Entering directory `/users/start2015/r0575928/Desktop/ddplatforms_2017/ddp_sw/src/sdk/montgomery_sw_project/Debug'
a9-linaro-pre-build-step
 
make[1]: Nothing to be done for `main-build'.
make[1]: Leaving directory `/users/start2015/r0575928/Desktop/ddplatforms_2017/ddp_sw/src/sdk/montgomery_sw_project/Debug'
12:45:24 **** Auto Build of configuration Debug for project montgomery_sw_project ****
make pre-build main-build 
make[1]: Entering directory `/users/start2015/r0575928/Desktop/ddplatforms_2017/ddp_sw/src/sdk/montgomery_sw_project/Debug'
a9-linaro-pre-build-step
 
Building file: ../src/inner_loop3.S
Invoking: ARM v7 gcc compiler
arm-none-eabi-gcc -Wall -O0 -g3 -c -fmessage-length=0 -MT"src/inner_loop3.o" -mcpu=cortex-a9 -mfpu=vfpv3 -mfloat-abi=hard -I../../helloworld_bsp/ps7_cortexa9_0/include -MMD -MP -MF"src/inner_loop3.d" -MT"src/inner_loop3.o" -o "src/inner_loop3.o" "../src/inner_loop3.S"
Finished building: ../src/inner_loop3.S
 
Building target: montgomery_sw_project.elf
Invoking: ARM v7 gcc linker
arm-none-eabi-gcc -mcpu=cortex-a9 -mfpu=vfpv3 -mfloat-abi=hard -Wl,-build-id=none -specs=Xilinx.spec -Wl,-T -Wl,../src/lscript.ld -L../../helloworld_bsp/ps7_cortexa9_0/lib -o "montgomery_sw_project.elf"  ./src/asm_add.o ./src/asm_func.o ./src/inner_loop.o ./src/inner_loop2.o ./src/inner_loop3.o ./src/main.o ./src/montgomery.o ./src/mp_arith.o ./src/platform.o   -Wl,--start-group,-lxil,-lgcc,-lc,--end-group
Finished building target: montgomery_sw_project.elf
 
Invoking: ARM v7 Print Size
arm-none-eabi-size montgomery_sw_project.elf  |tee "montgomery_sw_project.elf.size"
   text	   data	    bss	    dec	    hex	filename
  28556	   1672	  23220	  53448	   d0c8	montgomery_sw_project.elf
Finished building: montgomery_sw_project.elf.size
 
make[1]: Leaving directory `/users/start2015/r0575928/Desktop/ddplatforms_2017/ddp_sw/src/sdk/montgomery_sw_project/Debug'
12:45:56 **** Auto Build of configuration Debug for project montgomery_sw_project ****
make pre-build main-build 
make[1]: Entering directory `/users/start2015/r0575928/Desktop/ddplatforms_2017/ddp_sw/src/sdk/montgomery_sw_project/Debug'
a9-linaro-pre-build-step
 
Building file: ../src/montgomery.c
Invoking: ARM v7 gcc compiler
arm-none-eabi-gcc -Wall -O0 -g3 -c -fmessage-length=0 -MT"src/montgomery.o" -mcpu=cortex-a9 -mfpu=vfpv3 -mfloat-abi=hard -I../../helloworld_bsp/ps7_cortexa9_0/include -MMD -MP -MF"src/montgomery.d" -MT"src/montgomery.o" -o "src/montgomery.o" "../src/montgomery.c"
../src/montgomery.c: In function 'mont':
../src/montgomery.c:36:3: warning: implicit declaration of function 'inner_loop_3' [-Wimplicit-function-declaration]
   inner_loop_3(&C, &S, t, a, b, m, n, i, SIZE-1);
   ^
../src/montgomery.c:21:11: warning: unused variable 'sum' [-Wunused-variable]
  uint64_t sum=0;
           ^
../src/montgomery.c:20:11: warning: unused variable 'j' [-Wunused-variable]
  uint32_t j=0;
           ^
Finished building: ../src/montgomery.c
 
Building target: montgomery_sw_project.elf
Invoking: ARM v7 gcc linker
arm-none-eabi-gcc -mcpu=cortex-a9 -mfpu=vfpv3 -mfloat-abi=hard -Wl,-build-id=none -specs=Xilinx.spec -Wl,-T -Wl,../src/lscript.ld -L../../helloworld_bsp/ps7_cortexa9_0/lib -o "montgomery_sw_project.elf"  ./src/asm_add.o ./src/asm_func.o ./src/inner_loop.o ./src/inner_loop2.o ./src/inner_loop3.o ./src/main.o ./src/montgomery.o ./src/mp_arith.o ./src/platform.o   -Wl,--start-group,-lxil,-lgcc,-lc,--end-group
./src/montgomery.o: In function `mont':
/users/start2015/r0575928/Desktop/ddplatforms_2017/ddp_sw/src/sdk/montgomery_sw_project/Debug/../src/montgomery.c:36: undefined reference to `inner_loop_3'
collect2: error: ld returned 1 exit status
make[1]: Leaving directory `/users/start2015/r0575928/Desktop/ddplatforms_2017/ddp_sw/src/sdk/montgomery_sw_project/Debug'
make[1]: *** [montgomery_sw_project.elf] Error 1
12:46:08 **** Auto Build of configuration Debug for project montgomery_sw_project ****
make pre-build main-build 
make[1]: Entering directory `/users/start2015/r0575928/Desktop/ddplatforms_2017/ddp_sw/src/sdk/montgomery_sw_project/Debug'
a9-linaro-pre-build-step
 
Building file: ../src/montgomery.c
Invoking: ARM v7 gcc compiler
arm-none-eabi-gcc -Wall -O0 -g3 -c -fmessage-length=0 -MT"src/montgomery.o" -mcpu=cortex-a9 -mfpu=vfpv3 -mfloat-abi=hard -I../../helloworld_bsp/ps7_cortexa9_0/include -MMD -MP -MF"src/montgomery.d" -MT"src/montgomery.o" -o "src/montgomery.o" "../src/montgomery.c"
../src/montgomery.c: In function 'mont':
../src/montgomery.c:21:11: warning: unused variable 'sum' [-Wunused-variable]
  uint64_t sum=0;
           ^
../src/montgomery.c:20:11: warning: unused variable 'j' [-Wunused-variable]
  uint32_t j=0;
           ^
Finished building: ../src/montgomery.c
 
Building target: montgomery_sw_project.elf
Invoking: ARM v7 gcc linker
arm-none-eabi-gcc -mcpu=cortex-a9 -mfpu=vfpv3 -mfloat-abi=hard -Wl,-build-id=none -specs=Xilinx.spec -Wl,-T -Wl,../src/lscript.ld -L../../helloworld_bsp/ps7_cortexa9_0/lib -o "montgomery_sw_project.elf"  ./src/asm_add.o ./src/asm_func.o ./src/inner_loop.o ./src/inner_loop2.o ./src/inner_loop3.o ./src/main.o ./src/montgomery.o ./src/mp_arith.o ./src/platform.o   -Wl,--start-group,-lxil,-lgcc,-lc,--end-group
Finished building target: montgomery_sw_project.elf
 
Invoking: ARM v7 Print Size
arm-none-eabi-size montgomery_sw_project.elf  |tee "montgomery_sw_project.elf.size"
   text	   data	    bss	    dec	    hex	filename
  28556	   1672	  23220	  53448	   d0c8	montgomery_sw_project.elf
Finished building: montgomery_sw_project.elf.size
 
make[1]: Leaving directory `/users/start2015/r0575928/Desktop/ddplatforms_2017/ddp_sw/src/sdk/montgomery_sw_project/Debug'
12:46:14 **** Incremental Build of configuration Debug for project montgomery_sw_project ****
make pre-build main-build 
make[1]: Entering directory `/users/start2015/r0575928/Desktop/ddplatforms_2017/ddp_sw/src/sdk/montgomery_sw_project/Debug'
a9-linaro-pre-build-step
 
make[1]: Nothing to be done for `main-build'.
make[1]: Leaving directory `/users/start2015/r0575928/Desktop/ddplatforms_2017/ddp_sw/src/sdk/montgomery_sw_project/Debug'
12:52:40 **** Auto Build of configuration Debug for project montgomery_sw_project ****
make pre-build main-build 
make[1]: Entering directory `/users/start2015/r0575928/Desktop/ddplatforms_2017/ddp_sw/src/sdk/montgomery_sw_project/Debug'
a9-linaro-pre-build-step
 
Building file: ../src/asm_add.S
Invoking: ARM v7 gcc compiler
arm-none-eabi-gcc -Wall -O0 -g3 -c -fmessage-length=0 -MT"src/asm_add.o" -mcpu=cortex-a9 -mfpu=vfpv3 -mfloat-abi=hard -I../../helloworld_bsp/ps7_cortexa9_0/include -MMD -MP -MF"src/asm_add.d" -MT"src/asm_add.o" -o "src/asm_add.o" "../src/asm_add.S"
Finished building: ../src/asm_add.S
 
make[1]: Leaving directory `/users/start2015/r0575928/Desktop/ddplatforms_2017/ddp_sw/src/sdk/montgomery_sw_project/Debug'
make[1]: *** No rule to make target `../src/inner_loop2.S', needed by `src/inner_loop2.o'.  Stop.
12:54:06 **** Auto Build of configuration Debug for project montgomery_sw_project ****
make pre-build main-build 
make[1]: Entering directory `/users/start2015/r0575928/Desktop/ddplatforms_2017/ddp_sw/src/sdk/montgomery_sw_project/Debug'
a9-linaro-pre-build-step
 
Building file: ../src/main.c
Invoking: ARM v7 gcc compiler
arm-none-eabi-gcc -Wall -O0 -g3 -c -fmessage-length=0 -MT"src/main.o" -mcpu=cortex-a9 -mfpu=vfpv3 -mfloat-abi=hard -I../../helloworld_bsp/ps7_cortexa9_0/include -MMD -MP -MF"src/main.d" -MT"src/main.o" -o "src/main.o" "../src/main.c"
Finished building: ../src/main.c
 
Building target: montgomery_sw_project.elf
Invoking: ARM v7 gcc linker
arm-none-eabi-gcc -mcpu=cortex-a9 -mfpu=vfpv3 -mfloat-abi=hard -Wl,-build-id=none -specs=Xilinx.spec -Wl,-T -Wl,../src/lscript.ld -L../../helloworld_bsp/ps7_cortexa9_0/lib -o "montgomery_sw_project.elf"  ./src/asm_add.o ./src/asm_func.o ./src/inner_loop.o ./src/inner_loop3.o ./src/main.o ./src/montgomery.o ./src/mp_arith.o ./src/platform.o   -Wl,--start-group,-lxil,-lgcc,-lc,--end-group
./src/montgomery.o: In function `mont':
/users/start2015/r0575928/Desktop/ddplatforms_2017/ddp_sw/src/sdk/montgomery_sw_project/Debug/../src/montgomery.c:45: undefined reference to `asm_sum4'
make[1]: Leaving directory `/users/start2015/r0575928/Desktop/ddplatforms_2017/ddp_sw/src/sdk/montgomery_sw_project/Debug'
collect2: error: ld returned 1 exit status
make[1]: *** [montgomery_sw_project.elf] Error 1
12:54:08 **** Incremental Build of configuration Debug for project montgomery_sw_project ****
make pre-build main-build 
make[1]: Entering directory `/users/start2015/r0575928/Desktop/ddplatforms_2017/ddp_sw/src/sdk/montgomery_sw_project/Debug'
a9-linaro-pre-build-step
 
Building target: montgomery_sw_project.elf
Invoking: ARM v7 gcc linker
arm-none-eabi-gcc -mcpu=cortex-a9 -mfpu=vfpv3 -mfloat-abi=hard -Wl,-build-id=none -specs=Xilinx.spec -Wl,-T -Wl,../src/lscript.ld -L../../helloworld_bsp/ps7_cortexa9_0/lib -o "montgomery_sw_project.elf"  ./src/asm_add.o ./src/asm_func.o ./src/inner_loop.o ./src/inner_loop3.o ./src/main.o ./src/montgomery.o ./src/mp_arith.o ./src/platform.o   -Wl,--start-group,-lxil,-lgcc,-lc,--end-group
./src/montgomery.o: In function `mont':
/users/start2015/r0575928/Desktop/ddplatforms_2017/ddp_sw/src/sdk/montgomery_sw_project/Debug/../src/montgomery.c:45: undefined reference to `asm_sum4'
collect2: error: ld returned 1 exit status
make[1]: *** [montgomery_sw_project.elf] Error 1
make[1]: Leaving directory `/users/start2015/r0575928/Desktop/ddplatforms_2017/ddp_sw/src/sdk/montgomery_sw_project/Debug'
12:54:29 **** Incremental Build of configuration Debug for project montgomery_sw_project ****
make pre-build main-build 
make[1]: Entering directory `/users/start2015/r0575928/Desktop/ddplatforms_2017/ddp_sw/src/sdk/montgomery_sw_project/Debug'
a9-linaro-pre-build-step
 
Building target: montgomery_sw_project.elf
Invoking: ARM v7 gcc linker
arm-none-eabi-gcc -mcpu=cortex-a9 -mfpu=vfpv3 -mfloat-abi=hard -Wl,-build-id=none -specs=Xilinx.spec -Wl,-T -Wl,../src/lscript.ld -L../../helloworld_bsp/ps7_cortexa9_0/lib -o "montgomery_sw_project.elf"  ./src/asm_add.o ./src/asm_func.o ./src/inner_loop.o ./src/inner_loop3.o ./src/main.o ./src/montgomery.o ./src/mp_arith.o ./src/platform.o   -Wl,--start-group,-lxil,-lgcc,-lc,--end-group
./src/montgomery.o: In function `mont':
/users/start2015/r0575928/Desktop/ddplatforms_2017/ddp_sw/src/sdk/montgomery_sw_project/Debug/../src/montgomery.c:45: undefined reference to `asm_sum4'
make[1]: Leaving directory `/users/start2015/r0575928/Desktop/ddplatforms_2017/ddp_sw/src/sdk/montgomery_sw_project/Debug'
collect2: error: ld returned 1 exit status
make[1]: *** [montgomery_sw_project.elf] Error 1
12:55:18 **** Clean-only build of configuration Debug for project montgomery_sw_project ****
make clean 
make[1]: Entering directory `/users/start2015/r0575928/Desktop/ddplatforms_2017/ddp_sw/src/sdk/montgomery_sw_project/Debug'
rm -rf  ./src/asm_add.o ./src/asm_func.o ./src/inner_loop.o ./src/inner_loop3.o ./src/main.o ./src/montgomery.o ./src/mp_arith.o ./src/platform.o  ./src/asm_add.d ./src/asm_func.d ./src/inner_loop.d ./src/inner_loop3.d  ./src/inner_loop3.d ./src/main.d ./src/montgomery.d ./src/mp_arith.d ./src/platform.d  montgomery_sw_project.elf.size  montgomery_sw_project.elf
 
make[1]: Leaving directory `/users/start2015/r0575928/Desktop/ddplatforms_2017/ddp_sw/src/sdk/montgomery_sw_project/Debug'
12:55:18 **** Clean-only build of project helloworld_bsp ****
make -k clean 
make[1]: Entering directory `/users/start2015/r0575928/Desktop/ddplatforms_2017/ddp_sw/src/sdk/helloworld_bsp'
rm -f ps7_cortexa9_0/lib/libxil.a
make[1]: Leaving directory `/users/start2015/r0575928/Desktop/ddplatforms_2017/ddp_sw/src/sdk/helloworld_bsp'
12:55:19 **** Build of project helloworld_bsp ****
make -k all 
make[1]: Entering directory `/users/start2015/r0575928/Desktop/ddplatforms_2017/ddp_sw/src/sdk/helloworld_bsp'
Running Make include in ps7_cortexa9_0/libsrc/qspips_v3_3/src
make -C ps7_cortexa9_0/libsrc/qspips_v3_3/src -s include  "SHELL=/bin/sh" "COMPILER=arm-none-eabi-gcc" "ARCHIVER=arm-none-eabi-ar" "COMPILER_FLAGS=  -O2 -c" "EXTRA_COMPILER_FLAGS=-mcpu=cortex-a9 -mfpu=vfpv3 -mfloat-abi=hard -nostartfiles"
make[2]: Entering directory `/users/start2015/r0575928/Desktop/ddplatforms_2017/ddp_sw/src/sdk/helloworld_bsp/ps7_cortexa9_0/libsrc/qspips_v3_3/src'
make[2]: Leaving directory `/users/start2015/r0575928/Desktop/ddplatforms_2017/ddp_sw/src/sdk/helloworld_bsp/ps7_cortexa9_0/libsrc/qspips_v3_3/src'
Running Make include in ps7_cortexa9_0/libsrc/ddrps_v1_0/src
make -C ps7_cortexa9_0/libsrc/ddrps_v1_0/src -s include  "SHELL=/bin/sh" "COMPILER=arm-none-eabi-gcc" "ARCHIVER=arm-none-eabi-ar" "COMPILER_FLAGS=  -O2 -c" "EXTRA_COMPILER_FLAGS=-mcpu=cortex-a9 -mfpu=vfpv3 -mfloat-abi=hard -nostartfiles"
make[2]: Entering directory `/users/start2015/r0575928/Desktop/ddplatforms_2017/ddp_sw/src/sdk/helloworld_bsp/ps7_cortexa9_0/libsrc/ddrps_v1_0/src'
make[2]: Leaving directory `/users/start2015/r0575928/Desktop/ddplatforms_2017/ddp_sw/src/sdk/helloworld_bsp/ps7_cortexa9_0/libsrc/ddrps_v1_0/src'
Running Make include in ps7_cortexa9_0/libsrc/gpio_v4_1/src
make -C ps7_cortexa9_0/libsrc/gpio_v4_1/src -s include  "SHELL=/bin/sh" "COMPILER=arm-none-eabi-gcc" "ARCHIVER=arm-none-eabi-ar" "COMPILER_FLAGS=  -O2 -c" "EXTRA_COMPILER_FLAGS=-mcpu=cortex-a9 -mfpu=vfpv3 -mfloat-abi=hard -nostartfiles"
make[2]: Entering directory `/users/start2015/r0575928/Desktop/ddplatforms_2017/ddp_sw/src/sdk/helloworld_bsp/ps7_cortexa9_0/libsrc/gpio_v4_1/src'
make[2]: Leaving directory `/users/start2015/r0575928/Desktop/ddplatforms_2017/ddp_sw/src/sdk/helloworld_bsp/ps7_cortexa9_0/libsrc/gpio_v4_1/src'
Running Make include in ps7_cortexa9_0/libsrc/cpu_cortexa9_v2_2/src
make -C ps7_cortexa9_0/libsrc/cpu_cortexa9_v2_2/src -s include  "SHELL=/bin/sh" "COMPILER=arm-none-eabi-gcc" "ARCHIVER=arm-none-eabi-ar" "COMPILER_FLAGS=  -O2 -c" "EXTRA_COMPILER_FLAGS=-mcpu=cortex-a9 -mfpu=vfpv3 -mfloat-abi=hard -nostartfiles"
make[2]: Entering directory `/users/start2015/r0575928/Desktop/ddplatforms_2017/ddp_sw/src/sdk/helloworld_bsp/ps7_cortexa9_0/libsrc/cpu_cortexa9_v2_2/src'
make[2]: Leaving directory `/users/start2015/r0575928/Desktop/ddplatforms_2017/ddp_sw/src/sdk/helloworld_bsp/ps7_cortexa9_0/libsrc/cpu_cortexa9_v2_2/src'
Running Make include in ps7_cortexa9_0/libsrc/sdps_v2_8/src
make -C ps7_cortexa9_0/libsrc/sdps_v2_8/src -s include  "SHELL=/bin/sh" "COMPILER=arm-none-eabi-gcc" "ARCHIVER=arm-none-eabi-ar" "COMPILER_FLAGS=  -O2 -c" "EXTRA_COMPILER_FLAGS=-mcpu=cortex-a9 -mfpu=vfpv3 -mfloat-abi=hard -nostartfiles"
make[2]: Entering directory `/users/start2015/r0575928/Desktop/ddplatforms_2017/ddp_sw/src/sdk/helloworld_bsp/ps7_cortexa9_0/libsrc/sdps_v2_8/src'
make[2]: Leaving directory `/users/start2015/r0575928/Desktop/ddplatforms_2017/ddp_sw/src/sdk/helloworld_bsp/ps7_cortexa9_0/libsrc/sdps_v2_8/src'
Running Make include in ps7_cortexa9_0/libsrc/emacps_v3_2/src
make -C ps7_cortexa9_0/libsrc/emacps_v3_2/src -s include  "SHELL=/bin/sh" "COMPILER=arm-none-eabi-gcc" "ARCHIVER=arm-none-eabi-ar" "COMPILER_FLAGS=  -O2 -c" "EXTRA_COMPILER_FLAGS=-mcpu=cortex-a9 -mfpu=vfpv3 -mfloat-abi=hard -nostartfiles"
make[2]: Entering directory `/users/start2015/r0575928/Desktop/ddplatforms_2017/ddp_sw/src/sdk/helloworld_bsp/ps7_cortexa9_0/libsrc/emacps_v3_2/src'
make[2]: Leaving directory `/users/start2015/r0575928/Desktop/ddplatforms_2017/ddp_sw/src/sdk/helloworld_bsp/ps7_cortexa9_0/libsrc/emacps_v3_2/src'
Running Make include in ps7_cortexa9_0/libsrc/uartps_v3_1/src
make -C ps7_cortexa9_0/libsrc/uartps_v3_1/src -s include  "SHELL=/bin/sh" "COMPILER=arm-none-eabi-gcc" "ARCHIVER=arm-none-eabi-ar" "COMPILER_FLAGS=  -O2 -c" "EXTRA_COMPILER_FLAGS=-mcpu=cortex-a9 -mfpu=vfpv3 -mfloat-abi=hard -nostartfiles"
make[2]: Entering directory `/users/start2015/r0575928/Desktop/ddplatforms_2017/ddp_sw/src/sdk/helloworld_bsp/ps7_cortexa9_0/libsrc/uartps_v3_1/src'
make[2]: Leaving directory `/users/start2015/r0575928/Desktop/ddplatforms_2017/ddp_sw/src/sdk/helloworld_bsp/ps7_cortexa9_0/libsrc/uartps_v3_1/src'
Running Make include in ps7_cortexa9_0/libsrc/scugic_v3_3/src
make -C ps7_cortexa9_0/libsrc/scugic_v3_3/src -s include  "SHELL=/bin/sh" "COMPILER=arm-none-eabi-gcc" "ARCHIVER=arm-none-eabi-ar" "COMPILER_FLAGS=  -O2 -c" "EXTRA_COMPILER_FLAGS=-mcpu=cortex-a9 -mfpu=vfpv3 -mfloat-abi=hard -nostartfiles"
make[2]: Entering directory `/users/start2015/r0575928/Desktop/ddplatforms_2017/ddp_sw/src/sdk/helloworld_bsp/ps7_cortexa9_0/libsrc/scugic_v3_3/src'
make[2]: Leaving directory `/users/start2015/r0575928/Desktop/ddplatforms_2017/ddp_sw/src/sdk/helloworld_bsp/ps7_cortexa9_0/libsrc/scugic_v3_3/src'
Running Make include in ps7_cortexa9_0/libsrc/xadcps_v2_2/src
make -C ps7_cortexa9_0/libsrc/xadcps_v2_2/src -s include  "SHELL=/bin/sh" "COMPILER=arm-none-eabi-gcc" "ARCHIVER=arm-none-eabi-ar" "COMPILER_FLAGS=  -O2 -c" "EXTRA_COMPILER_FLAGS=-mcpu=cortex-a9 -mfpu=vfpv3 -mfloat-abi=hard -nostartfiles"
make[2]: Entering directory `/users/start2015/r0575928/Desktop/ddplatforms_2017/ddp_sw/src/sdk/helloworld_bsp/ps7_cortexa9_0/libsrc/xadcps_v2_2/src'
make[2]: Leaving directory `/users/start2015/r0575928/Desktop/ddplatforms_2017/ddp_sw/src/sdk/helloworld_bsp/ps7_cortexa9_0/libsrc/xadcps_v2_2/src'
Running Make include in ps7_cortexa9_0/libsrc/devcfg_v3_4/src
make -C ps7_cortexa9_0/libsrc/devcfg_v3_4/src -s include  "SHELL=/bin/sh" "COMPILER=arm-none-eabi-gcc" "ARCHIVER=arm-none-eabi-ar" "COMPILER_FLAGS=  -O2 -c" "EXTRA_COMPILER_FLAGS=-mcpu=cortex-a9 -mfpu=vfpv3 -mfloat-abi=hard -nostartfiles"
make[2]: Entering directory `/users/start2015/r0575928/Desktop/ddplatforms_2017/ddp_sw/src/sdk/helloworld_bsp/ps7_cortexa9_0/libsrc/devcfg_v3_4/src'
make[2]: Leaving directory `/users/start2015/r0575928/Desktop/ddplatforms_2017/ddp_sw/src/sdk/helloworld_bsp/ps7_cortexa9_0/libsrc/devcfg_v3_4/src'
Running Make include in ps7_cortexa9_0/libsrc/dmaps_v2_1/src
make -C ps7_cortexa9_0/libsrc/dmaps_v2_1/src -s include  "SHELL=/bin/sh" "COMPILER=arm-none-eabi-gcc" "ARCHIVER=arm-none-eabi-ar" "COMPILER_FLAGS=  -O2 -c" "EXTRA_COMPILER_FLAGS=-mcpu=cortex-a9 -mfpu=vfpv3 -mfloat-abi=hard -nostartfiles"
make[2]: Entering directory `/users/start2015/r0575928/Desktop/ddplatforms_2017/ddp_sw/src/sdk/helloworld_bsp/ps7_cortexa9_0/libsrc/dmaps_v2_1/src'
make[2]: Leaving directory `/users/start2015/r0575928/Desktop/ddplatforms_2017/ddp_sw/src/sdk/helloworld_bsp/ps7_cortexa9_0/libsrc/dmaps_v2_1/src'
[...]
Running Make include in ps7_cortexa9_0/libsrc/scuwdt_v2_1/src
make -C ps7_cortexa9_0/libsrc/scuwdt_v2_1/src -s include  "SHELL=/bin/sh" "COMPILER=arm-none-eabi-gcc" "ARCHIVER=arm-none-eabi-ar" "COMPILER_FLAGS=  -O2 -c" "EXTRA_COMPILER_FLAGS=-mcpu=cortex-a9 -mfpu=vfpv3 -mfloat-abi=hard -nostartfiles"
make[2]: Entering directory `/users/start2015/r0575928/Desktop/ddplatforms_2017/ddp_sw/src/sdk/helloworld_bsp/ps7_cortexa9_0/libsrc/scuwdt_v2_1/src'
make[2]: Leaving directory `/users/start2015/r0575928/Desktop/ddplatforms_2017/ddp_sw/src/sdk/helloworld_bsp/ps7_cortexa9_0/libsrc/scuwdt_v2_1/src'
Running Make include in ps7_cortexa9_0/libsrc/ttcps_v3_1/src
make -C ps7_cortexa9_0/libsrc/ttcps_v3_1/src -s include  "SHELL=/bin/sh" "COMPILER=arm-none-eabi-gcc" "ARCHIVER=arm-none-eabi-ar" "COMPILER_FLAGS=  -O2 -c" "EXTRA_COMPILER_FLAGS=-mcpu=cortex-a9 -mfpu=vfpv3 -mfloat-abi=hard -nostartfiles"
make[2]: Entering directory `/users/start2015/r0575928/Desktop/ddplatforms_2017/ddp_sw/src/sdk/helloworld_bsp/ps7_cortexa9_0/libsrc/ttcps_v3_1/src'
make[2]: Leaving directory `/users/start2015/r0575928/Desktop/ddplatforms_2017/ddp_sw/src/sdk/helloworld_bsp/ps7_cortexa9_0/libsrc/ttcps_v3_1/src'
Running Make include in ps7_cortexa9_0/libsrc/coresightps_dcc_v1_2/src
make -C ps7_cortexa9_0/libsrc/coresightps_dcc_v1_2/src -s include  "SHELL=/bin/sh" "COMPILER=arm-none-eabi-gcc" "ARCHIVER=arm-none-eabi-ar" "COMPILER_FLAGS=  -O2 -c" "EXTRA_COMPILER_FLAGS=-mcpu=cortex-a9 -mfpu=vfpv3 -mfloat-abi=hard -nostartfiles"
make[2]: Entering directory `/users/start2015/r0575928/Desktop/ddplatforms_2017/ddp_sw/src/sdk/helloworld_bsp/ps7_cortexa9_0/libsrc/coresightps_dcc_v1_2/src'
make[2]: Leaving directory `/users/start2015/r0575928/Desktop/ddplatforms_2017/ddp_sw/src/sdk/helloworld_bsp/ps7_cortexa9_0/libsrc/coresightps_dcc_v1_2/src'
Running Make include in ps7_cortexa9_0/libsrc/standalone_v5_5/src
make -C ps7_cortexa9_0/libsrc/standalone_v5_5/src -s include  "SHELL=/bin/sh" "COMPILER=arm-none-eabi-gcc" "ARCHIVER=arm-none-eabi-ar" "COMPILER_FLAGS=  -O2 -c" "EXTRA_COMPILER_FLAGS=-mcpu=cortex-a9 -mfpu=vfpv3 -mfloat-abi=hard -nostartfiles"
make[2]: Entering directory `/users/start2015/r0575928/Desktop/ddplatforms_2017/ddp_sw/src/sdk/helloworld_bsp/ps7_cortexa9_0/libsrc/standalone_v5_5/src'
make[3]: Entering directory `/users/start2015/r0575928/Desktop/ddplatforms_2017/ddp_sw/src/sdk/helloworld_bsp/ps7_cortexa9_0/libsrc/standalone_v5_5/src/profile'
make[3]: Leaving directory `/users/start2015/r0575928/Desktop/ddplatforms_2017/ddp_sw/src/sdk/helloworld_bsp/ps7_cortexa9_0/libsrc/standalone_v5_5/src/profile'
make[2]: Leaving directory `/users/start2015/r0575928/Desktop/ddplatforms_2017/ddp_sw/src/sdk/helloworld_bsp/ps7_cortexa9_0/libsrc/standalone_v5_5/src'
Running Make include in ps7_cortexa9_0/libsrc/usbps_v2_4/src
make -C ps7_cortexa9_0/libsrc/usbps_v2_4/src -s include  "SHELL=/bin/sh" "COMPILER=arm-none-eabi-gcc" "ARCHIVER=arm-none-eabi-ar" "COMPILER_FLAGS=  -O2 -c" "EXTRA_COMPILER_FLAGS=-mcpu=cortex-a9 -mfpu=vfpv3 -mfloat-abi=hard -nostartfiles"
make[2]: Entering directory `/users/start2015/r0575928/Desktop/ddplatforms_2017/ddp_sw/src/sdk/helloworld_bsp/ps7_cortexa9_0/libsrc/usbps_v2_4/src'
make[2]: Leaving directory `/users/start2015/r0575928/Desktop/ddplatforms_2017/ddp_sw/src/sdk/helloworld_bsp/ps7_cortexa9_0/libsrc/usbps_v2_4/src'
Running Make include in ps7_cortexa9_0/libsrc/scutimer_v2_1/src
make -C ps7_cortexa9_0/libsrc/scutimer_v2_1/src -s include  "SHELL=/bin/sh" "COMPILER=arm-none-eabi-gcc" "ARCHIVER=arm-none-eabi-ar" "COMPILER_FLAGS=  -O2 -c" "EXTRA_COMPILER_FLAGS=-mcpu=cortex-a9 -mfpu=vfpv3 -mfloat-abi=hard -nostartfiles"
make[2]: Entering directory `/users/start2015/r0575928/Desktop/ddplatforms_2017/ddp_sw/src/sdk/helloworld_bsp/ps7_cortexa9_0/libsrc/scutimer_v2_1/src'
make[2]: Leaving directory `/users/start2015/r0575928/Desktop/ddplatforms_2017/ddp_sw/src/sdk/helloworld_bsp/ps7_cortexa9_0/libsrc/scutimer_v2_1/src'
Running Make libs in ps7_cortexa9_0/libsrc/qspips_v3_3/src
make -C ps7_cortexa9_0/libsrc/qspips_v3_3/src -s libs  "SHELL=/bin/sh" "COMPILER=arm-none-eabi-gcc" "ARCHIVER=arm-none-eabi-ar" "COMPILER_FLAGS=  -O2 -c" "EXTRA_COMPILER_FLAGS=-mcpu=cortex-a9 -mfpu=vfpv3 -mfloat-abi=hard -nostartfiles"
make[2]: Entering directory `/users/start2015/r0575928/Desktop/ddplatforms_2017/ddp_sw/src/sdk/helloworld_bsp/ps7_cortexa9_0/libsrc/qspips_v3_3/src'
Compiling qspips
arm-none-eabi-ar: creating ../../../lib/libxil.a
make[2]: Leaving directory `/users/start2015/r0575928/Desktop/ddplatforms_2017/ddp_sw/src/sdk/helloworld_bsp/ps7_cortexa9_0/libsrc/qspips_v3_3/src'
Running Make libs in ps7_cortexa9_0/libsrc/ddrps_v1_0/src
make -C ps7_cortexa9_0/libsrc/ddrps_v1_0/src -s libs  "SHELL=/bin/sh" "COMPILER=arm-none-eabi-gcc" "ARCHIVER=arm-none-eabi-ar" "COMPILER_FLAGS=  -O2 -c" "EXTRA_COMPILER_FLAGS=-mcpu=cortex-a9 -mfpu=vfpv3 -mfloat-abi=hard -nostartfiles"
make[2]: Entering directory `/users/start2015/r0575928/Desktop/ddplatforms_2017/ddp_sw/src/sdk/helloworld_bsp/ps7_cortexa9_0/libsrc/ddrps_v1_0/src'
Compiling ddrps
make[2]: Leaving directory `/users/start2015/r0575928/Desktop/ddplatforms_2017/ddp_sw/src/sdk/helloworld_bsp/ps7_cortexa9_0/libsrc/ddrps_v1_0/src'
Running Make libs in ps7_cortexa9_0/libsrc/gpio_v4_1/src
make -C ps7_cortexa9_0/libsrc/gpio_v4_1/src -s libs  "SHELL=/bin/sh" "COMPILER=arm-none-eabi-gcc" "ARCHIVER=arm-none-eabi-ar" "COMPILER_FLAGS=  -O2 -c" "EXTRA_COMPILER_FLAGS=-mcpu=cortex-a9 -mfpu=vfpv3 -mfloat-abi=hard -nostartfiles"
make[2]: Entering directory `/users/start2015/r0575928/Desktop/ddplatforms_2017/ddp_sw/src/sdk/helloworld_bsp/ps7_cortexa9_0/libsrc/gpio_v4_1/src'
Compiling gpio
make[3]: Entering directory `/users/start2015/r0575928/Desktop/ddplatforms_2017/ddp_sw/src/sdk/helloworld_bsp/ps7_cortexa9_0/libsrc/gpio_v4_1/src'
make[3]: Leaving directory `/users/start2015/r0575928/Desktop/ddplatforms_2017/ddp_sw/src/sdk/helloworld_bsp/ps7_cortexa9_0/libsrc/gpio_v4_1/src'
make[2]: Leaving directory `/users/start2015/r0575928/Desktop/ddplatforms_2017/ddp_sw/src/sdk/helloworld_bsp/ps7_cortexa9_0/libsrc/gpio_v4_1/src'
Running Make libs in ps7_cortexa9_0/libsrc/cpu_cortexa9_v2_2/src
make -C ps7_cortexa9_0/libsrc/cpu_cortexa9_v2_2/src -s libs  "SHELL=/bin/sh" "COMPILER=arm-none-eabi-gcc" "ARCHIVER=arm-none-eabi-ar" "COMPILER_FLAGS=  -O2 -c" "EXTRA_COMPILER_FLAGS=-mcpu=cortex-a9 -mfpu=vfpv3 -mfloat-abi=hard -nostartfiles"
make[2]: Entering directory `/users/start2015/r0575928/Desktop/ddplatforms_2017/ddp_sw/src/sdk/helloworld_bsp/ps7_cortexa9_0/libsrc/cpu_cortexa9_v2_2/src'
Compiling cpu_cortexa9
make[2]: Leaving directory `/users/start2015/r0575928/Desktop/ddplatforms_2017/ddp_sw/src/sdk/helloworld_bsp/ps7_cortexa9_0/libsrc/cpu_cortexa9_v2_2/src'
Running Make libs in ps7_cortexa9_0/libsrc/sdps_v2_8/src
make -C ps7_cortexa9_0/libsrc/sdps_v2_8/src -s libs  "SHELL=/bin/sh" "COMPILER=arm-none-eabi-gcc" "ARCHIVER=arm-none-eabi-ar" "COMPILER_FLAGS=  -O2 -c" "EXTRA_COMPILER_FLAGS=-mcpu=cortex-a9 -mfpu=vfpv3 -mfloat-abi=hard -nostartfiles"
make[2]: Entering directory `/users/start2015/r0575928/Desktop/ddplatforms_2017/ddp_sw/src/sdk/helloworld_bsp/ps7_cortexa9_0/libsrc/sdps_v2_8/src'
Compiling sdps
make[2]: Leaving directory `/users/start2015/r0575928/Desktop/ddplatforms_2017/ddp_sw/src/sdk/helloworld_bsp/ps7_cortexa9_0/libsrc/sdps_v2_8/src'
Running Make libs in ps7_cortexa9_0/libsrc/emacps_v3_2/src
make -C ps7_cortexa9_0/libsrc/emacps_v3_2/src -s libs  "SHELL=/bin/sh" "COMPILER=arm-none-eabi-gcc" "ARCHIVER=arm-none-eabi-ar" "COMPILER_FLAGS=  -O2 -c" "EXTRA_COMPILER_FLAGS=-mcpu=cortex-a9 -mfpu=vfpv3 -mfloat-abi=hard -nostartfiles"
make[2]: Entering directory `/users/start2015/r0575928/Desktop/ddplatforms_2017/ddp_sw/src/sdk/helloworld_bsp/ps7_cortexa9_0/libsrc/emacps_v3_2/src'
Compiling emacps
make[2]: Leaving directory `/users/start2015/r0575928/Desktop/ddplatforms_2017/ddp_sw/src/sdk/helloworld_bsp/ps7_cortexa9_0/libsrc/emacps_v3_2/src'
Running Make libs in ps7_cortexa9_0/libsrc/uartps_v3_1/src
make -C ps7_cortexa9_0/libsrc/uartps_v3_1/src -s libs  "SHELL=/bin/sh" "COMPILER=arm-none-eabi-gcc" "ARCHIVER=arm-none-eabi-ar" "COMPILER_FLAGS=  -O2 -c" "EXTRA_COMPILER_FLAGS=-mcpu=cortex-a9 -mfpu=vfpv3 -mfloat-abi=hard -nostartfiles"
make[2]: Entering directory `/users/start2015/r0575928/Desktop/ddplatforms_2017/ddp_sw/src/sdk/helloworld_bsp/ps7_cortexa9_0/libsrc/uartps_v3_1/src'
Compiling uartps
make[2]: Leaving directory `/users/start2015/r0575928/Desktop/ddplatforms_2017/ddp_sw/src/sdk/helloworld_bsp/ps7_cortexa9_0/libsrc/uartps_v3_1/src'
Running Make libs in ps7_cortexa9_0/libsrc/scugic_v3_3/src
make -C ps7_cortexa9_0/libsrc/scugic_v3_3/src -s libs  "SHELL=/bin/sh" "COMPILER=arm-none-eabi-gcc" "ARCHIVER=arm-none-eabi-ar" "COMPILER_FLAGS=  -O2 -c" "EXTRA_COMPILER_FLAGS=-mcpu=cortex-a9 -mfpu=vfpv3 -mfloat-abi=hard -nostartfiles"
make[2]: Entering directory `/users/start2015/r0575928/Desktop/ddplatforms_2017/ddp_sw/src/sdk/helloworld_bsp/ps7_cortexa9_0/libsrc/scugic_v3_3/src'
Compiling scugic
make[2]: Leaving directory `/users/start2015/r0575928/Desktop/ddplatforms_2017/ddp_sw/src/sdk/helloworld_bsp/ps7_cortexa9_0/libsrc/scugic_v3_3/src'
Running Make libs in ps7_cortexa9_0/libsrc/xadcps_v2_2/src
make -C ps7_cortexa9_0/libsrc/xadcps_v2_2/src -s libs  "SHELL=/bin/sh" "COMPILER=arm-none-eabi-gcc" "ARCHIVER=arm-none-eabi-ar" "COMPILER_FLAGS=  -O2 -c" "EXTRA_COMPILER_FLAGS=-mcpu=cortex-a9 -mfpu=vfpv3 -mfloat-abi=hard -nostartfiles"
make[2]: Entering directory `/users/start2015/r0575928/Desktop/ddplatforms_2017/ddp_sw/src/sdk/helloworld_bsp/ps7_cortexa9_0/libsrc/xadcps_v2_2/src'
Compiling xadcps
make[2]: Leaving directory `/users/start2015/r0575928/Desktop/ddplatforms_2017/ddp_sw/src/sdk/helloworld_bsp/ps7_cortexa9_0/libsrc/xadcps_v2_2/src'
Running Make libs in ps7_cortexa9_0/libsrc/devcfg_v3_4/src
make -C ps7_cortexa9_0/libsrc/devcfg_v3_4/src -s libs  "SHELL=/bin/sh" "COMPILER=arm-none-eabi-gcc" "ARCHIVER=arm-none-eabi-ar" "COMPILER_FLAGS=  -O2 -c" "EXTRA_COMPILER_FLAGS=-mcpu=cortex-a9 -mfpu=vfpv3 -mfloat-abi=hard -nostartfiles"
make[2]: Entering directory `/users/start2015/r0575928/Desktop/ddplatforms_2017/ddp_sw/src/sdk/helloworld_bsp/ps7_cortexa9_0/libsrc/devcfg_v3_4/src'
Compiling devcfg
make[2]: Leaving directory `/users/start2015/r0575928/Desktop/ddplatforms_2017/ddp_sw/src/sdk/helloworld_bsp/ps7_cortexa9_0/libsrc/devcfg_v3_4/src'
Running Make libs in ps7_cortexa9_0/libsrc/dmaps_v2_1/src
make -C ps7_cortexa9_0/libsrc/dmaps_v2_1/src -s libs  "SHELL=/bin/sh" "COMPILER=arm-none-eabi-gcc" "ARCHIVER=arm-none-eabi-ar" "COMPILER_FLAGS=  -O2 -c" "EXTRA_COMPILER_FLAGS=-mcpu=cortex-a9 -mfpu=vfpv3 -mfloat-abi=hard -nostartfiles"
make[2]: Entering directory `/users/start2015/r0575928/Desktop/ddplatforms_2017/ddp_sw/src/sdk/helloworld_bsp/ps7_cortexa9_0/libsrc/dmaps_v2_1/src'
Compiling dmaps
make[2]: Leaving directory `/users/start2015/r0575928/Desktop/ddplatforms_2017/ddp_sw/src/sdk/helloworld_bsp/ps7_cortexa9_0/libsrc/dmaps_v2_1/src'
Running Make libs in ps7_cortexa9_0/libsrc/gpiops_v3_1/src
make -C ps7_cortexa9_0/libsrc/gpiops_v3_1/src -s libs  "SHELL=/bin/sh" "COMPILER=arm-none-eabi-gcc" "ARCHIVER=arm-none-eabi-ar" "COMPILER_FLAGS=  -O2 -c" "EXTRA_COMPILER_FLAGS=-mcpu=cortex-a9 -mfpu=vfpv3 -mfloat-abi=hard -nostartfiles"
make[2]: Entering directory `/users/start2015/r0575928/Desktop/ddplatforms_2017/ddp_sw/src/sdk/helloworld_bsp/ps7_cortexa9_0/libsrc/gpiops_v3_1/src'
Compiling gpiops
make[2]: Leaving directory `/users/start2015/r0575928/Desktop/ddplatforms_2017/ddp_sw/src/sdk/helloworld_bsp/ps7_cortexa9_0/libsrc/gpiops_v3_1/src'
Running Make libs in ps7_cortexa9_0/libsrc/scuwdt_v2_1/src
make -C ps7_cortexa9_0/libsrc/scuwdt_v2_1/src -s libs  "SHELL=/bin/sh" "COMPILER=arm-none-eabi-gcc" "ARCHIVER=arm-none-eabi-ar" "COMPILER_FLAGS=  -O2 -c" "EXTRA_COMPILER_FLAGS=-mcpu=cortex-a9 -mfpu=vfpv3 -mfloat-abi=hard -nostartfiles"
make[2]: Entering directory `/users/start2015/r0575928/Desktop/ddplatforms_2017/ddp_sw/src/sdk/helloworld_bsp/ps7_cortexa9_0/libsrc/scuwdt_v2_1/src'
Compiling scuwdt
make[2]: Leaving directory `/users/start2015/r0575928/Desktop/ddplatforms_2017/ddp_sw/src/sdk/helloworld_bsp/ps7_cortexa9_0/libsrc/scuwdt_v2_1/src'
Running Make libs in ps7_cortexa9_0/libsrc/ttcps_v3_1/src
make -C ps7_cortexa9_0/libsrc/ttcps_v3_1/src -s libs  "SHELL=/bin/sh" "COMPILER=arm-none-eabi-gcc" "ARCHIVER=arm-none-eabi-ar" "COMPILER_FLAGS=  -O2 -c" "EXTRA_COMPILER_FLAGS=-mcpu=cortex-a9 -mfpu=vfpv3 -mfloat-abi=hard -nostartfiles"
make[2]: Entering directory `/users/start2015/r0575928/Desktop/ddplatforms_2017/ddp_sw/src/sdk/helloworld_bsp/ps7_cortexa9_0/libsrc/ttcps_v3_1/src'
Compiling ttcps
make[2]: Leaving directory `/users/start2015/r0575928/Desktop/ddplatforms_2017/ddp_sw/src/sdk/helloworld_bsp/ps7_cortexa9_0/libsrc/ttcps_v3_1/src'
Running Make libs in ps7_cortexa9_0/libsrc/coresightps_dcc_v1_2/src
make -C ps7_cortexa9_0/libsrc/coresightps_dcc_v1_2/src -s libs  "SHELL=/bin/sh" "COMPILER=arm-none-eabi-gcc" "ARCHIVER=arm-none-eabi-ar" "COMPILER_FLAGS=  -O2 -c" "EXTRA_COMPILER_FLAGS=-mcpu=cortex-a9 -mfpu=vfpv3 -mfloat-abi=hard -nostartfiles"
make[2]: Entering directory `/users/start2015/r0575928/Desktop/ddplatforms_2017/ddp_sw/src/sdk/helloworld_bsp/ps7_cortexa9_0/libsrc/coresightps_dcc_v1_2/src'
Compiling coresightps_dcc
make[2]: Leaving directory `/users/start2015/r0575928/Desktop/ddplatforms_2017/ddp_sw/src/sdk/helloworld_bsp/ps7_cortexa9_0/libsrc/coresightps_dcc_v1_2/src'
Running Make libs in ps7_cortexa9_0/libsrc/standalone_v5_5/src
make -C ps7_cortexa9_0/libsrc/standalone_v5_5/src -s libs  "SHELL=/bin/sh" "COMPILER=arm-none-eabi-gcc" "ARCHIVER=arm-none-eabi-ar" "COMPILER_FLAGS=  -O2 -c" "EXTRA_COMPILER_FLAGS=-mcpu=cortex-a9 -mfpu=vfpv3 -mfloat-abi=hard -nostartfiles"
make[2]: Entering directory `/users/start2015/r0575928/Desktop/ddplatforms_2017/ddp_sw/src/sdk/helloworld_bsp/ps7_cortexa9_0/libsrc/standalone_v5_5/src'
Compiling standalone
make[2]: Leaving directory `/users/start2015/r0575928/Desktop/ddplatforms_2017/ddp_sw/src/sdk/helloworld_bsp/ps7_cortexa9_0/libsrc/standalone_v5_5/src'
Running Make libs in ps7_cortexa9_0/libsrc/usbps_v2_4/src
make -C ps7_cortexa9_0/libsrc/usbps_v2_4/src -s libs  "SHELL=/bin/sh" "COMPILER=arm-none-eabi-gcc" "ARCHIVER=arm-none-eabi-ar" "COMPILER_FLAGS=  -O2 -c" "EXTRA_COMPILER_FLAGS=-mcpu=cortex-a9 -mfpu=vfpv3 -mfloat-abi=hard -nostartfiles"
make[2]: Entering directory `/users/start2015/r0575928/Desktop/ddplatforms_2017/ddp_sw/src/sdk/helloworld_bsp/ps7_cortexa9_0/libsrc/usbps_v2_4/src'
Compiling usbps
make[2]: Leaving directory `/users/start2015/r0575928/Desktop/ddplatforms_2017/ddp_sw/src/sdk/helloworld_bsp/ps7_cortexa9_0/libsrc/usbps_v2_4/src'
Running Make libs in ps7_cortexa9_0/libsrc/scutimer_v2_1/src
make -C ps7_cortexa9_0/libsrc/scutimer_v2_1/src -s libs  "SHELL=/bin/sh" "COMPILER=arm-none-eabi-gcc" "ARCHIVER=arm-none-eabi-ar" "COMPILER_FLAGS=  -O2 -c" "EXTRA_COMPILER_FLAGS=-mcpu=cortex-a9 -mfpu=vfpv3 -mfloat-abi=hard -nostartfiles"
make[2]: Entering directory `/users/start2015/r0575928/Desktop/ddplatforms_2017/ddp_sw/src/sdk/helloworld_bsp/ps7_cortexa9_0/libsrc/scutimer_v2_1/src'
Compiling scutimer
make[2]: Leaving directory `/users/start2015/r0575928/Desktop/ddplatforms_2017/ddp_sw/src/sdk/helloworld_bsp/ps7_cortexa9_0/libsrc/scutimer_v2_1/src'
Finished building libraries
make[1]: Leaving directory `/users/start2015/r0575928/Desktop/ddplatforms_2017/ddp_sw/src/sdk/helloworld_bsp'
12:55:28 **** Build of configuration Debug for project montgomery_sw_project ****
make pre-build main-build 
make[1]: Entering directory `/users/start2015/r0575928/Desktop/ddplatforms_2017/ddp_sw/src/sdk/montgomery_sw_project/Debug'
a9-linaro-pre-build-step
 
Building file: ../src/asm_add.S
Invoking: ARM v7 gcc compiler
arm-none-eabi-gcc -Wall -O0 -g3 -c -fmessage-length=0 -MT"src/asm_add.o" -mcpu=cortex-a9 -mfpu=vfpv3 -mfloat-abi=hard -I../../helloworld_bsp/ps7_cortexa9_0/include -MMD -MP -MF"src/asm_add.d" -MT"src/asm_add.o" -o "src/asm_add.o" "../src/asm_add.S"
Finished building: ../src/asm_add.S
 
Building file: ../src/asm_func.S
Invoking: ARM v7 gcc compiler
arm-none-eabi-gcc -Wall -O0 -g3 -c -fmessage-length=0 -MT"src/asm_func.o" -mcpu=cortex-a9 -mfpu=vfpv3 -mfloat-abi=hard -I../../helloworld_bsp/ps7_cortexa9_0/include -MMD -MP -MF"src/asm_func.d" -MT"src/asm_func.o" -o "src/asm_func.o" "../src/asm_func.S"
Finished building: ../src/asm_func.S
 
Building file: ../src/inner_loop.S
Invoking: ARM v7 gcc compiler
arm-none-eabi-gcc -Wall -O0 -g3 -c -fmessage-length=0 -MT"src/inner_loop.o" -mcpu=cortex-a9 -mfpu=vfpv3 -mfloat-abi=hard -I../../helloworld_bsp/ps7_cortexa9_0/include -MMD -MP -MF"src/inner_loop.d" -MT"src/inner_loop.o" -o "src/inner_loop.o" "../src/inner_loop.S"
Finished building: ../src/inner_loop.S
 
Building file: ../src/inner_loop3.S
Invoking: ARM v7 gcc compiler
arm-none-eabi-gcc -Wall -O0 -g3 -c -fmessage-length=0 -MT"src/inner_loop3.o" -mcpu=cortex-a9 -mfpu=vfpv3 -mfloat-abi=hard -I../../helloworld_bsp/ps7_cortexa9_0/include -MMD -MP -MF"src/inner_loop3.d" -MT"src/inner_loop3.o" -o "src/inner_loop3.o" "../src/inner_loop3.S"
Finished building: ../src/inner_loop3.S
 
Building file: ../src/main.c
Invoking: ARM v7 gcc compiler
arm-none-eabi-gcc -Wall -O0 -g3 -c -fmessage-length=0 -MT"src/main.o" -mcpu=cortex-a9 -mfpu=vfpv3 -mfloat-abi=hard -I../../helloworld_bsp/ps7_cortexa9_0/include -MMD -MP -MF"src/main.d" -MT"src/main.o" -o "src/main.o" "../src/main.c"
Finished building: ../src/main.c
 
Building file: ../src/montgomery.c
Invoking: ARM v7 gcc compiler
arm-none-eabi-gcc -Wall -O0 -g3 -c -fmessage-length=0 -MT"src/montgomery.o" -mcpu=cortex-a9 -mfpu=vfpv3 -mfloat-abi=hard -I../../helloworld_bsp/ps7_cortexa9_0/include -MMD -MP -MF"src/montgomery.d" -MT"src/montgomery.o" -o "src/montgomery.o" "../src/montgomery.c"
Finished building: ../src/montgomery.c
 
Building file: ../src/mp_arith.c
Invoking: ARM v7 gcc compiler
arm-none-eabi-gcc -Wall -O0 -g3 -c -fmessage-length=0 -MT"src/mp_arith.o" -mcpu=cortex-a9 -mfpu=vfpv3 -mfloat-abi=hard -I../../helloworld_bsp/ps7_cortexa9_0/include -MMD -MP -MF"src/mp_arith.d" -MT"src/mp_arith.o" -o "src/mp_arith.o" "../src/mp_arith.c"
Finished building: ../src/mp_arith.c
 
Building file: ../src/platform.c
Invoking: ARM v7 gcc compiler
arm-none-eabi-gcc -Wall -O0 -g3 -c -fmessage-length=0 -MT"src/platform.o" -mcpu=cortex-a9 -mfpu=vfpv3 -mfloat-abi=hard -I../../helloworld_bsp/ps7_cortexa9_0/include -MMD -MP -MF"src/platform.d" -MT"src/platform.o" -o "src/platform.o" "../src/platform.c"
Finished building: ../src/platform.c
 
Building target: montgomery_sw_project.elf
Invoking: ARM v7 gcc linker
arm-none-eabi-gcc -mcpu=cortex-a9 -mfpu=vfpv3 -mfloat-abi=hard -Wl,-build-id=none -specs=Xilinx.spec -Wl,-T -Wl,../src/lscript.ld -L../../helloworld_bsp/ps7_cortexa9_0/lib -o "montgomery_sw_project.elf"  ./src/asm_add.o ./src/asm_func.o ./src/inner_loop.o ./src/inner_loop3.o ./src/main.o ./src/montgomery.o ./src/mp_arith.o ./src/platform.o   -Wl,--start-group,-lxil,-lgcc,-lc,--end-group
Finished building target: montgomery_sw_project.elf
 
Invoking: ARM v7 Print Size
arm-none-eabi-size montgomery_sw_project.elf  |tee "montgomery_sw_project.elf.size"
   text	   data	    bss	    dec	    hex	filename
  27980	   1672	  23220	  52872	   ce88	montgomery_sw_project.elf
Finished building: montgomery_sw_project.elf.size
 
make[1]: Leaving directory `/users/start2015/r0575928/Desktop/ddplatforms_2017/ddp_sw/src/sdk/montgomery_sw_project/Debug'
12:55:38 **** Incremental Build of configuration Debug for project montgomery_sw_project ****
make pre-build main-build 
make[1]: Entering directory `/users/start2015/r0575928/Desktop/ddplatforms_2017/ddp_sw/src/sdk/montgomery_sw_project/Debug'
a9-linaro-pre-build-step
 
make[1]: Nothing to be done for `main-build'.
make[1]: Leaving directory `/users/start2015/r0575928/Desktop/ddplatforms_2017/ddp_sw/src/sdk/montgomery_sw_project/Debug'
