Copyright 1986-2016 Xilinx, Inc. All Rights Reserved.
-------------------------------------------------------------------------------------------------
| Tool Version : Vivado v.2016.2 (lin64) Build 1577090 Thu Jun  2 16:32:35 MDT 2016
| Date         : Tue Oct 24 20:17:11 2017
| Host         : pc-klas1-5.esat.kuleuven.be running 64-bit CentOS Linux release 7.4.1708 (Core)
| Command      : report_control_sets -verbose -file hweval_adder_control_sets_placed.rpt
| Design       : hweval_adder
| Device       : xc7z010
-------------------------------------------------------------------------------------------------

Control Set Information

Table of Contents
-----------------
1. Summary
2. Flip-Flop Distribution
3. Detailed Control Set Information

1. Summary
----------

+----------------------------------------------------------+-------+
|                          Status                          | Count |
+----------------------------------------------------------+-------+
| Number of unique control sets                            |     4 |
| Unused register locations in slices containing registers |    10 |
+----------------------------------------------------------+-------+


2. Flip-Flop Distribution
-------------------------

+--------------+-----------------------+------------------------+-----------------+--------------+
| Clock Enable | Synchronous Set/Reset | Asynchronous Set/Reset | Total Registers | Total Slices |
+--------------+-----------------------+------------------------+-----------------+--------------+
| No           | No                    | No                     |               0 |            0 |
| No           | No                    | Yes                    |               0 |            0 |
| No           | Yes                   | No                     |            1068 |          345 |
| Yes          | No                    | No                     |               0 |            0 |
| Yes          | No                    | Yes                    |               0 |            0 |
| Yes          | Yes                   | No                     |            1538 |          462 |
+--------------+-----------------------+------------------------+-----------------+--------------+


3. Detailed Control Set Information
-----------------------------------

+----------------+-----------------------------+------------------+------------------+----------------+
|  Clock Signal  |        Enable Signal        | Set/Reset Signal | Slice Load Count | Bel Load Count |
+----------------+-----------------------------+------------------+------------------+----------------+
|  clk_IBUF_BUFG | dut/reg_result[513]_i_1_n_0 | dut/p_0_in       |               32 |            172 |
|  clk_IBUF_BUFG | dut/reg_result[341]_i_1_n_0 | dut/p_0_in       |               90 |            342 |
|  clk_IBUF_BUFG | dut/b                       | dut/p_0_in       |              340 |           1024 |
|  clk_IBUF_BUFG |                             | dut/p_0_in       |              345 |           1068 |
+----------------+-----------------------------+------------------+------------------+----------------+


