#-----------------------------------------------------------
# Vivado v2016.2 (64-bit)
# SW Build 1577090 on Thu Jun  2 16:32:35 MDT 2016
# IP Build 1577682 on Fri Jun  3 12:00:54 MDT 2016
# Start of session at: Tue Aug  7 10:41:14 2018
# Process ID: 5970
# Current directory: /users/start2016/r0594518/Desktop/Merger/package/rsa-project
# Command line: vivado rsa_project/rsa_project.xpr -tempDir /tmp
# Log file: /users/start2016/r0594518/Desktop/Merger/package/rsa-project/vivado.log
# Journal file: /users/start2016/r0594518/Desktop/Merger/package/rsa-project/vivado.jou
#-----------------------------------------------------------
start_gui
open_project rsa_project/rsa_project.xpr
update_compile_order -fileset sources_1
update_module_reference rsa_project_montgomery_wrapper_0_0
# Disabling source management mode.  This is to allow the top design properties to be set without GUI intervention.
set_property source_mgmt_mode None [current_project]
set_property top tb_montgomery_wrapper [get_filesets sim_1]
set_property top_lib xil_defaultlib [get_filesets sim_1]
# Re-enabling previously disabled source management mode.
set_property source_mgmt_mode All [current_project]
update_compile_order -fileset sim_1
launch_simulation
source tb_montgomery_wrapper.tcl
run all
reset_run synth_1
launch_runs impl_1
wait_on_run impl_1
launch_runs impl_1 -to_step write_bitstream
wait_on_run impl_1
open_run impl_1
file copy -force /users/start2016/r0594518/Desktop/Merger/package/rsa-project/rsa_project/rsa_project.runs/impl_1/rsa_project_wrapper.sysdef /users/start2016/r0594518/Desktop/Merger/package/rsa-project/rsa_project/rsa_project.sdk/rsa_project_wrapper.hdf

launch_sdk -workspace /users/start2016/r0594518/Desktop/Merger/package/rsa-project/rsa_project/rsa_project.sdk -hwspec /users/start2016/r0594518/Desktop/Merger/package/rsa-project/rsa_project/rsa_project.sdk/rsa_project_wrapper.hdf
source ./export_bitstream.tcl
update_module_reference rsa_project_montgomery_wrapper_0_0
# Disabling source management mode.  This is to allow the top design properties to be set without GUI intervention.
set_property source_mgmt_mode None [current_project]
set_property top tb_montgomery [get_filesets sim_1]
set_property top_lib xil_defaultlib [get_filesets sim_1]
# Re-enabling previously disabled source management mode.
set_property source_mgmt_mode All [current_project]
update_compile_order -fileset sim_1
launch_simulation
source tb_montgomery.tcl
run all
set_property STEPS.PLACE_DESIGN.ARGS.DIRECTIVE ExtraPostPlacementOpt [get_runs impl_1]
set_property STEPS.PHYS_OPT_DESIGN.IS_ENABLED true [get_runs impl_1]
set_property STEPS.PHYS_OPT_DESIGN.ARGS.DIRECTIVE AggressiveExplore [get_runs impl_1]
set_property STEPS.ROUTE_DESIGN.ARGS.DIRECTIVE Explore [get_runs impl_1]
set_property STEPS.POST_ROUTE_PHYS_OPT_DESIGN.IS_ENABLED true [get_runs impl_1]
set_property STEPS.POST_ROUTE_PHYS_OPT_DESIGN.ARGS.DIRECTIVE AggressiveExplore [get_runs impl_1]
reset_run synth_1
launch_runs impl_1
wait_on_run impl_1
refresh_design
launch_runs impl_1 -to_step write_bitstream
wait_on_run impl_1
file copy -force /users/start2016/r0594518/Desktop/Merger/package/rsa-project/rsa_project/rsa_project.runs/impl_1/rsa_project_wrapper.sysdef /users/start2016/r0594518/Desktop/Merger/package/rsa-project/rsa_project/rsa_project.sdk/rsa_project_wrapper.hdf

source ./export_bitstream.tcl
