#-----------------------------------------------------------
# Vivado v2016.2 (64-bit)
# SW Build 1577090 on Thu Jun  2 16:32:35 MDT 2016
# IP Build 1577682 on Fri Jun  3 12:00:54 MDT 2016
# Start of session at: Wed Nov 22 16:08:16 2017
# Process ID: 2932
# Current directory: /users/start2015/r0575928/Desktop/ddplatforms_2017/ddp_hw/Hardware_2/rsa-project
# Command line: vivado rsa_project/rsa_project.xpr -tempDir /tmp
# Log file: /users/start2015/r0575928/Desktop/ddplatforms_2017/ddp_hw/Hardware_2/rsa-project/vivado.log
# Journal file: /users/start2015/r0575928/Desktop/ddplatforms_2017/ddp_hw/Hardware_2/rsa-project/vivado.jou
#-----------------------------------------------------------
start_gui
open_project rsa_project/rsa_project.xpr
update_compile_order -fileset sources_1
reset_run synth_1
launch_runs impl_1 -to_step write_bitstream
wait_on_run impl_1
launch_simulation
open_wave_config /users/start2015/r0575928/Desktop/ddplatforms_2017/ddp_hw/Hardware_2/rsa-project/rsa_project/tb_adder_behav.wcfg
source tb_montgomery.tcl
close_sim
launch_simulation
open_wave_config /users/start2015/r0575928/Desktop/ddplatforms_2017/ddp_hw/Hardware_2/rsa-project/rsa_project/tb_adder_behav.wcfg
source tb_montgomery.tcl
restart
run 1 ms
restart
run 50 us
close_sim
launch_simulation
open_wave_config /users/start2015/r0575928/Desktop/ddplatforms_2017/ddp_hw/Hardware_2/rsa-project/rsa_project/tb_adder_behav.wcfg
source tb_montgomery.tcl
restart
run 50 us
close_sim
launch_simulation
open_wave_config /users/start2015/r0575928/Desktop/ddplatforms_2017/ddp_hw/Hardware_2/rsa-project/rsa_project/tb_adder_behav.wcfg
source tb_montgomery.tcl
restart
run 50 us
launch_simulation -mode post-synthesis -type functional
close_sim
launch_simulation
open_wave_config /users/start2015/r0575928/Desktop/ddplatforms_2017/ddp_hw/Hardware_2/rsa-project/rsa_project/tb_adder_behav.wcfg
source tb_montgomery.tcl
restart
run 50 us
close_sim
launch_simulation
open_wave_config /users/start2015/r0575928/Desktop/ddplatforms_2017/ddp_hw/Hardware_2/rsa-project/rsa_project/tb_adder_behav.wcfg
source tb_montgomery.tcl
restart
run 50 us
close_sim
launch_simulation
open_wave_config /users/start2015/r0575928/Desktop/ddplatforms_2017/ddp_hw/Hardware_2/rsa-project/rsa_project/tb_adder_behav.wcfg
source tb_montgomery.tcl
restart
run 50 us
close_sim
