#-----------------------------------------------------------
# Vivado v2016.2 (64-bit)
# SW Build 1577090 on Thu Jun  2 16:32:35 MDT 2016
# IP Build 1577682 on Fri Jun  3 12:00:54 MDT 2016
# Start of session at: Mon Oct 23 19:35:07 2017
# Process ID: 2308
# Current directory: /users/start2015/r0575928/Desktop/ddplatforms_2017/ddp_hw/rsa-project
# Command line: vivado rsa_project/rsa_project.xpr -tempDir /tmp
# Log file: /users/start2015/r0575928/Desktop/ddplatforms_2017/ddp_hw/rsa-project/vivado.log
# Journal file: /users/start2015/r0575928/Desktop/ddplatforms_2017/ddp_hw/rsa-project/vivado.jou
#-----------------------------------------------------------
start_gui
open_project rsa_project/rsa_project.xpr
update_compile_order -fileset sources_1
reset_run synth_1
launch_runs synth_1
wait_on_run synth_1
reset_run synth_1
launch_simulation
source tb_adder.tcl
add_wave {{/tb_adder/dut}} 
restart
run 200 ns
close_sim
launch_simulation
source tb_adder.tcl
restart
run 200 ns
restart
run 200 ns
restart
run 200 ns
close_sim
launch_simulation
source tb_adder.tcl
restart
run 200 ns
restart
run 200 ns
restart
run 200 ns
restart
run 200 ns
close_sim
launch_simulation
source tb_adder.tcl
restart
run 200 ns
restart
run 200 ps
restart
run 200 ns
save_wave_config {/users/start2015/r0575928/Desktop/ddplatforms_2017/ddp_hw/rsa-project/rsa_project/tb_adder_behav.wcfg}
add_files -fileset sim_1 -norecurse /users/start2015/r0575928/Desktop/ddplatforms_2017/ddp_hw/rsa-project/rsa_project/tb_adder_behav.wcfg
set_property xsim.view /users/start2015/r0575928/Desktop/ddplatforms_2017/ddp_hw/rsa-project/rsa_project/tb_adder_behav.wcfg [get_filesets sim_1]
close_sim
launch_simulation
open_wave_config /users/start2015/r0575928/Desktop/ddplatforms_2017/ddp_hw/rsa-project/rsa_project/tb_adder_behav.wcfg
source tb_adder.tcl
close_sim
launch_simulation
open_wave_config /users/start2015/r0575928/Desktop/ddplatforms_2017/ddp_hw/rsa-project/rsa_project/tb_adder_behav.wcfg
source tb_adder.tcl
close_sim
launch_simulation
open_wave_config /users/start2015/r0575928/Desktop/ddplatforms_2017/ddp_hw/rsa-project/rsa_project/tb_adder_behav.wcfg
source tb_adder.tcl
save_wave_config {/users/start2015/r0575928/Desktop/ddplatforms_2017/ddp_hw/rsa-project/rsa_project/tb_adder_behav.wcfg}
close_sim
launch_simulation
open_wave_config /users/start2015/r0575928/Desktop/ddplatforms_2017/ddp_hw/rsa-project/rsa_project/tb_adder_behav.wcfg
source tb_adder.tcl
restart
run 200 ns
save_wave_config {/users/start2015/r0575928/Desktop/ddplatforms_2017/ddp_hw/rsa-project/rsa_project/tb_adder_behav.wcfg}
close_sim
launch_simulation
open_wave_config /users/start2015/r0575928/Desktop/ddplatforms_2017/ddp_hw/rsa-project/rsa_project/tb_adder_behav.wcfg
source tb_adder.tcl
restart
run 200 ns
restart
run 400 ns
restart
run 500 ns
save_wave_config {/users/start2015/r0575928/Desktop/ddplatforms_2017/ddp_hw/rsa-project/rsa_project/tb_adder_behav.wcfg}
restart
run 500 ns
close_sim
launch_simulation
open_wave_config /users/start2015/r0575928/Desktop/ddplatforms_2017/ddp_hw/rsa-project/rsa_project/tb_adder_behav.wcfg
source tb_adder.tcl
close_sim
launch_simulation
open_wave_config /users/start2015/r0575928/Desktop/ddplatforms_2017/ddp_hw/rsa-project/rsa_project/tb_adder_behav.wcfg
source tb_adder.tcl
restart
run 200 ns
save_wave_config {/users/start2015/r0575928/Desktop/ddplatforms_2017/ddp_hw/rsa-project/rsa_project/tb_adder_behav.wcfg}
close_sim
launch_simulation
open_wave_config /users/start2015/r0575928/Desktop/ddplatforms_2017/ddp_hw/rsa-project/rsa_project/tb_adder_behav.wcfg
source tb_adder.tcl
add_force {/tb_adder/dut/a} -radix hex {0 0ns}
add_force {/tb_adder/dut/b} -radix hex {0 0ns}
restart
run 200 ns
close_sim
launch_simulation
open_wave_config /users/start2015/r0575928/Desktop/ddplatforms_2017/ddp_hw/rsa-project/rsa_project/tb_adder_behav.wcfg
source tb_adder.tcl
close_sim
launch_simulation
open_wave_config /users/start2015/r0575928/Desktop/ddplatforms_2017/ddp_hw/rsa-project/rsa_project/tb_adder_behav.wcfg
source tb_adder.tcl
restart
run 200 ns
save_wave_config {/users/start2015/r0575928/Desktop/ddplatforms_2017/ddp_hw/rsa-project/rsa_project/tb_adder_behav.wcfg}
close_sim
launch_simulation
open_wave_config /users/start2015/r0575928/Desktop/ddplatforms_2017/ddp_hw/rsa-project/rsa_project/tb_adder_behav.wcfg
source tb_adder.tcl
save_wave_config {/users/start2015/r0575928/Desktop/ddplatforms_2017/ddp_hw/rsa-project/rsa_project/tb_adder_behav.wcfg}
close_sim
launch_simulation
open_wave_config /users/start2015/r0575928/Desktop/ddplatforms_2017/ddp_hw/rsa-project/rsa_project/tb_adder_behav.wcfg
source tb_adder.tcl
close_sim
launch_simulation
open_wave_config /users/start2015/r0575928/Desktop/ddplatforms_2017/ddp_hw/rsa-project/rsa_project/tb_adder_behav.wcfg
source tb_adder.tcl
close_sim
launch_simulation
open_wave_config /users/start2015/r0575928/Desktop/ddplatforms_2017/ddp_hw/rsa-project/rsa_project/tb_adder_behav.wcfg
source tb_adder.tcl
restart
run all
save_wave_config {/users/start2015/r0575928/Desktop/ddplatforms_2017/ddp_hw/rsa-project/rsa_project/tb_adder_behav.wcfg}
close_sim
